******************************************************************************
                  TI ARM Linker Unix v20.2.2                   
******************************************************************************
>> Linked Fri Apr 22 13:48:17 2022

OUTPUT FILE NAME:   <CSE4352ProjectTwo.out>
ENTRY POINT SYMBOL: "_c_int00_noargs"  address: 00008db9


MEMORY CONFIGURATION

         name            origin    length      used     unused   attr    fill
----------------------  --------  ---------  --------  --------  ----  --------
  FLASH                 00000000   00040000  0000925c  00036da4  R  X
  SRAM                  20000000   00008000  000031b6  00004e4a  RW X


SEGMENT ALLOCATION MAP

run origin  load origin   length   init length attrs members
----------  ----------- ---------- ----------- ----- -------
00000000    00000000    00009260   00009260    r-x
  00000000    00000000    0000026c   0000026c    r-- .intvecs
  0000026c    0000026c    00008da0   00008da0    r-x .text
  00009010    00009010    00000200   00000200    r-- .const
  00009210    00009210    00000050   00000050    r-- .cinit
20000000    20000000    000031b9   00000000    rw-
  20000000    20000000    00002000   00000000    rw- .stack
  20002000    20002000    0000116d   00000000    rw- .bss
  20003170    20003170    00000049   00000000    rw- .data


SECTION ALLOCATION MAP

 output                                  attributes/
section   page    origin      length       input sections
--------  ----  ----------  ----------   ----------------
.intvecs   0    00000000    0000026c     
                  00000000    0000026c     tm4c123gh6pm_startup_ccs.obj (.intvecs)

.text      0    0000026c    00008da0     
                  0000026c    0000132c     eth0.obj (.text)
                  00001598    0000112c     dhcp.obj (.text)
                  000026c4    00000e1c     tcpClient.obj (.text)
                  000034e0    00000c50     ethernet_dhcp.obj (.text)
                  00004130    00000b48     tcpServer.obj (.text)
                  00004c78    00000af0     rtsv7M4_T_le_v4SPD16_eabi.lib : _scanfi.c.obj (.text:__TI_scanfi)
                  00005768    00000a4e                                   : _printfi.c.obj (.text:__TI_printfi)
                  000061b6    00000002                                   : div0.asm.obj (.text)
                  000061b8    000007c0     gpio.obj (.text)
                  00006978    00000460     rtsv7M4_T_le_v4SPD16_eabi.lib : strtod.c.obj (.text:strtod)
                  00006dd8    00000338     timer.obj (.text)
                  00007110    00000270     rtsv7M4_T_le_v4SPD16_eabi.lib : _printfi.c.obj (.text:_pconv_a)
                  00007380    000001dc                                   : strtoll.c.obj (.text:strtoll)
                  0000755c    000001d0                                   : _printfi.c.obj (.text:_pconv_g)
                  0000772c    000001b6                                   : fd_add_t2.asm.obj (.text)
                  000078e2    00000002     --HOLE-- [fill = 0]
                  000078e4    00000160     spi0.obj (.text)
                  00007a44    0000015c     rtsv7M4_T_le_v4SPD16_eabi.lib : strtoull.c.obj (.text:strtoull)
                  00007ba0    0000013c                                   : _printfi.c.obj (.text:_pconv_e)
                  00007cdc    00000136                                   : fd_div_t2.asm.obj (.text)
                  00007e12    00000002     --HOLE-- [fill = 0]
                  00007e14    00000130                                   : strtol.c.obj (.text:strtol)
                  00007f44    00000124                                   : _printfi.c.obj (.text:fcvt)
                  00008068    00000124     uart0.obj (.text)
                  0000818c    00000110     rtsv7M4_T_le_v4SPD16_eabi.lib : s_scalbn.c.obj (.text:scalbn)
                  0000829c    00000110                                   : strtoul.c.obj (.text:strtoul)
                  000083ac    000000fc                                   : fd_mul_t2.asm.obj (.text)
                  000084a8    000000b1                                   : _printfi.c.obj (.text:_ltostr)
                  00008559    00000001     --HOLE-- [fill = 0]
                  0000855a    0000009c                                   : memcpy_t2.asm.obj (.text)
                  000085f6    00000096                                   : ull_div_t2.asm.obj (.text)
                  0000868c    00000086                                   : fd_cmp_t2.asm.obj (.text:__aeabi_cdcmple)
                  00008712    00000086                                   : fd_cmp_t2.asm.obj (.text:__aeabi_cdrcmple)
                  00008798    00000084     eeprom.obj (.text)
                  0000881c    0000007a     rtsv7M4_T_le_v4SPD16_eabi.lib : memset_t2.asm.obj (.text)
                  00008896    0000006e                                   : _printfi.c.obj (.text:_mcpy)
                  00008904    0000006e                                   : fd_tos_t2.asm.obj (.text)
                  00008972    00000002     --HOLE-- [fill = 0]
                  00008974    00000068                                   : sscanf.c.obj (.text:_chkmbc)
                  000089dc    00000068                                   : copy_decompress_lzss.c.obj (.text:decompress:lzss:__TI_decompress_lzss)
                  00008a44    00000064                                   : s_frexp.c.obj (.text:frexp)
                  00008aa8    00000056                                   : _printfi.c.obj (.text:_pconv_f)
                  00008afe    00000054                                   : _ltoa.c.obj (.text:__TI_ltoa)
                  00008b52    00000052                                   : _printfi.c.obj (.text:_ecpy)
                  00008ba4    0000004c                                   : atoi.c.obj (.text:atoi)
                  00008bf0    00000048                                   : fd_toi_t2.asm.obj (.text)
                  00008c38    00000044                                   : autoinit.c.obj (.text:__TI_auto_init_nobinit_nopinit:__TI_auto_init_nobinit_nopinit)
                  00008c7c    00000044                                   : fd_tou_t2.asm.obj (.text)
                  00008cc0    00000040                                   : sprintf.c.obj (.text:sprintf)
                  00008d00    00000040                                   : strtok.c.obj (.text:strtok)
                  00008d40    0000003e                                   : _printfi.c.obj (.text:_fcpy)
                  00008d7e    00000002     --HOLE-- [fill = 0]
                  00008d80    00000038                                   : sscanf.c.obj (.text:sscanf)
                  00008db8    00000034                                   : boot_cortex_m.c.obj (.text:_c_int00_noargs:_c_int00_noargs)
                  00008dec    0000002e                                   : i_tofd_t2.asm.obj (.text)
                  00008e1a    0000002a                                   : strspn.c.obj (.text:strspn)
                  00008e44    00000024                                   : strcspn.c.obj (.text:strcspn)
                  00008e68    00000024     wait.obj (.text)
                  00008e8c    00000020     rtsv7M4_T_le_v4SPD16_eabi.lib : u_tofd_t2.asm.obj (.text)
                  00008eac    0000001c                                   : memccpy.c.obj (.text:memccpy)
                  00008ec8    0000001a                                   : s_copysign.c.obj (.text:copysign)
                  00008ee2    00000018                                   : sprintf.c.obj (.text:_outs)
                  00008efa    00000018                                   : ll_mul_t2.asm.obj (.text)
                  00008f12    00000018                                   : strcmp.c.obj (.text:strcmp)
                  00008f2a    00000018                                   : strrchr.c.obj (.text:strrchr)
                  00008f42    00000016                                   : strchr.c.obj (.text:strchr)
                  00008f58    00000014                                   : strcpy.c.obj (.text:strcpy)
                  00008f6c    00000014                                   : strlen.c.obj (.text:strlen)
                  00008f80    00000012                                   : sscanf.c.obj (.text:_inpchar)
                  00008f92    00000012                                   : wcslen.c.obj (.text:wcslen)
                  00008fa4    00000010     clock.obj (.text)
                  00008fb4    00000010     rtsv7M4_T_le_v4SPD16_eabi.lib : tolower.c.obj (.text:tolower)
                  00008fc4    0000000e                                   : copy_decompress_none.c.obj (.text:decompress:none:__TI_decompress_none)
                  00008fd2    0000000c                                   : copy_zero_init.c.obj (.text:decompress:ZI:__TI_zero_init)
                  00008fde    0000000c     tm4c123gh6pm_startup_ccs.obj (.text)
                  00008fea    0000000a     rtsv7M4_T_le_v4SPD16_eabi.lib : sprintf.c.obj (.text:_outc)
                  00008ff4    00000008                                   : errno.c.obj (.text:__aeabi_errno_addr)
                  00008ffc    00000008                                   : sscanf.c.obj (.text:_uninpchar)
                  00009004    00000004                                   : pre_init.c.obj (.text:_system_pre_init)
                  00009008    00000004                                   : exit.c.obj (.text:abort:abort)

.const     0    00009010    00000200     
                  00009010    00000101     rtsv7M4_T_le_v4SPD16_eabi.lib : ctype.c.obj (.const:.string:_ctypes_)
                  00009111    00000004     ethernet_dhcp.obj (.const:.string:$P$T0$1)
                  00009115    00000003     --HOLE-- [fill = 0]
                  00009118    000000c8     rtsv7M4_T_le_v4SPD16_eabi.lib : strtod.c.obj (.const:$O1$$)
                  000091e0    00000020     tcpClient.obj (.const:.string:$P$T0$1)
                  00009200    00000010     rtsv7M4_T_le_v4SPD16_eabi.lib : _scanfi.c.obj (.const:$O1$$)

.cinit     0    00009210    00000050     
                  00009210    00000026     (.cinit..data.load) [load image, compression = lzss]
                  00009236    00000002     --HOLE-- [fill = 0]
                  00009238    0000000c     (__TI_handler_table)
                  00009244    00000004     --HOLE-- [fill = 0]
                  00009248    00000008     (.cinit..bss.load) [load image, compression = zero_init]
                  00009250    00000010     (__TI_cinit_table)

.init_array 
*          0    00000000    00000000     UNINITIALIZED

.bss       0    20002000    0000116d     UNINITIALIZED
                  20002000    00000fa0     (.common:clientSocket)
                  20002fa0    000000c8     (.common:s)
                  20003068    00000054     (.common:strInput)
                  200030bc    00000028     (.common:fn)
                  200030e4    00000028     (.common:period)
                  2000310c    00000028     (.common:ticks)
                  20003134    0000000c     (.common:reload)
                  20003140    00000004     (.common:domainNameServerAdd)
                  20003144    00000004     (.common:gateWayAdd)
                  20003148    00000004     (.common:globalXid)
                  2000314c    00000004     (.common:ipOfferedAdd)
                  20003150    00000004     (.common:ipTimeServerAdd)
                  20003154    00000004     (.common:leaseTime)
                  20003158    00000004     (.common:serverIdentifierAdd)
                  2000315c    00000004     (.common:subnetMaskAdd)
                  20003160    00000004     (.common:t1LeaseTime)
                  20003164    00000004     (.common:t2LeaseTime)
                  20003168    00000004     (.common:token)
                  2000316c    00000001     (.common:globalIndex)

.data      0    20003170    00000049     UNINITIALIZED
                  20003170    00000009     ethernet_dhcp.obj (.data)
                  20003179    00000006     dhcp.obj (.data)
                  2000317f    00000006     eth0.obj (.data:hwAddress)
                  20003185    00000006     tcpClient.obj (.data:routerMacAddress)
                  2000318b    00000004     tcpClient.obj (.data:adaFruitIp)
                  2000318f    00000004     eth0.obj (.data)
                  20003193    00000004     eth0.obj (.data:ipAddress)
                  20003197    00000004     eth0.obj (.data:ipDnsAddress)
                  2000319b    00000004     eth0.obj (.data:ipGwAddress)
                  2000319f    00000004     eth0.obj (.data:ipSubnetMask)
                  200031a3    00000004     eth0.obj (.data:ipTimeServerAddress)
                  200031a7    00000004     tcpClient.obj (.data:ipTo)
                  200031ab    00000001     --HOLE--
                  200031ac    00000004     rtsv7M4_T_le_v4SPD16_eabi.lib : errno.c.obj (.data)
                  200031b0    00000004                                   : strtok.c.obj (.data)
                  200031b4    00000003     tcpClient.obj (.data)
                  200031b7    00000002     tcpServer.obj (.data)

.stack     0    20000000    00002000     UNINITIALIZED
                  20000000    00000004     rtsv7M4_T_le_v4SPD16_eabi.lib : boot_cortex_m.c.obj (.stack)
                  20000004    00001ffc     --HOLE--

__llvm_prf_cnts 
*          0    20000000    00000000     UNINITIALIZED

MODULE SUMMARY

       Module                         code    ro data   rw data
       ------                         ----    -------   -------
    ./
       tcpServer.obj                  2888    0         4003   
       eth0.obj                       4908    0         30     
       dhcp.obj                       4396    0         46     
       tcpClient.obj                  3612    32        217    
       ethernet_dhcp.obj              3152    4         97     
       gpio.obj                       1984    0         0      
       timer.obj                      824     0         132    
       tm4c123gh6pm_startup_ccs.obj   12      620       0      
       spi0.obj                       352     0         0      
       uart0.obj                      292     0         0      
       eeprom.obj                     132     0         0      
       wait.obj                       36      0         0      
       clock.obj                      16      0         0      
    +--+------------------------------+-------+---------+---------+
       Total:                         22604   656       4525   
                                                               
    /Applications/ti/ccs1020/ccs/tools/compiler/ti-cgt-arm_20.2.2.LTS/lib/rtsv7M4_T_le_v4SPD16_eabi.lib
       _printfi.c.obj                 4851    0         0      
       _scanfi.c.obj                  2800    16        0      
       strtod.c.obj                   1120    200       0      
       strtoll.c.obj                  476     0         0      
       fd_add_t2.asm.obj              438     0         0      
       strtoull.c.obj                 348     0         0      
       fd_div_t2.asm.obj              310     0         0      
       strtol.c.obj                   304     0         0      
       s_scalbn.c.obj                 272     0         0      
       strtoul.c.obj                  272     0         0      
       fd_cmp_t2.asm.obj              268     0         0      
       ctype.c.obj                    0       257       0      
       fd_mul_t2.asm.obj              252     0         0      
       sscanf.c.obj                   186     0         0      
       memcpy_t2.asm.obj              156     0         0      
       ull_div_t2.asm.obj             150     0         0      
       memset_t2.asm.obj              122     0         0      
       fd_tos_t2.asm.obj              110     0         0      
       copy_decompress_lzss.c.obj     104     0         0      
       s_frexp.c.obj                  100     0         0      
       sprintf.c.obj                  98      0         0      
       _ltoa.c.obj                    84      0         0      
       atoi.c.obj                     76      0         0      
       fd_toi_t2.asm.obj              72      0         0      
       autoinit.c.obj                 68      0         0      
       fd_tou_t2.asm.obj              68      0         0      
       strtok.c.obj                   64      0         4      
       boot_cortex_m.c.obj            52      0         0      
       i_tofd_t2.asm.obj              46      0         0      
       strspn.c.obj                   42      0         0      
       strcspn.c.obj                  36      0         0      
       u_tofd_t2.asm.obj              32      0         0      
       memccpy.c.obj                  28      0         0      
       s_copysign.c.obj               26      0         0      
       ll_mul_t2.asm.obj              24      0         0      
       strcmp.c.obj                   24      0         0      
       strrchr.c.obj                  24      0         0      
       strchr.c.obj                   22      0         0      
       strcpy.c.obj                   20      0         0      
       strlen.c.obj                   20      0         0      
       wcslen.c.obj                   18      0         0      
       tolower.c.obj                  16      0         0      
       copy_decompress_none.c.obj     14      0         0      
       copy_zero_init.c.obj           12      0         0      
       errno.c.obj                    8       0         4      
       exit.c.obj                     4       0         0      
       pre_init.c.obj                 4       0         0      
       div0.asm.obj                   2       0         0      
    +--+------------------------------+-------+---------+---------+
       Total:                         13643   473       8      
                                                               
       Stack:                         0       0         8192   
       Linker Generated:              0       74        0      
    +--+------------------------------+-------+---------+---------+
       Grand Total:                   36247   1203      12725  


LINKER GENERATED COPY TABLES

__TI_cinit_table @ 00009250 records: 2, size/record: 8, table size: 16
	.data: load addr=00009210, load size=00000026 bytes, run addr=20003170, run size=00000049 bytes, compression=lzss
	.bss: load addr=00009248, load size=00000008 bytes, run addr=20002000, run size=0000116d bytes, compression=zero_init


LINKER GENERATED HANDLER TABLE

__TI_handler_table @ 00009238 records: 3, size/record: 4, table size: 12
	index: 0, handler: __TI_decompress_lzss
	index: 1, handler: __TI_decompress_none
	index: 2, handler: __TI_zero_init


GLOBAL SYMBOLS: SORTED ALPHABETICALLY BY Name 

address   name                          
-------   ----                          
00009009  C$$EXIT                       
00008fdf  ResetISR                      
20002000  __STACK_END                   
00002000  __STACK_SIZE                  
20000200  __STACK_TOP                   
00009250  __TI_CINIT_Base               
00009260  __TI_CINIT_Limit              
00009238  __TI_Handler_Table_Base       
00009244  __TI_Handler_Table_Limit      
00008c39  __TI_auto_init_nobinit_nopinit
000089dd  __TI_decompress_lzss          
00008fc5  __TI_decompress_none          
00008aff  __TI_ltoa                     
ffffffff  __TI_pprof_out_hndl           
00005769  __TI_printfi                  
ffffffff  __TI_prof_data_size           
ffffffff  __TI_prof_data_start          
00004c79  __TI_scanfi                   
00000000  __TI_static_base__            
00008fd3  __TI_zero_init                
0000868d  __aeabi_cdcmpeq               
0000868d  __aeabi_cdcmple               
00008713  __aeabi_cdrcmple              
00008905  __aeabi_d2f                   
00008bf1  __aeabi_d2iz                  
00008c7d  __aeabi_d2uiz                 
00007737  __aeabi_dadd                  
00007cdd  __aeabi_ddiv                  
000083ad  __aeabi_dmul                  
0000772d  __aeabi_dsub                  
00008ff5  __aeabi_errno_addr            
00008ded  __aeabi_i2d                   
000061b7  __aeabi_idiv0                 
000061b7  __aeabi_ldiv0                 
00008efb  __aeabi_lmul                  
0000881d  __aeabi_memclr                
0000881d  __aeabi_memclr4               
0000881d  __aeabi_memclr8               
0000855b  __aeabi_memcpy                
0000855b  __aeabi_memcpy4               
0000855b  __aeabi_memcpy8               
0000881f  __aeabi_memset                
0000881f  __aeabi_memset4               
0000881f  __aeabi_memset8               
00008e8d  __aeabi_ui2d                  
000085f7  __aeabi_uldivmod              
ffffffff  __binit__                     
ffffffff  __c_args__                    
UNDEFED   __mpu_init                    
20000000  __stack                       
20000000  __start___llvm_prf_cnts       
20000000  __stop___llvm_prf_cnts        
00008db9  _c_int00_noargs               
00009010  _ctypes_                      
UNDEFED   _system_post_cinit            
00009005  _system_pre_init              
00009009  abort                         
2000318b  adaFruitIp                    
00002811  addMqtt                       
2000317b  addressesFlag                 
0000387d  asciiToUint8                  
00008ba5  atoi                          
ffffffff  binit                         
20003172  clientFlag                    
20002000  clientSocket                  
000042bf  clientSocketSetToUnoccupied   
00008ec9  copysign                      
00008ec9  copysignl                     
20003178  count                         
200031b7  dataInSocketFlag              
0000260f  dhcpDisable                   
00002605  dhcpEnable                    
20003192  dhcpEnabled                   
0000265b  dhcpGetLeaseSeconds           
000015ad  dhcpGetState                  
00001fe1  dhcpHandleAck                 
00001de7  dhcpIsAck                     
00002619  dhcpIsEnabled                 
00001f05  dhcpIsNak                     
00001c9f  dhcpIsOffer                   
000025d1  dhcpProcessArpResponse        
000024e5  dhcpProcessDhcpResponse       
0000263b  dhcpRequestRebind             
00002651  dhcpRequestRelease            
0000262b  dhcpRequestRenew              
000015b9  dhcpSendMessage               
00002215  dhcpSendPendingMessages       
00001599  dhcpSetState                  
20003179  dhcpState                     
000067e9  disablePinInterrupt           
00006521  disablePinPulldown            
000064d9  disablePinPullup              
00006275  disablePort                   
00003521  displayConnectionInfo         
00004131  displayTcpClients             
20003140  domainNameServerAdd           
000067c5  enablePinInterrupt            
000064fd  enablePinPulldown             
000064ab  enablePinPullup               
000061b9  enablePort                    
200031ac  errno                         
000008dd  etherCalcIpChecksum           
0000032b  etherClearReg                 
00000283  etherCsOff                    
0000026d  etherCsOn                     
00001221  etherGetId                    
00001297  etherGetIpAddress             
000013f3  etherGetIpDnsAddress          
0000137f  etherGetIpGatewayAddress      
0000130b  etherGetIpSubnetMask          
00001467  etherGetIpTimeServerAddress   
0000152d  etherGetMacAddress            
00000661  etherGetPacket                
00000f25  etherGetUdpData               
0000122d  etherIncId                    
00000477  etherInit                     
00000ba1  etherIsArpRequest             
00000c3f  etherIsArpResponse            
00000617  etherIsDataAvailable          
000010f5  etherIsDhcpResponse           
00000971  etherIsIp                     
000009e1  etherIsIpUnicast              
00001237  etherIsIpValid                
000005fd  etherIsLinkUp                 
00000631  etherIsOverflow               
00000a45  etherIsPingRequest            
0000114f  etherIsTcp                    
00000e7d  etherIsUdp                    
00000751  etherPutPacket                
0000045f  etherReadMem                  
0000044d  etherReadMemStart             
0000046f  etherReadMemStop              
000003b3  etherReadPhy                  
000002c5  etherReadReg                  
00000d69  etherSendArpRequest           
00000c99  etherSendArpResponse          
00000a91  etherSendPingResponse         
00000f55  etherSendUdpResponse          
0000035f  etherSetBank                  
0000125d  etherSetIpAddress             
000013b9  etherSetIpDnsAddress          
00001345  etherSetIpGatewayAddress      
000012d1  etherSetIpSubnetMask          
0000142d  etherSetIpTimeServerAddress   
000014a1  etherSetMacAddress            
000002f7  etherSetReg                   
00000837  etherSumWords                 
00000431  etherWriteMem                 
0000041f  etherWriteMemStart            
00000445  etherWriteMemStop             
0000037b  etherWritePhy                 
00000291  etherWriteReg                 
0000274b  extractTcpData                
000044a5  extractTcpServerData          
200030bc  fn                            
00008a45  frexp                         
00008a45  frexpl                        
00000000  g_pfnVectors                  
20003144  gateWayAdd                    
000042a5  getCurrentClientState         
000026df  getDnsData                    
000008ab  getEtherChecksum              
00001bb9  getOption                     
00006833  getPinValue                   
000068e9  getPortValue                  
000042db  getSocketIndex                
0000813b  getcUart0                     
2000316c  globalIndex                   
20003148  globalXid                     
0000093d  htonl                         
00000919  htons                         
2000317f  hwAddress                     
00008799  initEeprom                    
000034e1  initHw                        
000078e5  initSpi0                      
00008fa5  initSystemClockTo40Mhz        
00006dd9  initTimer                     
00008069  initUart0                     
20003193  ipAddress                     
20003197  ipDnsAddress                  
2000319b  ipGwAddress                   
2000314c  ipOfferedAdd                  
2000319f  ipSubnetMask                  
000021e1  ipTestingHandler              
20003150  ipTimeServerAdd               
200031a3  ipTimeServerAddress           
200031a7  ipTo                          
0000814f  kbhitUart0                    
0000818d  ldexp                         
0000818d  ldexpl                        
20003154  leaseTime                     
00003e91  main                          
00008ead  memccpy                       
0000855b  memcpy                        
00008825  memset                        
200031b5  mqttConnectFlag               
200031b6  mqttDisconnectFlag            
2000318f  nextPacketLsb                 
20003190  nextPacketMsb                 
2000317a  offerTimerFlag                
00002185  offerTimerHandler             
200030e4  period                        
00003955  processShell                  
000043f3  processTcpServerMessage       
000080f3  putcUart0                     
0000810f  putsUart0                     
000070d3  random32                      
000037cf  readConfiguration             
000087e1  readEeprom                    
00007a1d  readSpi0Data                  
2000317e  rebindTimerFlag               
000021d9  rebindTimerHandler            
20003134  reload                        
2000317d  renewTimerFlag                
000021d1  renewTimerHandler             
2000317c  restartLeaseTimerFlag         
00006feb  restartTimer                  
20003185  routerMacAddress              
20002fa0  s                             
0000818d  scalbn                        
0000818d  scalbnl                       
000063df  selectPinAnalogInput          
00006391  selectPinDigitalInput         
000066fb  selectPinInterruptBothEdges   
000066ab  selectPinInterruptFallingEdge 
00006751  selectPinInterruptHighLevel   
0000678b  selectPinInterruptLowLevel    
0000665b  selectPinInterruptRisingEdge  
00006343  selectPinOpenDrainOutput      
000062f5  selectPinPushPullOutput       
200031b8  sendFinFlag                   
20003171  sendFinMessage                
20003170  sendMessageRequest            
000042f5  sendTcpPendingMessage         
20003191  sequenceId                    
20003173  serverFlag                    
20003158  serverIdentifierAdd           
0000426d  setClientState                
00006549  setPinAuxFunction             
0000642f  setPinCommitControl           
0000680d  setPinValue                   
00006865  setPortValue                  
00007981  setSpi0BaudRate               
000079b7  setSpi0Mode                   
000080b3  setUart0BaudRate              
00008cc1  sprintf                       
00008d81  sscanf                        
00006e79  startOneshotTimer             
00006eff  startPeriodicTimer            
00006f85  stopTimer                     
20003068  strInput                      
00008f43  strchr                        
00008f13  strcmp                        
00008f59  strcpy                        
00008e45  strcspn                       
00008f6d  strlen                        
00008f2b  strrchr                       
00008e1b  strspn                        
00006979  strtod                        
00008d01  strtok                        
00007e15  strtol                        
00006979  strtold                       
00007381  strtoll                       
0000829d  strtoul                       
00007a45  strtoull                      
2000315c  subnetMaskAdd                 
20003160  t1LeaseTime                   
0000219b  t1TimerHandler                
20003164  t2LeaseTime                   
000021b1  t2TimerHandler                
000021c7  t3TimerHandler                
0000498d  tcpClientGetAckNumber         
0000496d  tcpClientGetState             
00004221  tcpEndConnectionCommand       
000048c1  tcpGetClientIpAddress         
00004875  tcpGetClientMacAddress        
0000494f  tcpGetClientSeqNumber         
00004915  tcpGetDestPort                
00004935  tcpGetSourcePort              
000026d9  tcpGetState                   
000030d1  tcpIsAck                      
00002ed9  tcpIsFinAck                   
0000327f  tcpIsMqttConAck               
00002d25  tcpIsSynAck                   
00003451  tcpProcessTcpResponse         
00002961  tcpSendMessage                
000049c1  tcpServerSendMessage          
000026c5  tcpSetState                   
200031b4  tcpState                      
00007059  tickIsr                       
2000310c  ticks                         
20003168  token                         
00008fb5  tolower                       
00008e69  waitMicrosecond               
00008f93  wcslen                        
000087af  writeEeprom                   
00007a05  writeSpi0Data                 
20003174  x                             


GLOBAL SYMBOLS: SORTED BY Symbol Address 

address   name                          
-------   ----                          
00000000  __TI_static_base__            
00000000  g_pfnVectors                  
0000026d  etherCsOn                     
00000283  etherCsOff                    
00000291  etherWriteReg                 
000002c5  etherReadReg                  
000002f7  etherSetReg                   
0000032b  etherClearReg                 
0000035f  etherSetBank                  
0000037b  etherWritePhy                 
000003b3  etherReadPhy                  
0000041f  etherWriteMemStart            
00000431  etherWriteMem                 
00000445  etherWriteMemStop             
0000044d  etherReadMemStart             
0000045f  etherReadMem                  
0000046f  etherReadMemStop              
00000477  etherInit                     
000005fd  etherIsLinkUp                 
00000617  etherIsDataAvailable          
00000631  etherIsOverflow               
00000661  etherGetPacket                
00000751  etherPutPacket                
00000837  etherSumWords                 
000008ab  getEtherChecksum              
000008dd  etherCalcIpChecksum           
00000919  htons                         
0000093d  htonl                         
00000971  etherIsIp                     
000009e1  etherIsIpUnicast              
00000a45  etherIsPingRequest            
00000a91  etherSendPingResponse         
00000ba1  etherIsArpRequest             
00000c3f  etherIsArpResponse            
00000c99  etherSendArpResponse          
00000d69  etherSendArpRequest           
00000e7d  etherIsUdp                    
00000f25  etherGetUdpData               
00000f55  etherSendUdpResponse          
000010f5  etherIsDhcpResponse           
0000114f  etherIsTcp                    
00001221  etherGetId                    
0000122d  etherIncId                    
00001237  etherIsIpValid                
0000125d  etherSetIpAddress             
00001297  etherGetIpAddress             
000012d1  etherSetIpSubnetMask          
0000130b  etherGetIpSubnetMask          
00001345  etherSetIpGatewayAddress      
0000137f  etherGetIpGatewayAddress      
000013b9  etherSetIpDnsAddress          
000013f3  etherGetIpDnsAddress          
0000142d  etherSetIpTimeServerAddress   
00001467  etherGetIpTimeServerAddress   
000014a1  etherSetMacAddress            
0000152d  etherGetMacAddress            
00001599  dhcpSetState                  
000015ad  dhcpGetState                  
000015b9  dhcpSendMessage               
00001bb9  getOption                     
00001c9f  dhcpIsOffer                   
00001de7  dhcpIsAck                     
00001f05  dhcpIsNak                     
00001fe1  dhcpHandleAck                 
00002000  __STACK_SIZE                  
00002185  offerTimerHandler             
0000219b  t1TimerHandler                
000021b1  t2TimerHandler                
000021c7  t3TimerHandler                
000021d1  renewTimerHandler             
000021d9  rebindTimerHandler            
000021e1  ipTestingHandler              
00002215  dhcpSendPendingMessages       
000024e5  dhcpProcessDhcpResponse       
000025d1  dhcpProcessArpResponse        
00002605  dhcpEnable                    
0000260f  dhcpDisable                   
00002619  dhcpIsEnabled                 
0000262b  dhcpRequestRenew              
0000263b  dhcpRequestRebind             
00002651  dhcpRequestRelease            
0000265b  dhcpGetLeaseSeconds           
000026c5  tcpSetState                   
000026d9  tcpGetState                   
000026df  getDnsData                    
0000274b  extractTcpData                
00002811  addMqtt                       
00002961  tcpSendMessage                
00002d25  tcpIsSynAck                   
00002ed9  tcpIsFinAck                   
000030d1  tcpIsAck                      
0000327f  tcpIsMqttConAck               
00003451  tcpProcessTcpResponse         
000034e1  initHw                        
00003521  displayConnectionInfo         
000037cf  readConfiguration             
0000387d  asciiToUint8                  
00003955  processShell                  
00003e91  main                          
00004131  displayTcpClients             
00004221  tcpEndConnectionCommand       
0000426d  setClientState                
000042a5  getCurrentClientState         
000042bf  clientSocketSetToUnoccupied   
000042db  getSocketIndex                
000042f5  sendTcpPendingMessage         
000043f3  processTcpServerMessage       
000044a5  extractTcpServerData          
00004875  tcpGetClientMacAddress        
000048c1  tcpGetClientIpAddress         
00004915  tcpGetDestPort                
00004935  tcpGetSourcePort              
0000494f  tcpGetClientSeqNumber         
0000496d  tcpClientGetState             
0000498d  tcpClientGetAckNumber         
000049c1  tcpServerSendMessage          
00004c79  __TI_scanfi                   
00005769  __TI_printfi                  
000061b7  __aeabi_idiv0                 
000061b7  __aeabi_ldiv0                 
000061b9  enablePort                    
00006275  disablePort                   
000062f5  selectPinPushPullOutput       
00006343  selectPinOpenDrainOutput      
00006391  selectPinDigitalInput         
000063df  selectPinAnalogInput          
0000642f  setPinCommitControl           
000064ab  enablePinPullup               
000064d9  disablePinPullup              
000064fd  enablePinPulldown             
00006521  disablePinPulldown            
00006549  setPinAuxFunction             
0000665b  selectPinInterruptRisingEdge  
000066ab  selectPinInterruptFallingEdge 
000066fb  selectPinInterruptBothEdges   
00006751  selectPinInterruptHighLevel   
0000678b  selectPinInterruptLowLevel    
000067c5  enablePinInterrupt            
000067e9  disablePinInterrupt           
0000680d  setPinValue                   
00006833  getPinValue                   
00006865  setPortValue                  
000068e9  getPortValue                  
00006979  strtod                        
00006979  strtold                       
00006dd9  initTimer                     
00006e79  startOneshotTimer             
00006eff  startPeriodicTimer            
00006f85  stopTimer                     
00006feb  restartTimer                  
00007059  tickIsr                       
000070d3  random32                      
00007381  strtoll                       
0000772d  __aeabi_dsub                  
00007737  __aeabi_dadd                  
000078e5  initSpi0                      
00007981  setSpi0BaudRate               
000079b7  setSpi0Mode                   
00007a05  writeSpi0Data                 
00007a1d  readSpi0Data                  
00007a45  strtoull                      
00007cdd  __aeabi_ddiv                  
00007e15  strtol                        
00008069  initUart0                     
000080b3  setUart0BaudRate              
000080f3  putcUart0                     
0000810f  putsUart0                     
0000813b  getcUart0                     
0000814f  kbhitUart0                    
0000818d  ldexp                         
0000818d  ldexpl                        
0000818d  scalbn                        
0000818d  scalbnl                       
0000829d  strtoul                       
000083ad  __aeabi_dmul                  
0000855b  __aeabi_memcpy                
0000855b  __aeabi_memcpy4               
0000855b  __aeabi_memcpy8               
0000855b  memcpy                        
000085f7  __aeabi_uldivmod              
0000868d  __aeabi_cdcmpeq               
0000868d  __aeabi_cdcmple               
00008713  __aeabi_cdrcmple              
00008799  initEeprom                    
000087af  writeEeprom                   
000087e1  readEeprom                    
0000881d  __aeabi_memclr                
0000881d  __aeabi_memclr4               
0000881d  __aeabi_memclr8               
0000881f  __aeabi_memset                
0000881f  __aeabi_memset4               
0000881f  __aeabi_memset8               
00008825  memset                        
00008905  __aeabi_d2f                   
000089dd  __TI_decompress_lzss          
00008a45  frexp                         
00008a45  frexpl                        
00008aff  __TI_ltoa                     
00008ba5  atoi                          
00008bf1  __aeabi_d2iz                  
00008c39  __TI_auto_init_nobinit_nopinit
00008c7d  __aeabi_d2uiz                 
00008cc1  sprintf                       
00008d01  strtok                        
00008d81  sscanf                        
00008db9  _c_int00_noargs               
00008ded  __aeabi_i2d                   
00008e1b  strspn                        
00008e45  strcspn                       
00008e69  waitMicrosecond               
00008e8d  __aeabi_ui2d                  
00008ead  memccpy                       
00008ec9  copysign                      
00008ec9  copysignl                     
00008efb  __aeabi_lmul                  
00008f13  strcmp                        
00008f2b  strrchr                       
00008f43  strchr                        
00008f59  strcpy                        
00008f6d  strlen                        
00008f93  wcslen                        
00008fa5  initSystemClockTo40Mhz        
00008fb5  tolower                       
00008fc5  __TI_decompress_none          
00008fd3  __TI_zero_init                
00008fdf  ResetISR                      
00008ff5  __aeabi_errno_addr            
00009005  _system_pre_init              
00009009  C$$EXIT                       
00009009  abort                         
00009010  _ctypes_                      
00009238  __TI_Handler_Table_Base       
00009244  __TI_Handler_Table_Limit      
00009250  __TI_CINIT_Base               
00009260  __TI_CINIT_Limit              
20000000  __stack                       
20000000  __start___llvm_prf_cnts       
20000000  __stop___llvm_prf_cnts        
20000200  __STACK_TOP                   
20002000  __STACK_END                   
20002000  clientSocket                  
20002fa0  s                             
20003068  strInput                      
200030bc  fn                            
200030e4  period                        
2000310c  ticks                         
20003134  reload                        
20003140  domainNameServerAdd           
20003144  gateWayAdd                    
20003148  globalXid                     
2000314c  ipOfferedAdd                  
20003150  ipTimeServerAdd               
20003154  leaseTime                     
20003158  serverIdentifierAdd           
2000315c  subnetMaskAdd                 
20003160  t1LeaseTime                   
20003164  t2LeaseTime                   
20003168  token                         
2000316c  globalIndex                   
20003170  sendMessageRequest            
20003171  sendFinMessage                
20003172  clientFlag                    
20003173  serverFlag                    
20003174  x                             
20003178  count                         
20003179  dhcpState                     
2000317a  offerTimerFlag                
2000317b  addressesFlag                 
2000317c  restartLeaseTimerFlag         
2000317d  renewTimerFlag                
2000317e  rebindTimerFlag               
2000317f  hwAddress                     
20003185  routerMacAddress              
2000318b  adaFruitIp                    
2000318f  nextPacketLsb                 
20003190  nextPacketMsb                 
20003191  sequenceId                    
20003192  dhcpEnabled                   
20003193  ipAddress                     
20003197  ipDnsAddress                  
2000319b  ipGwAddress                   
2000319f  ipSubnetMask                  
200031a3  ipTimeServerAddress           
200031a7  ipTo                          
200031ac  errno                         
200031b4  tcpState                      
200031b5  mqttConnectFlag               
200031b6  mqttDisconnectFlag            
200031b7  dataInSocketFlag              
200031b8  sendFinFlag                   
ffffffff  __TI_pprof_out_hndl           
ffffffff  __TI_prof_data_size           
ffffffff  __TI_prof_data_start          
ffffffff  __binit__                     
ffffffff  __c_args__                    
ffffffff  binit                         
UNDEFED   __mpu_init                    
UNDEFED   _system_post_cinit            

[298 symbols]
