<?xml version="1.0" encoding="ISO-8859-1" ?>
<link_info>
   <banner>TI ARM Linker Unix v20.2.2.LTS</banner>
   <copyright>Copyright (c) 1996-2018 Texas Instruments Incorporated</copyright>
   <link_time>0x6262f871</link_time>
   <link_errors>0x0</link_errors>
   <output_file>CSE4352ProjectTwo.out</output_file>
   <entry_point>
      <name>_c_int00_noargs</name>
      <address>0x8db9</address>
   </entry_point>
   <input_file_list>
      <input_file id="fl-1">
         <path>./</path>
         <kind>object</kind>
         <file>clock.obj</file>
         <name>clock.obj</name>
      </input_file>
      <input_file id="fl-2">
         <path>./</path>
         <kind>object</kind>
         <file>dhcp.obj</file>
         <name>dhcp.obj</name>
      </input_file>
      <input_file id="fl-3">
         <path>./</path>
         <kind>object</kind>
         <file>eeprom.obj</file>
         <name>eeprom.obj</name>
      </input_file>
      <input_file id="fl-4">
         <path>./</path>
         <kind>object</kind>
         <file>eth0.obj</file>
         <name>eth0.obj</name>
      </input_file>
      <input_file id="fl-5">
         <path>./</path>
         <kind>object</kind>
         <file>ethernet.obj</file>
         <name>ethernet.obj</name>
      </input_file>
      <input_file id="fl-6">
         <path>./</path>
         <kind>object</kind>
         <file>ethernet_dhcp.obj</file>
         <name>ethernet_dhcp.obj</name>
      </input_file>
      <input_file id="fl-7">
         <path>./</path>
         <kind>object</kind>
         <file>gpio.obj</file>
         <name>gpio.obj</name>
      </input_file>
      <input_file id="fl-8">
         <path>./</path>
         <kind>object</kind>
         <file>spi0.obj</file>
         <name>spi0.obj</name>
      </input_file>
      <input_file id="fl-9">
         <path>./</path>
         <kind>object</kind>
         <file>tcpClient.obj</file>
         <name>tcpClient.obj</name>
      </input_file>
      <input_file id="fl-a">
         <path>./</path>
         <kind>object</kind>
         <file>tcpClientUnsued.obj</file>
         <name>tcpClientUnsued.obj</name>
      </input_file>
      <input_file id="fl-b">
         <path>./</path>
         <kind>object</kind>
         <file>tcpServer.obj</file>
         <name>tcpServer.obj</name>
      </input_file>
      <input_file id="fl-c">
         <path>./</path>
         <kind>object</kind>
         <file>timer.obj</file>
         <name>timer.obj</name>
      </input_file>
      <input_file id="fl-d">
         <path>./</path>
         <kind>object</kind>
         <file>tm4c123gh6pm_startup_ccs.obj</file>
         <name>tm4c123gh6pm_startup_ccs.obj</name>
      </input_file>
      <input_file id="fl-e">
         <path>./</path>
         <kind>object</kind>
         <file>uart0.obj</file>
         <name>uart0.obj</name>
      </input_file>
      <input_file id="fl-f">
         <path>./</path>
         <kind>object</kind>
         <file>wait.obj</file>
         <name>wait.obj</name>
      </input_file>
      <input_file id="fl-13">
         <kind>object</kind>
         <file>&lt;internal&gt;</file>
         <name>&lt;internal&gt;</name>
      </input_file>
      <input_file id="fl-c9">
         <path>/Applications/ti/ccs1020/ccs/tools/compiler/ti-cgt-arm_20.2.2.LTS/lib/</path>
         <kind>archive</kind>
         <file>rtsv7M4_T_le_v4SPD16_eabi.lib</file>
         <name>sprintf.c.obj</name>
      </input_file>
      <input_file id="fl-ca">
         <path>/Applications/ti/ccs1020/ccs/tools/compiler/ti-cgt-arm_20.2.2.LTS/lib/</path>
         <kind>archive</kind>
         <file>rtsv7M4_T_le_v4SPD16_eabi.lib</file>
         <name>sscanf.c.obj</name>
      </input_file>
      <input_file id="fl-cb">
         <path>/Applications/ti/ccs1020/ccs/tools/compiler/ti-cgt-arm_20.2.2.LTS/lib/</path>
         <kind>archive</kind>
         <file>rtsv7M4_T_le_v4SPD16_eabi.lib</file>
         <name>fd_mul_t2.asm.obj</name>
      </input_file>
      <input_file id="fl-cc">
         <path>/Applications/ti/ccs1020/ccs/tools/compiler/ti-cgt-arm_20.2.2.LTS/lib/</path>
         <kind>archive</kind>
         <file>rtsv7M4_T_le_v4SPD16_eabi.lib</file>
         <name>fd_tou_t2.asm.obj</name>
      </input_file>
      <input_file id="fl-cd">
         <path>/Applications/ti/ccs1020/ccs/tools/compiler/ti-cgt-arm_20.2.2.LTS/lib/</path>
         <kind>archive</kind>
         <file>rtsv7M4_T_le_v4SPD16_eabi.lib</file>
         <name>memcpy_t2.asm.obj</name>
      </input_file>
      <input_file id="fl-ce">
         <path>/Applications/ti/ccs1020/ccs/tools/compiler/ti-cgt-arm_20.2.2.LTS/lib/</path>
         <kind>archive</kind>
         <file>rtsv7M4_T_le_v4SPD16_eabi.lib</file>
         <name>u_tofd_t2.asm.obj</name>
      </input_file>
      <input_file id="fl-cf">
         <path>/Applications/ti/ccs1020/ccs/tools/compiler/ti-cgt-arm_20.2.2.LTS/lib/</path>
         <kind>archive</kind>
         <file>rtsv7M4_T_le_v4SPD16_eabi.lib</file>
         <name>memset_t2.asm.obj</name>
      </input_file>
      <input_file id="fl-d0">
         <path>/Applications/ti/ccs1020/ccs/tools/compiler/ti-cgt-arm_20.2.2.LTS/lib/</path>
         <kind>archive</kind>
         <file>rtsv7M4_T_le_v4SPD16_eabi.lib</file>
         <name>copy_zero_init.c.obj</name>
      </input_file>
      <input_file id="fl-d1">
         <path>/Applications/ti/ccs1020/ccs/tools/compiler/ti-cgt-arm_20.2.2.LTS/lib/</path>
         <kind>archive</kind>
         <file>rtsv7M4_T_le_v4SPD16_eabi.lib</file>
         <name>copy_decompress_none.c.obj</name>
      </input_file>
      <input_file id="fl-d2">
         <path>/Applications/ti/ccs1020/ccs/tools/compiler/ti-cgt-arm_20.2.2.LTS/lib/</path>
         <kind>archive</kind>
         <file>rtsv7M4_T_le_v4SPD16_eabi.lib</file>
         <name>copy_decompress_lzss.c.obj</name>
      </input_file>
      <input_file id="fl-d3">
         <path>/Applications/ti/ccs1020/ccs/tools/compiler/ti-cgt-arm_20.2.2.LTS/lib/</path>
         <kind>archive</kind>
         <file>rtsv7M4_T_le_v4SPD16_eabi.lib</file>
         <name>ctype.c.obj</name>
      </input_file>
      <input_file id="fl-d4">
         <path>/Applications/ti/ccs1020/ccs/tools/compiler/ti-cgt-arm_20.2.2.LTS/lib/</path>
         <kind>archive</kind>
         <file>rtsv7M4_T_le_v4SPD16_eabi.lib</file>
         <name>strcmp.c.obj</name>
      </input_file>
      <input_file id="fl-d5">
         <path>/Applications/ti/ccs1020/ccs/tools/compiler/ti-cgt-arm_20.2.2.LTS/lib/</path>
         <kind>archive</kind>
         <file>rtsv7M4_T_le_v4SPD16_eabi.lib</file>
         <name>strtok.c.obj</name>
      </input_file>
      <input_file id="fl-d6">
         <path>/Applications/ti/ccs1020/ccs/tools/compiler/ti-cgt-arm_20.2.2.LTS/lib/</path>
         <kind>archive</kind>
         <file>rtsv7M4_T_le_v4SPD16_eabi.lib</file>
         <name>tolower.c.obj</name>
      </input_file>
      <input_file id="fl-d7">
         <path>/Applications/ti/ccs1020/ccs/tools/compiler/ti-cgt-arm_20.2.2.LTS/lib/</path>
         <kind>archive</kind>
         <file>rtsv7M4_T_le_v4SPD16_eabi.lib</file>
         <name>boot_cortex_m.c.obj</name>
      </input_file>
      <input_file id="fl-d8">
         <path>/Applications/ti/ccs1020/ccs/tools/compiler/ti-cgt-arm_20.2.2.LTS/lib/</path>
         <kind>archive</kind>
         <file>rtsv7M4_T_le_v4SPD16_eabi.lib</file>
         <name>_printfi.c.obj</name>
      </input_file>
      <input_file id="fl-d9">
         <path>/Applications/ti/ccs1020/ccs/tools/compiler/ti-cgt-arm_20.2.2.LTS/lib/</path>
         <kind>archive</kind>
         <file>rtsv7M4_T_le_v4SPD16_eabi.lib</file>
         <name>_scanfi.c.obj</name>
      </input_file>
      <input_file id="fl-da">
         <path>/Applications/ti/ccs1020/ccs/tools/compiler/ti-cgt-arm_20.2.2.LTS/lib/</path>
         <kind>archive</kind>
         <file>rtsv7M4_T_le_v4SPD16_eabi.lib</file>
         <name>fd_add_t2.asm.obj</name>
      </input_file>
      <input_file id="fl-db">
         <path>/Applications/ti/ccs1020/ccs/tools/compiler/ti-cgt-arm_20.2.2.LTS/lib/</path>
         <kind>archive</kind>
         <file>rtsv7M4_T_le_v4SPD16_eabi.lib</file>
         <name>fd_cmp_t2.asm.obj</name>
      </input_file>
      <input_file id="fl-dc">
         <path>/Applications/ti/ccs1020/ccs/tools/compiler/ti-cgt-arm_20.2.2.LTS/lib/</path>
         <kind>archive</kind>
         <file>rtsv7M4_T_le_v4SPD16_eabi.lib</file>
         <name>fd_div_t2.asm.obj</name>
      </input_file>
      <input_file id="fl-dd">
         <path>/Applications/ti/ccs1020/ccs/tools/compiler/ti-cgt-arm_20.2.2.LTS/lib/</path>
         <kind>archive</kind>
         <file>rtsv7M4_T_le_v4SPD16_eabi.lib</file>
         <name>fd_toi_t2.asm.obj</name>
      </input_file>
      <input_file id="fl-de">
         <path>/Applications/ti/ccs1020/ccs/tools/compiler/ti-cgt-arm_20.2.2.LTS/lib/</path>
         <kind>archive</kind>
         <file>rtsv7M4_T_le_v4SPD16_eabi.lib</file>
         <name>fd_tos_t2.asm.obj</name>
      </input_file>
      <input_file id="fl-df">
         <path>/Applications/ti/ccs1020/ccs/tools/compiler/ti-cgt-arm_20.2.2.LTS/lib/</path>
         <kind>archive</kind>
         <file>rtsv7M4_T_le_v4SPD16_eabi.lib</file>
         <name>i_tofd_t2.asm.obj</name>
      </input_file>
      <input_file id="fl-e0">
         <path>/Applications/ti/ccs1020/ccs/tools/compiler/ti-cgt-arm_20.2.2.LTS/lib/</path>
         <kind>archive</kind>
         <file>rtsv7M4_T_le_v4SPD16_eabi.lib</file>
         <name>ull_div_t2.asm.obj</name>
      </input_file>
      <input_file id="fl-e1">
         <path>/Applications/ti/ccs1020/ccs/tools/compiler/ti-cgt-arm_20.2.2.LTS/lib/</path>
         <kind>archive</kind>
         <file>rtsv7M4_T_le_v4SPD16_eabi.lib</file>
         <name>autoinit.c.obj</name>
      </input_file>
      <input_file id="fl-e2">
         <path>/Applications/ti/ccs1020/ccs/tools/compiler/ti-cgt-arm_20.2.2.LTS/lib/</path>
         <kind>archive</kind>
         <file>rtsv7M4_T_le_v4SPD16_eabi.lib</file>
         <name>pre_init.c.obj</name>
      </input_file>
      <input_file id="fl-e3">
         <path>/Applications/ti/ccs1020/ccs/tools/compiler/ti-cgt-arm_20.2.2.LTS/lib/</path>
         <kind>archive</kind>
         <file>rtsv7M4_T_le_v4SPD16_eabi.lib</file>
         <name>cpy_tbl.c.obj</name>
      </input_file>
      <input_file id="fl-e4">
         <path>/Applications/ti/ccs1020/ccs/tools/compiler/ti-cgt-arm_20.2.2.LTS/lib/</path>
         <kind>archive</kind>
         <file>rtsv7M4_T_le_v4SPD16_eabi.lib</file>
         <name>exit.c.obj</name>
      </input_file>
      <input_file id="fl-e5">
         <path>/Applications/ti/ccs1020/ccs/tools/compiler/ti-cgt-arm_20.2.2.LTS/lib/</path>
         <kind>archive</kind>
         <file>rtsv7M4_T_le_v4SPD16_eabi.lib</file>
         <name>_lock.c.obj</name>
      </input_file>
      <input_file id="fl-e6">
         <path>/Applications/ti/ccs1020/ccs/tools/compiler/ti-cgt-arm_20.2.2.LTS/lib/</path>
         <kind>archive</kind>
         <file>rtsv7M4_T_le_v4SPD16_eabi.lib</file>
         <name>_ltoa.c.obj</name>
      </input_file>
      <input_file id="fl-e7">
         <path>/Applications/ti/ccs1020/ccs/tools/compiler/ti-cgt-arm_20.2.2.LTS/lib/</path>
         <kind>archive</kind>
         <file>rtsv7M4_T_le_v4SPD16_eabi.lib</file>
         <name>args_main.c.obj</name>
      </input_file>
      <input_file id="fl-e8">
         <path>/Applications/ti/ccs1020/ccs/tools/compiler/ti-cgt-arm_20.2.2.LTS/lib/</path>
         <kind>archive</kind>
         <file>rtsv7M4_T_le_v4SPD16_eabi.lib</file>
         <name>atoi.c.obj</name>
      </input_file>
      <input_file id="fl-e9">
         <path>/Applications/ti/ccs1020/ccs/tools/compiler/ti-cgt-arm_20.2.2.LTS/lib/</path>
         <kind>archive</kind>
         <file>rtsv7M4_T_le_v4SPD16_eabi.lib</file>
         <name>memccpy.c.obj</name>
      </input_file>
      <input_file id="fl-ea">
         <path>/Applications/ti/ccs1020/ccs/tools/compiler/ti-cgt-arm_20.2.2.LTS/lib/</path>
         <kind>archive</kind>
         <file>rtsv7M4_T_le_v4SPD16_eabi.lib</file>
         <name>strchr.c.obj</name>
      </input_file>
      <input_file id="fl-eb">
         <path>/Applications/ti/ccs1020/ccs/tools/compiler/ti-cgt-arm_20.2.2.LTS/lib/</path>
         <kind>archive</kind>
         <file>rtsv7M4_T_le_v4SPD16_eabi.lib</file>
         <name>strcpy.c.obj</name>
      </input_file>
      <input_file id="fl-ec">
         <path>/Applications/ti/ccs1020/ccs/tools/compiler/ti-cgt-arm_20.2.2.LTS/lib/</path>
         <kind>archive</kind>
         <file>rtsv7M4_T_le_v4SPD16_eabi.lib</file>
         <name>strcspn.c.obj</name>
      </input_file>
      <input_file id="fl-ed">
         <path>/Applications/ti/ccs1020/ccs/tools/compiler/ti-cgt-arm_20.2.2.LTS/lib/</path>
         <kind>archive</kind>
         <file>rtsv7M4_T_le_v4SPD16_eabi.lib</file>
         <name>strlen.c.obj</name>
      </input_file>
      <input_file id="fl-ee">
         <path>/Applications/ti/ccs1020/ccs/tools/compiler/ti-cgt-arm_20.2.2.LTS/lib/</path>
         <kind>archive</kind>
         <file>rtsv7M4_T_le_v4SPD16_eabi.lib</file>
         <name>strrchr.c.obj</name>
      </input_file>
      <input_file id="fl-ef">
         <path>/Applications/ti/ccs1020/ccs/tools/compiler/ti-cgt-arm_20.2.2.LTS/lib/</path>
         <kind>archive</kind>
         <file>rtsv7M4_T_le_v4SPD16_eabi.lib</file>
         <name>strspn.c.obj</name>
      </input_file>
      <input_file id="fl-f0">
         <path>/Applications/ti/ccs1020/ccs/tools/compiler/ti-cgt-arm_20.2.2.LTS/lib/</path>
         <kind>archive</kind>
         <file>rtsv7M4_T_le_v4SPD16_eabi.lib</file>
         <name>strtod.c.obj</name>
      </input_file>
      <input_file id="fl-f1">
         <path>/Applications/ti/ccs1020/ccs/tools/compiler/ti-cgt-arm_20.2.2.LTS/lib/</path>
         <kind>archive</kind>
         <file>rtsv7M4_T_le_v4SPD16_eabi.lib</file>
         <name>strtol.c.obj</name>
      </input_file>
      <input_file id="fl-f2">
         <path>/Applications/ti/ccs1020/ccs/tools/compiler/ti-cgt-arm_20.2.2.LTS/lib/</path>
         <kind>archive</kind>
         <file>rtsv7M4_T_le_v4SPD16_eabi.lib</file>
         <name>strtoll.c.obj</name>
      </input_file>
      <input_file id="fl-f3">
         <path>/Applications/ti/ccs1020/ccs/tools/compiler/ti-cgt-arm_20.2.2.LTS/lib/</path>
         <kind>archive</kind>
         <file>rtsv7M4_T_le_v4SPD16_eabi.lib</file>
         <name>strtoul.c.obj</name>
      </input_file>
      <input_file id="fl-f4">
         <path>/Applications/ti/ccs1020/ccs/tools/compiler/ti-cgt-arm_20.2.2.LTS/lib/</path>
         <kind>archive</kind>
         <file>rtsv7M4_T_le_v4SPD16_eabi.lib</file>
         <name>strtoull.c.obj</name>
      </input_file>
      <input_file id="fl-f5">
         <path>/Applications/ti/ccs1020/ccs/tools/compiler/ti-cgt-arm_20.2.2.LTS/lib/</path>
         <kind>archive</kind>
         <file>rtsv7M4_T_le_v4SPD16_eabi.lib</file>
         <name>errno.c.obj</name>
      </input_file>
      <input_file id="fl-f6">
         <path>/Applications/ti/ccs1020/ccs/tools/compiler/ti-cgt-arm_20.2.2.LTS/lib/</path>
         <kind>archive</kind>
         <file>rtsv7M4_T_le_v4SPD16_eabi.lib</file>
         <name>s_frexp.c.obj</name>
      </input_file>
      <input_file id="fl-f7">
         <path>/Applications/ti/ccs1020/ccs/tools/compiler/ti-cgt-arm_20.2.2.LTS/lib/</path>
         <kind>archive</kind>
         <file>rtsv7M4_T_le_v4SPD16_eabi.lib</file>
         <name>s_scalbn.c.obj</name>
      </input_file>
      <input_file id="fl-f8">
         <path>/Applications/ti/ccs1020/ccs/tools/compiler/ti-cgt-arm_20.2.2.LTS/lib/</path>
         <kind>archive</kind>
         <file>rtsv7M4_T_le_v4SPD16_eabi.lib</file>
         <name>wcslen.c.obj</name>
      </input_file>
      <input_file id="fl-f9">
         <path>/Applications/ti/ccs1020/ccs/tools/compiler/ti-cgt-arm_20.2.2.LTS/lib/</path>
         <kind>archive</kind>
         <file>rtsv7M4_T_le_v4SPD16_eabi.lib</file>
         <name>s_copysign.c.obj</name>
      </input_file>
      <input_file id="fl-fa">
         <path>/Applications/ti/ccs1020/ccs/tools/compiler/ti-cgt-arm_20.2.2.LTS/lib/</path>
         <kind>archive</kind>
         <file>rtsv7M4_T_le_v4SPD16_eabi.lib</file>
         <name>div0.asm.obj</name>
      </input_file>
      <input_file id="fl-fb">
         <path>/Applications/ti/ccs1020/ccs/tools/compiler/ti-cgt-arm_20.2.2.LTS/lib/</path>
         <kind>archive</kind>
         <file>rtsv7M4_T_le_v4SPD16_eabi.lib</file>
         <name>ll_mul_t2.asm.obj</name>
      </input_file>
   </input_file_list>
   <object_component_list>
      <object_component id="oc-12">
         <name>.intvecs</name>
         <load_address>0x0</load_address>
         <run_address>0x0</run_address>
         <size>0x26c</size>
         <input_file_ref idref="fl-d"/>
      </object_component>
      <object_component id="oc-ea">
         <name>.text</name>
         <load_address>0x26c</load_address>
         <run_address>0x26c</run_address>
         <size>0x132c</size>
         <input_file_ref idref="fl-4"/>
      </object_component>
      <object_component id="oc-fc">
         <name>.text</name>
         <load_address>0x1598</load_address>
         <run_address>0x1598</run_address>
         <size>0x112c</size>
         <input_file_ref idref="fl-2"/>
      </object_component>
      <object_component id="oc-136">
         <name>.text</name>
         <load_address>0x26c4</load_address>
         <run_address>0x26c4</run_address>
         <size>0xe1c</size>
         <input_file_ref idref="fl-9"/>
      </object_component>
      <object_component id="oc-b2">
         <name>.text</name>
         <load_address>0x34e0</load_address>
         <run_address>0x34e0</run_address>
         <size>0xc50</size>
         <input_file_ref idref="fl-6"/>
      </object_component>
      <object_component id="oc-126">
         <name>.text</name>
         <load_address>0x4130</load_address>
         <run_address>0x4130</run_address>
         <size>0xb48</size>
         <input_file_ref idref="fl-b"/>
      </object_component>
      <object_component id="oc-1ed">
         <name>.text:__TI_scanfi</name>
         <load_address>0x4c78</load_address>
         <run_address>0x4c78</run_address>
         <size>0xaf0</size>
         <input_file_ref idref="fl-d9"/>
      </object_component>
      <object_component id="oc-1b1">
         <name>.text:__TI_printfi</name>
         <load_address>0x5768</load_address>
         <run_address>0x5768</run_address>
         <size>0xa4e</size>
         <input_file_ref idref="fl-d8"/>
      </object_component>
      <object_component id="oc-3f4">
         <name>.text</name>
         <load_address>0x61b6</load_address>
         <run_address>0x61b6</run_address>
         <size>0x2</size>
         <input_file_ref idref="fl-fa"/>
      </object_component>
      <object_component id="oc-e4">
         <name>.text</name>
         <load_address>0x61b8</load_address>
         <run_address>0x61b8</run_address>
         <size>0x7c0</size>
         <input_file_ref idref="fl-7"/>
      </object_component>
      <object_component id="oc-2dc">
         <name>.text:strtod</name>
         <load_address>0x6978</load_address>
         <run_address>0x6978</run_address>
         <size>0x460</size>
         <input_file_ref idref="fl-f0"/>
      </object_component>
      <object_component id="oc-2d">
         <name>.text</name>
         <load_address>0x6dd8</load_address>
         <run_address>0x6dd8</run_address>
         <size>0x338</size>
         <input_file_ref idref="fl-c"/>
      </object_component>
      <object_component id="oc-298">
         <name>.text:_pconv_a</name>
         <load_address>0x7110</load_address>
         <run_address>0x7110</run_address>
         <size>0x270</size>
         <input_file_ref idref="fl-d8"/>
      </object_component>
      <object_component id="oc-2ed">
         <name>.text:strtoll</name>
         <load_address>0x7380</load_address>
         <run_address>0x7380</run_address>
         <size>0x1dc</size>
         <input_file_ref idref="fl-f2"/>
      </object_component>
      <object_component id="oc-286">
         <name>.text:_pconv_g</name>
         <load_address>0x755c</load_address>
         <run_address>0x755c</run_address>
         <size>0x1d0</size>
         <input_file_ref idref="fl-d8"/>
      </object_component>
      <object_component id="oc-373">
         <name>.text</name>
         <load_address>0x772c</load_address>
         <run_address>0x772c</run_address>
         <size>0x1b6</size>
         <input_file_ref idref="fl-da"/>
      </object_component>
      <object_component id="oc-192">
         <name>.text</name>
         <load_address>0x78e4</load_address>
         <run_address>0x78e4</run_address>
         <size>0x160</size>
         <input_file_ref idref="fl-8"/>
      </object_component>
      <object_component id="oc-2d0">
         <name>.text:strtoull</name>
         <load_address>0x7a44</load_address>
         <run_address>0x7a44</run_address>
         <size>0x15c</size>
         <input_file_ref idref="fl-f4"/>
      </object_component>
      <object_component id="oc-292">
         <name>.text:_pconv_e</name>
         <load_address>0x7ba0</load_address>
         <run_address>0x7ba0</run_address>
         <size>0x13c</size>
         <input_file_ref idref="fl-d8"/>
      </object_component>
      <object_component id="oc-359">
         <name>.text</name>
         <load_address>0x7cdc</load_address>
         <run_address>0x7cdc</run_address>
         <size>0x136</size>
         <input_file_ref idref="fl-dc"/>
      </object_component>
      <object_component id="oc-2e7">
         <name>.text:strtol</name>
         <load_address>0x7e14</load_address>
         <run_address>0x7e14</run_address>
         <size>0x130</size>
         <input_file_ref idref="fl-f1"/>
      </object_component>
      <object_component id="oc-385">
         <name>.text:fcvt</name>
         <load_address>0x7f44</load_address>
         <run_address>0x7f44</run_address>
         <size>0x124</size>
         <input_file_ref idref="fl-d8"/>
      </object_component>
      <object_component id="oc-f0">
         <name>.text</name>
         <load_address>0x8068</load_address>
         <run_address>0x8068</run_address>
         <size>0x124</size>
         <input_file_ref idref="fl-e"/>
      </object_component>
      <object_component id="oc-399">
         <name>.text:scalbn</name>
         <load_address>0x818c</load_address>
         <run_address>0x818c</run_address>
         <size>0x110</size>
         <input_file_ref idref="fl-f7"/>
      </object_component>
      <object_component id="oc-2d6">
         <name>.text:strtoul</name>
         <load_address>0x829c</load_address>
         <run_address>0x829c</run_address>
         <size>0x110</size>
         <input_file_ref idref="fl-f3"/>
      </object_component>
      <object_component id="oc-1d5">
         <name>.text</name>
         <load_address>0x83ac</load_address>
         <run_address>0x83ac</run_address>
         <size>0xfc</size>
         <input_file_ref idref="fl-cb"/>
      </object_component>
      <object_component id="oc-27b">
         <name>.text:_ltostr</name>
         <load_address>0x84a8</load_address>
         <run_address>0x84a8</run_address>
         <size>0xb1</size>
         <input_file_ref idref="fl-d8"/>
      </object_component>
      <object_component id="oc-41">
         <name>.text</name>
         <load_address>0x855a</load_address>
         <run_address>0x855a</run_address>
         <size>0x9c</size>
         <input_file_ref idref="fl-cd"/>
      </object_component>
      <object_component id="oc-352">
         <name>.text</name>
         <load_address>0x85f6</load_address>
         <run_address>0x85f6</run_address>
         <size>0x96</size>
         <input_file_ref idref="fl-e0"/>
      </object_component>
      <object_component id="oc-281">
         <name>.text:__aeabi_cdcmple</name>
         <load_address>0x868c</load_address>
         <run_address>0x868c</run_address>
         <size>0x86</size>
         <input_file_ref idref="fl-db"/>
      </object_component>
      <object_component id="oc-35e">
         <name>.text:__aeabi_cdrcmple</name>
         <load_address>0x8712</load_address>
         <run_address>0x8712</run_address>
         <size>0x86</size>
         <input_file_ref idref="fl-db"/>
      </object_component>
      <object_component id="oc-102">
         <name>.text</name>
         <load_address>0x8798</load_address>
         <run_address>0x8798</run_address>
         <size>0x84</size>
         <input_file_ref idref="fl-3"/>
      </object_component>
      <object_component id="oc-a6">
         <name>.text</name>
         <load_address>0x881c</load_address>
         <run_address>0x881c</run_address>
         <size>0x7a</size>
         <input_file_ref idref="fl-cf"/>
      </object_component>
      <object_component id="oc-37e">
         <name>.text:_mcpy</name>
         <load_address>0x8896</load_address>
         <run_address>0x8896</run_address>
         <size>0x6e</size>
         <input_file_ref idref="fl-d8"/>
      </object_component>
      <object_component id="oc-2e2">
         <name>.text</name>
         <load_address>0x8904</load_address>
         <run_address>0x8904</run_address>
         <size>0x6e</size>
         <input_file_ref idref="fl-de"/>
      </object_component>
      <object_component id="oc-1ff">
         <name>.text:_chkmbc</name>
         <load_address>0x8974</load_address>
         <run_address>0x8974</run_address>
         <size>0x68</size>
         <input_file_ref idref="fl-ca"/>
      </object_component>
      <object_component id="oc-15">
         <name>.text:decompress:lzss:__TI_decompress_lzss</name>
         <load_address>0x89dc</load_address>
         <run_address>0x89dc</run_address>
         <size>0x68</size>
         <input_file_ref idref="fl-d2"/>
      </object_component>
      <object_component id="oc-393">
         <name>.text:frexp</name>
         <load_address>0x8a44</load_address>
         <run_address>0x8a44</run_address>
         <size>0x64</size>
         <input_file_ref idref="fl-f6"/>
      </object_component>
      <object_component id="oc-28c">
         <name>.text:_pconv_f</name>
         <load_address>0x8aa8</load_address>
         <run_address>0x8aa8</run_address>
         <size>0x56</size>
         <input_file_ref idref="fl-d8"/>
      </object_component>
      <object_component id="oc-368">
         <name>.text:__TI_ltoa</name>
         <load_address>0x8afe</load_address>
         <run_address>0x8afe</run_address>
         <size>0x54</size>
         <input_file_ref idref="fl-e6"/>
      </object_component>
      <object_component id="oc-378">
         <name>.text:_ecpy</name>
         <load_address>0x8b52</load_address>
         <run_address>0x8b52</run_address>
         <size>0x52</size>
         <input_file_ref idref="fl-d8"/>
      </object_component>
      <object_component id="oc-275">
         <name>.text:atoi</name>
         <load_address>0x8ba4</load_address>
         <run_address>0x8ba4</run_address>
         <size>0x4c</size>
         <input_file_ref idref="fl-e8"/>
      </object_component>
      <object_component id="oc-363">
         <name>.text</name>
         <load_address>0x8bf0</load_address>
         <run_address>0x8bf0</run_address>
         <size>0x48</size>
         <input_file_ref idref="fl-dd"/>
      </object_component>
      <object_component id="oc-14f">
         <name>.text:__TI_auto_init_nobinit_nopinit:__TI_auto_init_nobinit_nopinit</name>
         <load_address>0x8c38</load_address>
         <run_address>0x8c38</run_address>
         <size>0x44</size>
         <input_file_ref idref="fl-e1"/>
      </object_component>
      <object_component id="oc-1da">
         <name>.text</name>
         <load_address>0x8c7c</load_address>
         <run_address>0x8c7c</run_address>
         <size>0x44</size>
         <input_file_ref idref="fl-cc"/>
      </object_component>
      <object_component id="oc-f6">
         <name>.text:sprintf</name>
         <load_address>0x8cc0</load_address>
         <run_address>0x8cc0</run_address>
         <size>0x40</size>
         <input_file_ref idref="fl-c9"/>
      </object_component>
      <object_component id="oc-114">
         <name>.text:strtok</name>
         <load_address>0x8d00</load_address>
         <run_address>0x8d00</run_address>
         <size>0x40</size>
         <input_file_ref idref="fl-d5"/>
      </object_component>
      <object_component id="oc-38b">
         <name>.text:_fcpy</name>
         <load_address>0x8d40</load_address>
         <run_address>0x8d40</run_address>
         <size>0x3e</size>
         <input_file_ref idref="fl-d8"/>
      </object_component>
      <object_component id="oc-10e">
         <name>.text:sscanf</name>
         <load_address>0x8d80</load_address>
         <run_address>0x8d80</run_address>
         <size>0x38</size>
         <input_file_ref idref="fl-ca"/>
      </object_component>
      <object_component id="oc-5f">
         <name>.text:_c_int00_noargs:_c_int00_noargs</name>
         <load_address>0x8db8</load_address>
         <run_address>0x8db8</run_address>
         <size>0x34</size>
         <input_file_ref idref="fl-d7"/>
      </object_component>
      <object_component id="oc-36e">
         <name>.text</name>
         <load_address>0x8dec</load_address>
         <run_address>0x8dec</run_address>
         <size>0x2e</size>
         <input_file_ref idref="fl-df"/>
      </object_component>
      <object_component id="oc-207">
         <name>.text:strspn</name>
         <load_address>0x8e1a</load_address>
         <run_address>0x8e1a</run_address>
         <size>0x2a</size>
         <input_file_ref idref="fl-ef"/>
      </object_component>
      <object_component id="oc-20d">
         <name>.text:strcspn</name>
         <load_address>0x8e44</load_address>
         <run_address>0x8e44</run_address>
         <size>0x24</size>
         <input_file_ref idref="fl-ec"/>
      </object_component>
      <object_component id="oc-130">
         <name>.text</name>
         <load_address>0x8e68</load_address>
         <run_address>0x8e68</run_address>
         <size>0x24</size>
         <input_file_ref idref="fl-f"/>
      </object_component>
      <object_component id="oc-1d0">
         <name>.text</name>
         <load_address>0x8e8c</load_address>
         <run_address>0x8e8c</run_address>
         <size>0x20</size>
         <input_file_ref idref="fl-ce"/>
      </object_component>
      <object_component id="oc-29e">
         <name>.text:memccpy</name>
         <load_address>0x8eac</load_address>
         <run_address>0x8eac</run_address>
         <size>0x1c</size>
         <input_file_ref idref="fl-e9"/>
      </object_component>
      <object_component id="oc-40c">
         <name>.text:copysign</name>
         <load_address>0x8ec8</load_address>
         <run_address>0x8ec8</run_address>
         <size>0x1a</size>
         <input_file_ref idref="fl-f9"/>
      </object_component>
      <object_component id="oc-1b7">
         <name>.text:_outs</name>
         <load_address>0x8ee2</load_address>
         <run_address>0x8ee2</run_address>
         <size>0x18</size>
         <input_file_ref idref="fl-c9"/>
      </object_component>
      <object_component id="oc-3c3">
         <name>.text</name>
         <load_address>0x8efa</load_address>
         <run_address>0x8efa</run_address>
         <size>0x18</size>
         <input_file_ref idref="fl-fb"/>
      </object_component>
      <object_component id="oc-11a">
         <name>.text:strcmp</name>
         <load_address>0x8f12</load_address>
         <run_address>0x8f12</run_address>
         <size>0x18</size>
         <input_file_ref idref="fl-d4"/>
      </object_component>
      <object_component id="oc-2f3">
         <name>.text:strrchr</name>
         <load_address>0x8f2a</load_address>
         <run_address>0x8f2a</run_address>
         <size>0x18</size>
         <input_file_ref idref="fl-ee"/>
      </object_component>
      <object_component id="oc-2f9">
         <name>.text:strchr</name>
         <load_address>0x8f42</load_address>
         <run_address>0x8f42</run_address>
         <size>0x16</size>
         <input_file_ref idref="fl-ea"/>
      </object_component>
      <object_component id="oc-2ca">
         <name>.text:strcpy</name>
         <load_address>0x8f58</load_address>
         <run_address>0x8f58</run_address>
         <size>0x14</size>
         <input_file_ref idref="fl-eb"/>
      </object_component>
      <object_component id="oc-26f">
         <name>.text:strlen</name>
         <load_address>0x8f6c</load_address>
         <run_address>0x8f6c</run_address>
         <size>0x14</size>
         <input_file_ref idref="fl-ed"/>
      </object_component>
      <object_component id="oc-1f3">
         <name>.text:_inpchar</name>
         <load_address>0x8f80</load_address>
         <run_address>0x8f80</run_address>
         <size>0x12</size>
         <input_file_ref idref="fl-ca"/>
      </object_component>
      <object_component id="oc-2a4">
         <name>.text:wcslen</name>
         <load_address>0x8f92</load_address>
         <run_address>0x8f92</run_address>
         <size>0x12</size>
         <input_file_ref idref="fl-f8"/>
      </object_component>
      <object_component id="oc-de">
         <name>.text</name>
         <load_address>0x8fa4</load_address>
         <run_address>0x8fa4</run_address>
         <size>0x10</size>
         <input_file_ref idref="fl-1"/>
      </object_component>
      <object_component id="oc-108">
         <name>.text:tolower</name>
         <load_address>0x8fb4</load_address>
         <run_address>0x8fb4</run_address>
         <size>0x10</size>
         <input_file_ref idref="fl-d6"/>
      </object_component>
      <object_component id="oc-1b">
         <name>.text:decompress:none:__TI_decompress_none</name>
         <load_address>0x8fc4</load_address>
         <run_address>0x8fc4</run_address>
         <size>0xe</size>
         <input_file_ref idref="fl-d1"/>
      </object_component>
      <object_component id="oc-53">
         <name>.text:decompress:ZI:__TI_zero_init</name>
         <load_address>0x8fd2</load_address>
         <run_address>0x8fd2</run_address>
         <size>0xc</size>
         <input_file_ref idref="fl-d0"/>
      </object_component>
      <object_component id="oc-27">
         <name>.text</name>
         <load_address>0x8fde</load_address>
         <run_address>0x8fde</run_address>
         <size>0xc</size>
         <input_file_ref idref="fl-d"/>
      </object_component>
      <object_component id="oc-1bd">
         <name>.text:_outc</name>
         <load_address>0x8fea</load_address>
         <run_address>0x8fea</run_address>
         <size>0xa</size>
         <input_file_ref idref="fl-c9"/>
      </object_component>
      <object_component id="oc-2aa">
         <name>.text:__aeabi_errno_addr</name>
         <load_address>0x8ff4</load_address>
         <run_address>0x8ff4</run_address>
         <size>0x8</size>
         <input_file_ref idref="fl-f5"/>
      </object_component>
      <object_component id="oc-1f9">
         <name>.text:_uninpchar</name>
         <load_address>0x8ffc</load_address>
         <run_address>0x8ffc</run_address>
         <size>0x8</size>
         <input_file_ref idref="fl-ca"/>
      </object_component>
      <object_component id="oc-ac">
         <name>.text:_system_pre_init</name>
         <load_address>0x9004</load_address>
         <run_address>0x9004</run_address>
         <size>0x4</size>
         <input_file_ref idref="fl-e2"/>
      </object_component>
      <object_component id="oc-143">
         <name>.text:abort:abort</name>
         <load_address>0x9008</load_address>
         <run_address>0x9008</run_address>
         <size>0x4</size>
         <input_file_ref idref="fl-e4"/>
      </object_component>
      <object_component id="oc-1e8">
         <name>.const:.string:_ctypes_</name>
         <load_address>0x9010</load_address>
         <run_address>0x9010</run_address>
         <size>0x101</size>
         <input_file_ref idref="fl-d3"/>
      </object_component>
      <object_component id="oc-13c">
         <name>.const:.string:$P$T0$1</name>
         <load_address>0x9111</load_address>
         <run_address>0x9111</run_address>
         <size>0x4</size>
         <input_file_ref idref="fl-6"/>
      </object_component>
      <object_component id="oc-3cc">
         <name>.const:$O1$$</name>
         <load_address>0x9118</load_address>
         <run_address>0x9118</run_address>
         <size>0xc8</size>
         <input_file_ref idref="fl-f0"/>
      </object_component>
      <object_component id="oc-22c">
         <name>.const:.string:$P$T0$1</name>
         <load_address>0x91e0</load_address>
         <run_address>0x91e0</run_address>
         <size>0x20</size>
         <input_file_ref idref="fl-9"/>
      </object_component>
      <object_component id="oc-2ff">
         <name>.const:$O1$$</name>
         <load_address>0x9200</load_address>
         <run_address>0x9200</run_address>
         <size>0x10</size>
         <input_file_ref idref="fl-d9"/>
      </object_component>
      <object_component id="oc-471">
         <name>.cinit..data.load</name>
         <load_address>0x9210</load_address>
         <run_address>0x9210</run_address>
         <size>0x26</size>
      </object_component>
      <object_component id="oc-46f">
         <name>__TI_handler_table</name>
         <load_address>0x9238</load_address>
         <run_address>0x9238</run_address>
         <size>0xc</size>
      </object_component>
      <object_component id="oc-472">
         <name>.cinit..bss.load</name>
         <load_address>0x9248</load_address>
         <run_address>0x9248</run_address>
         <size>0x8</size>
      </object_component>
      <object_component id="oc-470">
         <name>__TI_cinit_table</name>
         <load_address>0x9250</load_address>
         <run_address>0x9250</run_address>
         <size>0x10</size>
      </object_component>
      <object_component id="oc-1ca">
         <name>.data</name>
         <load_address>0x20003179</load_address>
         <run_address>0x20003179</run_address>
         <size>0x6</size>
         <input_file_ref idref="fl-2"/>
      </object_component>
      <object_component id="oc-198">
         <name>.data</name>
         <load_address>0x2000318f</load_address>
         <run_address>0x2000318f</run_address>
         <size>0x4</size>
         <input_file_ref idref="fl-4"/>
      </object_component>
      <object_component id="oc-19e">
         <name>.data:hwAddress</name>
         <load_address>0x2000317f</load_address>
         <run_address>0x2000317f</run_address>
         <size>0x6</size>
         <input_file_ref idref="fl-4"/>
      </object_component>
      <object_component id="oc-19b">
         <name>.data:ipAddress</name>
         <load_address>0x20003193</load_address>
         <run_address>0x20003193</run_address>
         <size>0x4</size>
         <input_file_ref idref="fl-4"/>
      </object_component>
      <object_component id="oc-1a1">
         <name>.data:ipSubnetMask</name>
         <load_address>0x2000319f</load_address>
         <run_address>0x2000319f</run_address>
         <size>0x4</size>
         <input_file_ref idref="fl-4"/>
      </object_component>
      <object_component id="oc-1a4">
         <name>.data:ipGwAddress</name>
         <load_address>0x2000319b</load_address>
         <run_address>0x2000319b</run_address>
         <size>0x4</size>
         <input_file_ref idref="fl-4"/>
      </object_component>
      <object_component id="oc-1a7">
         <name>.data:ipDnsAddress</name>
         <load_address>0x20003197</load_address>
         <run_address>0x20003197</run_address>
         <size>0x4</size>
         <input_file_ref idref="fl-4"/>
      </object_component>
      <object_component id="oc-1aa">
         <name>.data:ipTimeServerAddress</name>
         <load_address>0x200031a3</load_address>
         <run_address>0x200031a3</run_address>
         <size>0x4</size>
         <input_file_ref idref="fl-4"/>
      </object_component>
      <object_component id="oc-120">
         <name>.data</name>
         <load_address>0x20003170</load_address>
         <run_address>0x20003170</run_address>
         <size>0x9</size>
         <input_file_ref idref="fl-6"/>
      </object_component>
      <object_component id="oc-12d">
         <name>.data</name>
         <load_address>0x200031b4</load_address>
         <run_address>0x200031b4</run_address>
         <size>0x3</size>
         <input_file_ref idref="fl-9"/>
      </object_component>
      <object_component id="oc-232">
         <name>.data:adaFruitIp</name>
         <load_address>0x2000318b</load_address>
         <run_address>0x2000318b</run_address>
         <size>0x4</size>
         <input_file_ref idref="fl-9"/>
      </object_component>
      <object_component id="oc-22f">
         <name>.data:routerMacAddress</name>
         <load_address>0x20003185</load_address>
         <run_address>0x20003185</run_address>
         <size>0x6</size>
         <input_file_ref idref="fl-9"/>
      </object_component>
      <object_component id="oc-226">
         <name>.data:ipTo</name>
         <load_address>0x200031a7</load_address>
         <run_address>0x200031a7</run_address>
         <size>0x4</size>
         <input_file_ref idref="fl-9"/>
      </object_component>
      <object_component id="oc-13f">
         <name>.data</name>
         <load_address>0x200031b7</load_address>
         <run_address>0x200031b7</run_address>
         <size>0x2</size>
         <input_file_ref idref="fl-b"/>
      </object_component>
      <object_component id="oc-213">
         <name>.data</name>
         <load_address>0x200031b0</load_address>
         <run_address>0x200031b0</run_address>
         <size>0x4</size>
         <input_file_ref idref="fl-d5"/>
      </object_component>
      <object_component id="oc-3a9">
         <name>.data</name>
         <load_address>0x200031ac</load_address>
         <run_address>0x200031ac</run_address>
         <size>0x4</size>
         <input_file_ref idref="fl-f5"/>
      </object_component>
      <object_component id="oc-1cd">
         <name>.common:globalXid</name>
         <uninitialized>true</uninitialized>
         <run_address>0x20003148</run_address>
         <size>0x4</size>
      </object_component>
      <object_component id="oc-1ce">
         <name>.common:ipOfferedAdd</name>
         <uninitialized>true</uninitialized>
         <run_address>0x2000314c</run_address>
         <size>0x4</size>
      </object_component>
      <object_component id="oc-1cf">
         <name>.common:serverIdentifierAdd</name>
         <uninitialized>true</uninitialized>
         <run_address>0x20003158</run_address>
         <size>0x4</size>
      </object_component>
      <object_component id="oc-1df">
         <name>.common:subnetMaskAdd</name>
         <uninitialized>true</uninitialized>
         <run_address>0x2000315c</run_address>
         <size>0x4</size>
      </object_component>
      <object_component id="oc-1e0">
         <name>.common:gateWayAdd</name>
         <uninitialized>true</uninitialized>
         <run_address>0x20003144</run_address>
         <size>0x4</size>
      </object_component>
      <object_component id="oc-1e1">
         <name>.common:domainNameServerAdd</name>
         <uninitialized>true</uninitialized>
         <run_address>0x20003140</run_address>
         <size>0x4</size>
      </object_component>
      <object_component id="oc-1e2">
         <name>.common:ipTimeServerAdd</name>
         <uninitialized>true</uninitialized>
         <run_address>0x20003150</run_address>
         <size>0x4</size>
      </object_component>
      <object_component id="oc-1e3">
         <name>.common:leaseTime</name>
         <uninitialized>true</uninitialized>
         <run_address>0x20003154</run_address>
         <size>0x4</size>
      </object_component>
      <object_component id="oc-1e4">
         <name>.common:t1LeaseTime</name>
         <uninitialized>true</uninitialized>
         <run_address>0x20003160</run_address>
         <size>0x4</size>
      </object_component>
      <object_component id="oc-1e5">
         <name>.common:t2LeaseTime</name>
         <uninitialized>true</uninitialized>
         <run_address>0x20003164</run_address>
         <size>0x4</size>
      </object_component>
      <object_component id="oc-123">
         <name>.common:strInput</name>
         <uninitialized>true</uninitialized>
         <run_address>0x20003068</run_address>
         <size>0x54</size>
      </object_component>
      <object_component id="oc-12c">
         <name>.common:token</name>
         <uninitialized>true</uninitialized>
         <run_address>0x20003168</run_address>
         <size>0x4</size>
      </object_component>
      <object_component id="oc-229">
         <name>.common:s</name>
         <uninitialized>true</uninitialized>
         <run_address>0x20002fa0</run_address>
         <size>0xc8</size>
      </object_component>
      <object_component id="oc-21e">
         <name>.common:clientSocket</name>
         <uninitialized>true</uninitialized>
         <run_address>0x20002000</run_address>
         <size>0xfa0</size>
      </object_component>
      <object_component id="oc-221">
         <name>.common:globalIndex</name>
         <uninitialized>true</uninitialized>
         <run_address>0x2000316c</run_address>
         <size>0x1</size>
      </object_component>
      <object_component id="oc-78">
         <name>.common:fn</name>
         <uninitialized>true</uninitialized>
         <run_address>0x200030bc</run_address>
         <size>0x28</size>
      </object_component>
      <object_component id="oc-74">
         <name>.common:period</name>
         <uninitialized>true</uninitialized>
         <run_address>0x200030e4</run_address>
         <size>0x28</size>
      </object_component>
      <object_component id="oc-77">
         <name>.common:ticks</name>
         <uninitialized>true</uninitialized>
         <run_address>0x2000310c</run_address>
         <size>0x28</size>
      </object_component>
      <object_component id="oc-79">
         <name>.common:reload</name>
         <uninitialized>true</uninitialized>
         <run_address>0x20003134</run_address>
         <size>0xc</size>
      </object_component>
      <object_component id="oc-24">
         <name>.stack</name>
         <uninitialized>true</uninitialized>
         <run_address>0x20000000</run_address>
         <size>0x4</size>
         <input_file_ref idref="fl-d7"/>
      </object_component>
      <object_component id="oc-474">
         <name>.stack</name>
         <uninitialized>true</uninitialized>
         <run_address>0x20000000</run_address>
         <size>0x0</size>
      </object_component>
      <object_component id="oc-cd">
         <name>.debug_info</name>
         <load_address>0x0</load_address>
         <run_address>0x0</run_address>
         <size>0x269</size>
         <input_file_ref idref="fl-1"/>
      </object_component>
      <object_component id="oc-df">
         <name>.debug_info</name>
         <load_address>0x269</load_address>
         <run_address>0x269</run_address>
         <size>0x126</size>
         <input_file_ref idref="fl-1"/>
      </object_component>
      <object_component id="oc-8c">
         <name>.debug_info</name>
         <load_address>0x38f</load_address>
         <run_address>0x38f</run_address>
         <size>0x26b</size>
         <input_file_ref idref="fl-1"/>
      </object_component>
      <object_component id="oc-3c">
         <name>.debug_info</name>
         <load_address>0x5fa</load_address>
         <run_address>0x5fa</run_address>
         <size>0x84</size>
         <input_file_ref idref="fl-1"/>
      </object_component>
      <object_component id="oc-c6">
         <name>.debug_info</name>
         <load_address>0x67e</load_address>
         <run_address>0x67e</run_address>
         <size>0x2a4</size>
         <input_file_ref idref="fl-1"/>
      </object_component>
      <object_component id="oc-7b">
         <name>.debug_info</name>
         <load_address>0x922</load_address>
         <run_address>0x922</run_address>
         <size>0xbb</size>
         <input_file_ref idref="fl-1"/>
      </object_component>
      <object_component id="oc-cb">
         <name>.debug_info</name>
         <load_address>0x9dd</load_address>
         <run_address>0x9dd</run_address>
         <size>0x86e</size>
         <input_file_ref idref="fl-2"/>
      </object_component>
      <object_component id="oc-1cb">
         <name>.debug_info</name>
         <load_address>0x124b</load_address>
         <run_address>0x124b</run_address>
         <size>0x1ce</size>
         <input_file_ref idref="fl-2"/>
      </object_component>
      <object_component id="oc-fd">
         <name>.debug_info</name>
         <load_address>0x1419</load_address>
         <run_address>0x1419</run_address>
         <size>0x1bae</size>
         <input_file_ref idref="fl-2"/>
      </object_component>
      <object_component id="oc-80">
         <name>.debug_info</name>
         <load_address>0x2fc7</load_address>
         <run_address>0x2fc7</run_address>
         <size>0x8b</size>
         <input_file_ref idref="fl-2"/>
      </object_component>
      <object_component id="oc-85">
         <name>.debug_info</name>
         <load_address>0x3052</load_address>
         <run_address>0x3052</run_address>
         <size>0x2c</size>
         <input_file_ref idref="fl-2"/>
      </object_component>
      <object_component id="oc-1c5">
         <name>.debug_info</name>
         <load_address>0x307e</load_address>
         <run_address>0x307e</run_address>
         <size>0x2c</size>
         <input_file_ref idref="fl-2"/>
      </object_component>
      <object_component id="oc-183">
         <name>.debug_info</name>
         <load_address>0x30aa</load_address>
         <run_address>0x30aa</run_address>
         <size>0x5d1</size>
         <input_file_ref idref="fl-2"/>
      </object_component>
      <object_component id="oc-103">
         <name>.debug_info</name>
         <load_address>0x367b</load_address>
         <run_address>0x367b</run_address>
         <size>0x20e</size>
         <input_file_ref idref="fl-3"/>
      </object_component>
      <object_component id="oc-1ae">
         <name>.debug_info</name>
         <load_address>0x3889</load_address>
         <run_address>0x3889</run_address>
         <size>0x4c9</size>
         <input_file_ref idref="fl-4"/>
      </object_component>
      <object_component id="oc-199">
         <name>.debug_info</name>
         <load_address>0x3d52</load_address>
         <run_address>0x3d52</run_address>
         <size>0x15e</size>
         <input_file_ref idref="fl-4"/>
      </object_component>
      <object_component id="oc-19f">
         <name>.debug_info</name>
         <load_address>0x3eb0</load_address>
         <run_address>0x3eb0</run_address>
         <size>0xdf</size>
         <input_file_ref idref="fl-4"/>
      </object_component>
      <object_component id="oc-19c">
         <name>.debug_info</name>
         <load_address>0x3f8f</load_address>
         <run_address>0x3f8f</run_address>
         <size>0xdf</size>
         <input_file_ref idref="fl-4"/>
      </object_component>
      <object_component id="oc-1a2">
         <name>.debug_info</name>
         <load_address>0x406e</load_address>
         <run_address>0x406e</run_address>
         <size>0xe5</size>
         <input_file_ref idref="fl-4"/>
      </object_component>
      <object_component id="oc-1a5">
         <name>.debug_info</name>
         <load_address>0x4153</load_address>
         <run_address>0x4153</run_address>
         <size>0xe3</size>
         <input_file_ref idref="fl-4"/>
      </object_component>
      <object_component id="oc-1a8">
         <name>.debug_info</name>
         <load_address>0x4236</load_address>
         <run_address>0x4236</run_address>
         <size>0xe5</size>
         <input_file_ref idref="fl-4"/>
      </object_component>
      <object_component id="oc-1ab">
         <name>.debug_info</name>
         <load_address>0x431b</load_address>
         <run_address>0x431b</run_address>
         <size>0xf3</size>
         <input_file_ref idref="fl-4"/>
      </object_component>
      <object_component id="oc-eb">
         <name>.debug_info</name>
         <load_address>0x440e</load_address>
         <run_address>0x440e</run_address>
         <size>0x2e7c</size>
         <input_file_ref idref="fl-4"/>
      </object_component>
      <object_component id="oc-18c">
         <name>.debug_info</name>
         <load_address>0x728a</load_address>
         <run_address>0x728a</run_address>
         <size>0x88</size>
         <input_file_ref idref="fl-4"/>
      </object_component>
      <object_component id="oc-124">
         <name>.debug_info</name>
         <load_address>0x7312</load_address>
         <run_address>0x7312</run_address>
         <size>0x1124</size>
         <input_file_ref idref="fl-6"/>
      </object_component>
      <object_component id="oc-121">
         <name>.debug_info</name>
         <load_address>0x8436</load_address>
         <run_address>0x8436</run_address>
         <size>0x19f</size>
         <input_file_ref idref="fl-6"/>
      </object_component>
      <object_component id="oc-13d">
         <name>.debug_info</name>
         <load_address>0x85d5</load_address>
         <run_address>0x85d5</run_address>
         <size>0xe4</size>
         <input_file_ref idref="fl-6"/>
      </object_component>
      <object_component id="oc-b3">
         <name>.debug_info</name>
         <load_address>0x86b9</load_address>
         <run_address>0x86b9</run_address>
         <size>0x126d</size>
         <input_file_ref idref="fl-6"/>
      </object_component>
      <object_component id="oc-322">
         <name>.debug_info</name>
         <load_address>0x9926</load_address>
         <run_address>0x9926</run_address>
         <size>0x250</size>
         <input_file_ref idref="fl-6"/>
      </object_component>
      <object_component id="oc-319">
         <name>.debug_info</name>
         <load_address>0x9b76</load_address>
         <run_address>0x9b76</run_address>
         <size>0x116</size>
         <input_file_ref idref="fl-6"/>
      </object_component>
      <object_component id="oc-191">
         <name>.debug_info</name>
         <load_address>0x9c8c</load_address>
         <run_address>0x9c8c</run_address>
         <size>0x26e</size>
         <input_file_ref idref="fl-7"/>
      </object_component>
      <object_component id="oc-e5">
         <name>.debug_info</name>
         <load_address>0x9efa</load_address>
         <run_address>0x9efa</run_address>
         <size>0xfab</size>
         <input_file_ref idref="fl-7"/>
      </object_component>
      <object_component id="oc-193">
         <name>.debug_info</name>
         <load_address>0xaea5</load_address>
         <run_address>0xaea5</run_address>
         <size>0x460</size>
         <input_file_ref idref="fl-8"/>
      </object_component>
      <object_component id="oc-22a">
         <name>.debug_info</name>
         <load_address>0xb305</load_address>
         <run_address>0xb305</run_address>
         <size>0x5f7</size>
         <input_file_ref idref="fl-9"/>
      </object_component>
      <object_component id="oc-12e">
         <name>.debug_info</name>
         <load_address>0xb8fc</load_address>
         <run_address>0xb8fc</run_address>
         <size>0x146</size>
         <input_file_ref idref="fl-9"/>
      </object_component>
      <object_component id="oc-233">
         <name>.debug_info</name>
         <load_address>0xba42</load_address>
         <run_address>0xba42</run_address>
         <size>0xe6</size>
         <input_file_ref idref="fl-9"/>
      </object_component>
      <object_component id="oc-230">
         <name>.debug_info</name>
         <load_address>0xbb28</load_address>
         <run_address>0xbb28</run_address>
         <size>0xf2</size>
         <input_file_ref idref="fl-9"/>
      </object_component>
      <object_component id="oc-227">
         <name>.debug_info</name>
         <load_address>0xbc1a</load_address>
         <run_address>0xbc1a</run_address>
         <size>0xda</size>
         <input_file_ref idref="fl-9"/>
      </object_component>
      <object_component id="oc-22d">
         <name>.debug_info</name>
         <load_address>0xbcf4</load_address>
         <run_address>0xbcf4</run_address>
         <size>0xdf</size>
         <input_file_ref idref="fl-9"/>
      </object_component>
      <object_component id="oc-137">
         <name>.debug_info</name>
         <load_address>0xbdd3</load_address>
         <run_address>0xbdd3</run_address>
         <size>0xe61</size>
         <input_file_ref idref="fl-9"/>
      </object_component>
      <object_component id="oc-21f">
         <name>.debug_info</name>
         <load_address>0xcc34</load_address>
         <run_address>0xcc34</run_address>
         <size>0x58f</size>
         <input_file_ref idref="fl-b"/>
      </object_component>
      <object_component id="oc-140">
         <name>.debug_info</name>
         <load_address>0xd1c3</load_address>
         <run_address>0xd1c3</run_address>
         <size>0x119</size>
         <input_file_ref idref="fl-b"/>
      </object_component>
      <object_component id="oc-127">
         <name>.debug_info</name>
         <load_address>0xd2dc</load_address>
         <run_address>0xd2dc</run_address>
         <size>0x123d</size>
         <input_file_ref idref="fl-b"/>
      </object_component>
      <object_component id="oc-75">
         <name>.debug_info</name>
         <load_address>0xe519</load_address>
         <run_address>0xe519</run_address>
         <size>0x333</size>
         <input_file_ref idref="fl-c"/>
      </object_component>
      <object_component id="oc-2e">
         <name>.debug_info</name>
         <load_address>0xe84c</load_address>
         <run_address>0xe84c</run_address>
         <size>0x4b5</size>
         <input_file_ref idref="fl-c"/>
      </object_component>
      <object_component id="oc-35">
         <name>.debug_info</name>
         <load_address>0xed01</load_address>
         <run_address>0xed01</run_address>
         <size>0x2d0</size>
         <input_file_ref idref="fl-d"/>
      </object_component>
      <object_component id="oc-13">
         <name>.debug_info</name>
         <load_address>0xefd1</load_address>
         <run_address>0xefd1</run_address>
         <size>0xf9</size>
         <input_file_ref idref="fl-d"/>
      </object_component>
      <object_component id="oc-28">
         <name>.debug_info</name>
         <load_address>0xf0ca</load_address>
         <run_address>0xf0ca</run_address>
         <size>0x275</size>
         <input_file_ref idref="fl-d"/>
      </object_component>
      <object_component id="oc-1b0">
         <name>.debug_info</name>
         <load_address>0xf33f</load_address>
         <run_address>0xf33f</run_address>
         <size>0x359</size>
         <input_file_ref idref="fl-e"/>
      </object_component>
      <object_component id="oc-f1">
         <name>.debug_info</name>
         <load_address>0xf698</load_address>
         <run_address>0xf698</run_address>
         <size>0x3d2</size>
         <input_file_ref idref="fl-e"/>
      </object_component>
      <object_component id="oc-131">
         <name>.debug_info</name>
         <load_address>0xfa6a</load_address>
         <run_address>0xfa6a</run_address>
         <size>0x130</size>
         <input_file_ref idref="fl-f"/>
      </object_component>
      <object_component id="oc-1c4">
         <name>.debug_info</name>
         <load_address>0xfb9a</load_address>
         <run_address>0xfb9a</run_address>
         <size>0x333</size>
         <input_file_ref idref="fl-c9"/>
      </object_component>
      <object_component id="oc-f7">
         <name>.debug_info</name>
         <load_address>0xfecd</load_address>
         <run_address>0xfecd</run_address>
         <size>0x1d1</size>
         <input_file_ref idref="fl-c9"/>
      </object_component>
      <object_component id="oc-1b8">
         <name>.debug_info</name>
         <load_address>0x1009e</load_address>
         <run_address>0x1009e</run_address>
         <size>0x18d</size>
         <input_file_ref idref="fl-c9"/>
      </object_component>
      <object_component id="oc-1be">
         <name>.debug_info</name>
         <load_address>0x1022b</load_address>
         <run_address>0x1022b</run_address>
         <size>0x16d</size>
         <input_file_ref idref="fl-c9"/>
      </object_component>
      <object_component id="oc-3b0">
         <name>.debug_info</name>
         <load_address>0x10398</load_address>
         <run_address>0x10398</run_address>
         <size>0x2c</size>
         <input_file_ref idref="fl-c9"/>
      </object_component>
      <object_component id="oc-206">
         <name>.debug_info</name>
         <load_address>0x103c4</load_address>
         <run_address>0x103c4</run_address>
         <size>0x37a</size>
         <input_file_ref idref="fl-ca"/>
      </object_component>
      <object_component id="oc-10f">
         <name>.debug_info</name>
         <load_address>0x1073e</load_address>
         <run_address>0x1073e</run_address>
         <size>0x17e</size>
         <input_file_ref idref="fl-ca"/>
      </object_component>
      <object_component id="oc-1fa">
         <name>.debug_info</name>
         <load_address>0x108bc</load_address>
         <run_address>0x108bc</run_address>
         <size>0x171</size>
         <input_file_ref idref="fl-ca"/>
      </object_component>
      <object_component id="oc-1f4">
         <name>.debug_info</name>
         <load_address>0x10a2d</load_address>
         <run_address>0x10a2d</run_address>
         <size>0x17e</size>
         <input_file_ref idref="fl-ca"/>
      </object_component>
      <object_component id="oc-200">
         <name>.debug_info</name>
         <load_address>0x10bab</load_address>
         <run_address>0x10bab</run_address>
         <size>0x1de</size>
         <input_file_ref idref="fl-ca"/>
      </object_component>
      <object_component id="oc-1d6">
         <name>.debug_info</name>
         <load_address>0x10d89</load_address>
         <run_address>0x10d89</run_address>
         <size>0x13a</size>
         <input_file_ref idref="fl-cb"/>
      </object_component>
      <object_component id="oc-1db">
         <name>.debug_info</name>
         <load_address>0x10ec3</load_address>
         <run_address>0x10ec3</run_address>
         <size>0x139</size>
         <input_file_ref idref="fl-cc"/>
      </object_component>
      <object_component id="oc-42">
         <name>.debug_info</name>
         <load_address>0x10ffc</load_address>
         <run_address>0x10ffc</run_address>
         <size>0x119</size>
         <input_file_ref idref="fl-cd"/>
      </object_component>
      <object_component id="oc-1d1">
         <name>.debug_info</name>
         <load_address>0x11115</load_address>
         <run_address>0x11115</run_address>
         <size>0x12e</size>
         <input_file_ref idref="fl-ce"/>
      </object_component>
      <object_component id="oc-a7">
         <name>.debug_info</name>
         <load_address>0x11243</load_address>
         <run_address>0x11243</run_address>
         <size>0x147</size>
         <input_file_ref idref="fl-cf"/>
      </object_component>
      <object_component id="oc-a5">
         <name>.debug_info</name>
         <load_address>0x1138a</load_address>
         <run_address>0x1138a</run_address>
         <size>0x2d4</size>
         <input_file_ref idref="fl-d0"/>
      </object_component>
      <object_component id="oc-54">
         <name>.debug_info</name>
         <load_address>0x1165e</load_address>
         <run_address>0x1165e</run_address>
         <size>0x1b5</size>
         <input_file_ref idref="fl-d0"/>
      </object_component>
      <object_component id="oc-a0">
         <name>.debug_info</name>
         <load_address>0x11813</load_address>
         <run_address>0x11813</run_address>
         <size>0x46</size>
         <input_file_ref idref="fl-d0"/>
      </object_component>
      <object_component id="oc-d5">
         <name>.debug_info</name>
         <load_address>0x11859</load_address>
         <run_address>0x11859</run_address>
         <size>0x2c</size>
         <input_file_ref idref="fl-d0"/>
      </object_component>
      <object_component id="oc-4c">
         <name>.debug_info</name>
         <load_address>0x11885</load_address>
         <run_address>0x11885</run_address>
         <size>0x2a8</size>
         <input_file_ref idref="fl-d1"/>
      </object_component>
      <object_component id="oc-1c">
         <name>.debug_info</name>
         <load_address>0x11b2d</load_address>
         <run_address>0x11b2d</run_address>
         <size>0x1ea</size>
         <input_file_ref idref="fl-d1"/>
      </object_component>
      <object_component id="oc-47">
         <name>.debug_info</name>
         <load_address>0x11d17</load_address>
         <run_address>0x11d17</run_address>
         <size>0x46</size>
         <input_file_ref idref="fl-d1"/>
      </object_component>
      <object_component id="oc-98">
         <name>.debug_info</name>
         <load_address>0x11d5d</load_address>
         <run_address>0x11d5d</run_address>
         <size>0x2c</size>
         <input_file_ref idref="fl-d1"/>
      </object_component>
      <object_component id="oc-96">
         <name>.debug_info</name>
         <load_address>0x11d89</load_address>
         <run_address>0x11d89</run_address>
         <size>0x29e</size>
         <input_file_ref idref="fl-d2"/>
      </object_component>
      <object_component id="oc-16">
         <name>.debug_info</name>
         <load_address>0x12027</load_address>
         <run_address>0x12027</run_address>
         <size>0x250</size>
         <input_file_ref idref="fl-d2"/>
      </object_component>
      <object_component id="oc-37">
         <name>.debug_info</name>
         <load_address>0x12277</load_address>
         <run_address>0x12277</run_address>
         <size>0x60</size>
         <input_file_ref idref="fl-d2"/>
      </object_component>
      <object_component id="oc-ce">
         <name>.debug_info</name>
         <load_address>0x122d7</load_address>
         <run_address>0x122d7</run_address>
         <size>0x46</size>
         <input_file_ref idref="fl-d2"/>
      </object_component>
      <object_component id="oc-91">
         <name>.debug_info</name>
         <load_address>0x1231d</load_address>
         <run_address>0x1231d</run_address>
         <size>0x39</size>
         <input_file_ref idref="fl-d2"/>
      </object_component>
      <object_component id="oc-2c7">
         <name>.debug_info</name>
         <load_address>0x12356</load_address>
         <run_address>0x12356</run_address>
         <size>0xf9</size>
         <input_file_ref idref="fl-d3"/>
      </object_component>
      <object_component id="oc-1e9">
         <name>.debug_info</name>
         <load_address>0x1244f</load_address>
         <run_address>0x1244f</run_address>
         <size>0x105</size>
         <input_file_ref idref="fl-d3"/>
      </object_component>
      <object_component id="oc-219">
         <name>.debug_info</name>
         <load_address>0x12554</load_address>
         <run_address>0x12554</run_address>
         <size>0x28a</size>
         <input_file_ref idref="fl-d4"/>
      </object_component>
      <object_component id="oc-11b">
         <name>.debug_info</name>
         <load_address>0x127de</load_address>
         <run_address>0x127de</run_address>
         <size>0x273</size>
         <input_file_ref idref="fl-d4"/>
      </object_component>
      <object_component id="oc-217">
         <name>.debug_info</name>
         <load_address>0x12a51</load_address>
         <run_address>0x12a51</run_address>
         <size>0x2fe</size>
         <input_file_ref idref="fl-d5"/>
      </object_component>
      <object_component id="oc-214">
         <name>.debug_info</name>
         <load_address>0x12d4f</load_address>
         <run_address>0x12d4f</run_address>
         <size>0x105</size>
         <input_file_ref idref="fl-d5"/>
      </object_component>
      <object_component id="oc-117">
         <name>.debug_info</name>
         <load_address>0x12e54</load_address>
         <run_address>0x12e54</run_address>
         <size>0x1ab</size>
         <input_file_ref idref="fl-d5"/>
      </object_component>
      <object_component id="oc-1ec">
         <name>.debug_info</name>
         <load_address>0x12fff</load_address>
         <run_address>0x12fff</run_address>
         <size>0x2b6</size>
         <input_file_ref idref="fl-d6"/>
      </object_component>
      <object_component id="oc-109">
         <name>.debug_info</name>
         <load_address>0x132b5</load_address>
         <run_address>0x132b5</run_address>
         <size>0x154</size>
         <input_file_ref idref="fl-d6"/>
      </object_component>
      <object_component id="oc-25">
         <name>.debug_info</name>
         <load_address>0x13409</load_address>
         <run_address>0x13409</run_address>
         <size>0x10b</size>
         <input_file_ref idref="fl-d7"/>
      </object_component>
      <object_component id="oc-60">
         <name>.debug_info</name>
         <load_address>0x13514</load_address>
         <run_address>0x13514</run_address>
         <size>0x1a9</size>
         <input_file_ref idref="fl-d7"/>
      </object_component>
      <object_component id="oc-2b1">
         <name>.debug_info</name>
         <load_address>0x136bd</load_address>
         <run_address>0x136bd</run_address>
         <size>0x590</size>
         <input_file_ref idref="fl-d8"/>
      </object_component>
      <object_component id="oc-27c">
         <name>.debug_info</name>
         <load_address>0x13c4d</load_address>
         <run_address>0x13c4d</run_address>
         <size>0x21e</size>
         <input_file_ref idref="fl-d8"/>
      </object_component>
      <object_component id="oc-379">
         <name>.debug_info</name>
         <load_address>0x13e6b</load_address>
         <run_address>0x13e6b</run_address>
         <size>0x1b3</size>
         <input_file_ref idref="fl-d8"/>
      </object_component>
      <object_component id="oc-37f">
         <name>.debug_info</name>
         <load_address>0x1401e</load_address>
         <run_address>0x1401e</run_address>
         <size>0x21b</size>
         <input_file_ref idref="fl-d8"/>
      </object_component>
      <object_component id="oc-287">
         <name>.debug_info</name>
         <load_address>0x14239</load_address>
         <run_address>0x14239</run_address>
         <size>0x3c0</size>
         <input_file_ref idref="fl-d8"/>
      </object_component>
      <object_component id="oc-386">
         <name>.debug_info</name>
         <load_address>0x145f9</load_address>
         <run_address>0x145f9</run_address>
         <size>0x30a</size>
         <input_file_ref idref="fl-d8"/>
      </object_component>
      <object_component id="oc-38c">
         <name>.debug_info</name>
         <load_address>0x14903</load_address>
         <run_address>0x14903</run_address>
         <size>0x215</size>
         <input_file_ref idref="fl-d8"/>
      </object_component>
      <object_component id="oc-28d">
         <name>.debug_info</name>
         <load_address>0x14b18</load_address>
         <run_address>0x14b18</run_address>
         <size>0x215</size>
         <input_file_ref idref="fl-d8"/>
      </object_component>
      <object_component id="oc-293">
         <name>.debug_info</name>
         <load_address>0x14d2d</load_address>
         <run_address>0x14d2d</run_address>
         <size>0x304</size>
         <input_file_ref idref="fl-d8"/>
      </object_component>
      <object_component id="oc-299">
         <name>.debug_info</name>
         <load_address>0x15031</load_address>
         <run_address>0x15031</run_address>
         <size>0x4b5</size>
         <input_file_ref idref="fl-d8"/>
      </object_component>
      <object_component id="oc-1b2">
         <name>.debug_info</name>
         <load_address>0x154e6</load_address>
         <run_address>0x154e6</run_address>
         <size>0x5f4</size>
         <input_file_ref idref="fl-d8"/>
      </object_component>
      <object_component id="oc-2b2">
         <name>.debug_info</name>
         <load_address>0x15ada</load_address>
         <run_address>0x15ada</run_address>
         <size>0x86</size>
         <input_file_ref idref="fl-d8"/>
      </object_component>
      <object_component id="oc-3b5">
         <name>.debug_info</name>
         <load_address>0x15b60</load_address>
         <run_address>0x15b60</run_address>
         <size>0x39</size>
         <input_file_ref idref="fl-d8"/>
      </object_component>
      <object_component id="oc-421">
         <name>.debug_info</name>
         <load_address>0x15b99</load_address>
         <run_address>0x15b99</run_address>
         <size>0xb6</size>
         <input_file_ref idref="fl-d8"/>
      </object_component>
      <object_component id="oc-3ba">
         <name>.debug_info</name>
         <load_address>0x15c4f</load_address>
         <run_address>0x15c4f</run_address>
         <size>0x46</size>
         <input_file_ref idref="fl-d8"/>
      </object_component>
      <object_component id="oc-2b7">
         <name>.debug_info</name>
         <load_address>0x15c95</load_address>
         <run_address>0x15c95</run_address>
         <size>0x46</size>
         <input_file_ref idref="fl-d8"/>
      </object_component>
      <object_component id="oc-301">
         <name>.debug_info</name>
         <load_address>0x15cdb</load_address>
         <run_address>0x15cdb</run_address>
         <size>0x5ce</size>
         <input_file_ref idref="fl-d9"/>
      </object_component>
      <object_component id="oc-1ee">
         <name>.debug_info</name>
         <load_address>0x162a9</load_address>
         <run_address>0x162a9</run_address>
         <size>0x983</size>
         <input_file_ref idref="fl-d9"/>
      </object_component>
      <object_component id="oc-303">
         <name>.debug_info</name>
         <load_address>0x16c2c</load_address>
         <run_address>0x16c2c</run_address>
         <size>0x9a</size>
         <input_file_ref idref="fl-d9"/>
      </object_component>
      <object_component id="oc-374">
         <name>.debug_info</name>
         <load_address>0x16cc6</load_address>
         <run_address>0x16cc6</run_address>
         <size>0x14c</size>
         <input_file_ref idref="fl-da"/>
      </object_component>
      <object_component id="oc-282">
         <name>.debug_info</name>
         <load_address>0x16e12</load_address>
         <run_address>0x16e12</run_address>
         <size>0x128</size>
         <input_file_ref idref="fl-db"/>
      </object_component>
      <object_component id="oc-35f">
         <name>.debug_info</name>
         <load_address>0x16f3a</load_address>
         <run_address>0x16f3a</run_address>
         <size>0x12a</size>
         <input_file_ref idref="fl-db"/>
      </object_component>
      <object_component id="oc-35a">
         <name>.debug_info</name>
         <load_address>0x17064</load_address>
         <run_address>0x17064</run_address>
         <size>0x13a</size>
         <input_file_ref idref="fl-dc"/>
      </object_component>
      <object_component id="oc-364">
         <name>.debug_info</name>
         <load_address>0x1719e</load_address>
         <run_address>0x1719e</run_address>
         <size>0x12e</size>
         <input_file_ref idref="fl-dd"/>
      </object_component>
      <object_component id="oc-2e3">
         <name>.debug_info</name>
         <load_address>0x172cc</load_address>
         <run_address>0x172cc</run_address>
         <size>0x13e</size>
         <input_file_ref idref="fl-de"/>
      </object_component>
      <object_component id="oc-36f">
         <name>.debug_info</name>
         <load_address>0x1740a</load_address>
         <run_address>0x1740a</run_address>
         <size>0x12c</size>
         <input_file_ref idref="fl-df"/>
      </object_component>
      <object_component id="oc-353">
         <name>.debug_info</name>
         <load_address>0x17536</load_address>
         <run_address>0x17536</run_address>
         <size>0x134</size>
         <input_file_ref idref="fl-e0"/>
      </object_component>
      <object_component id="oc-245">
         <name>.debug_info</name>
         <load_address>0x1766a</load_address>
         <run_address>0x1766a</run_address>
         <size>0x4b3</size>
         <input_file_ref idref="fl-e1"/>
      </object_component>
      <object_component id="oc-150">
         <name>.debug_info</name>
         <load_address>0x17b1d</load_address>
         <run_address>0x17b1d</run_address>
         <size>0x1a6</size>
         <input_file_ref idref="fl-e1"/>
      </object_component>
      <object_component id="oc-33d">
         <name>.debug_info</name>
         <load_address>0x17cc3</load_address>
         <run_address>0x17cc3</run_address>
         <size>0x39</size>
         <input_file_ref idref="fl-e1"/>
      </object_component>
      <object_component id="oc-3e4">
         <name>.debug_info</name>
         <load_address>0x17cfc</load_address>
         <run_address>0x17cfc</run_address>
         <size>0x39</size>
         <input_file_ref idref="fl-e1"/>
      </object_component>
      <object_component id="oc-342">
         <name>.debug_info</name>
         <load_address>0x17d35</load_address>
         <run_address>0x17d35</run_address>
         <size>0x39</size>
         <input_file_ref idref="fl-e1"/>
      </object_component>
      <object_component id="oc-347">
         <name>.debug_info</name>
         <load_address>0x17d6e</load_address>
         <run_address>0x17d6e</run_address>
         <size>0xcd</size>
         <input_file_ref idref="fl-e1"/>
      </object_component>
      <object_component id="oc-ae">
         <name>.debug_info</name>
         <load_address>0x17e3b</load_address>
         <run_address>0x17e3b</run_address>
         <size>0x153</size>
         <input_file_ref idref="fl-e2"/>
      </object_component>
      <object_component id="oc-144">
         <name>.debug_info</name>
         <load_address>0x17f8e</load_address>
         <run_address>0x17f8e</run_address>
         <size>0x122</size>
         <input_file_ref idref="fl-e4"/>
      </object_component>
      <object_component id="oc-3fe">
         <name>.debug_info</name>
         <load_address>0x180b0</load_address>
         <run_address>0x180b0</run_address>
         <size>0x29c</size>
         <input_file_ref idref="fl-e6"/>
      </object_component>
      <object_component id="oc-369">
         <name>.debug_info</name>
         <load_address>0x1834c</load_address>
         <run_address>0x1834c</run_address>
         <size>0x1da</size>
         <input_file_ref idref="fl-e6"/>
      </object_component>
      <object_component id="oc-351">
         <name>.debug_info</name>
         <load_address>0x18526</load_address>
         <run_address>0x18526</run_address>
         <size>0x2b9</size>
         <input_file_ref idref="fl-e8"/>
      </object_component>
      <object_component id="oc-276">
         <name>.debug_info</name>
         <load_address>0x187df</load_address>
         <run_address>0x187df</run_address>
         <size>0x17c</size>
         <input_file_ref idref="fl-e8"/>
      </object_component>
      <object_component id="oc-3a1">
         <name>.debug_info</name>
         <load_address>0x1895b</load_address>
         <run_address>0x1895b</run_address>
         <size>0x2a7</size>
         <input_file_ref idref="fl-e9"/>
      </object_component>
[...]
         <value>0x2000318b</value>
         <object_component_ref idref="oc-232"/>
      </symbol>
      <symbol id="sm-56a">
         <name>addMqtt</name>
         <value>0x2811</value>
         <object_component_ref idref="oc-136"/>
      </symbol>
      <symbol id="sm-56b">
         <name>tcpSendMessage</name>
         <value>0x2961</value>
         <object_component_ref idref="oc-136"/>
      </symbol>
      <symbol id="sm-56c">
         <name>tcpProcessTcpResponse</name>
         <value>0x3451</value>
         <object_component_ref idref="oc-136"/>
      </symbol>
      <symbol id="sm-56d">
         <name>extractTcpData</name>
         <value>0x274b</value>
         <object_component_ref idref="oc-136"/>
      </symbol>
      <symbol id="sm-56e">
         <name>tcpIsMqttConAck</name>
         <value>0x327f</value>
         <object_component_ref idref="oc-136"/>
      </symbol>
      <symbol id="sm-56f">
         <name>tcpIsFinAck</name>
         <value>0x2ed9</value>
         <object_component_ref idref="oc-136"/>
      </symbol>
      <symbol id="sm-570">
         <name>tcpIsSynAck</name>
         <value>0x2d25</value>
         <object_component_ref idref="oc-136"/>
      </symbol>
      <symbol id="sm-571">
         <name>routerMacAddress</name>
         <value>0x20003185</value>
         <object_component_ref idref="oc-22f"/>
      </symbol>
      <symbol id="sm-572">
         <name>getDnsData</name>
         <value>0x26df</value>
         <object_component_ref idref="oc-136"/>
      </symbol>
      <symbol id="sm-573">
         <name>ipTo</name>
         <value>0x200031a7</value>
         <object_component_ref idref="oc-226"/>
      </symbol>
      <symbol id="sm-574">
         <name>mqttDisconnectFlag</name>
         <value>0x200031b6</value>
         <object_component_ref idref="oc-12d"/>
      </symbol>
      <symbol id="sm-575">
         <name>mqttConnectFlag</name>
         <value>0x200031b5</value>
         <object_component_ref idref="oc-12d"/>
      </symbol>
      <symbol id="sm-576">
         <name>tcpState</name>
         <value>0x200031b4</value>
         <object_component_ref idref="oc-12d"/>
      </symbol>
      <symbol id="sm-577">
         <name>tcpGetState</name>
         <value>0x26d9</value>
         <object_component_ref idref="oc-136"/>
      </symbol>
      <symbol id="sm-578">
         <name>tcpSetState</name>
         <value>0x26c5</value>
         <object_component_ref idref="oc-136"/>
      </symbol>
      <symbol id="sm-5ff">
         <name>clientSocket</name>
         <value>0x20002000</value>
      </symbol>
      <symbol id="sm-600">
         <name>globalIndex</name>
         <value>0x2000316c</value>
      </symbol>
      <symbol id="sm-601">
         <name>tcpGetSourcePort</name>
         <value>0x4935</value>
         <object_component_ref idref="oc-126"/>
      </symbol>
      <symbol id="sm-602">
         <name>sendFinFlag</name>
         <value>0x200031b8</value>
         <object_component_ref idref="oc-13f"/>
      </symbol>
      <symbol id="sm-603">
         <name>setClientState</name>
         <value>0x426d</value>
         <object_component_ref idref="oc-126"/>
      </symbol>
      <symbol id="sm-604">
         <name>getSocketIndex</name>
         <value>0x42db</value>
         <object_component_ref idref="oc-126"/>
      </symbol>
      <symbol id="sm-605">
         <name>tcpGetClientSeqNumber</name>
         <value>0x494f</value>
         <object_component_ref idref="oc-126"/>
      </symbol>
      <symbol id="sm-606">
         <name>tcpGetClientIpAddress</name>
         <value>0x48c1</value>
         <object_component_ref idref="oc-126"/>
      </symbol>
      <symbol id="sm-607">
         <name>tcpClientGetAckNumber</name>
         <value>0x498d</value>
         <object_component_ref idref="oc-126"/>
      </symbol>
      <symbol id="sm-608">
         <name>extractTcpServerData</name>
         <value>0x44a5</value>
         <object_component_ref idref="oc-126"/>
      </symbol>
      <symbol id="sm-609">
         <name>tcpGetDestPort</name>
         <value>0x4915</value>
         <object_component_ref idref="oc-126"/>
      </symbol>
      <symbol id="sm-60a">
         <name>getCurrentClientState</name>
         <value>0x42a5</value>
         <object_component_ref idref="oc-126"/>
      </symbol>
      <symbol id="sm-60b">
         <name>sendTcpPendingMessage</name>
         <value>0x42f5</value>
         <object_component_ref idref="oc-126"/>
      </symbol>
      <symbol id="sm-60c">
         <name>displayTcpClients</name>
         <value>0x4131</value>
         <object_component_ref idref="oc-126"/>
      </symbol>
      <symbol id="sm-60d">
         <name>tcpEndConnectionCommand</name>
         <value>0x4221</value>
         <object_component_ref idref="oc-126"/>
      </symbol>
      <symbol id="sm-60e">
         <name>tcpServerSendMessage</name>
         <value>0x49c1</value>
         <object_component_ref idref="oc-126"/>
      </symbol>
      <symbol id="sm-60f">
         <name>tcpGetClientMacAddress</name>
         <value>0x4875</value>
         <object_component_ref idref="oc-126"/>
      </symbol>
      <symbol id="sm-610">
         <name>dataInSocketFlag</name>
         <value>0x200031b7</value>
         <object_component_ref idref="oc-13f"/>
      </symbol>
      <symbol id="sm-611">
         <name>clientSocketSetToUnoccupied</name>
         <value>0x42bf</value>
         <object_component_ref idref="oc-126"/>
      </symbol>
      <symbol id="sm-612">
         <name>tcpClientGetState</name>
         <value>0x496d</value>
         <object_component_ref idref="oc-126"/>
      </symbol>
      <symbol id="sm-613">
         <name>processTcpServerMessage</name>
         <value>0x43f3</value>
         <object_component_ref idref="oc-126"/>
      </symbol>
      <symbol id="sm-654">
         <name>fn</name>
         <value>0x200030bc</value>
      </symbol>
      <symbol id="sm-655">
         <name>period</name>
         <value>0x200030e4</value>
      </symbol>
      <symbol id="sm-656">
         <name>ticks</name>
         <value>0x2000310c</value>
      </symbol>
      <symbol id="sm-657">
         <name>reload</name>
         <value>0x20003134</value>
      </symbol>
      <symbol id="sm-658">
         <name>initTimer</name>
         <value>0x6dd9</value>
         <object_component_ref idref="oc-2d"/>
      </symbol>
      <symbol id="sm-659">
         <name>stopTimer</name>
         <value>0x6f85</value>
         <object_component_ref idref="oc-2d"/>
      </symbol>
      <symbol id="sm-65a">
         <name>startOneshotTimer</name>
         <value>0x6e79</value>
         <object_component_ref idref="oc-2d"/>
      </symbol>
      <symbol id="sm-65b">
         <name>restartTimer</name>
         <value>0x6feb</value>
         <object_component_ref idref="oc-2d"/>
      </symbol>
      <symbol id="sm-65c">
         <name>random32</name>
         <value>0x70d3</value>
         <object_component_ref idref="oc-2d"/>
      </symbol>
      <symbol id="sm-65d">
         <name>tickIsr</name>
         <value>0x7059</value>
         <object_component_ref idref="oc-2d"/>
      </symbol>
      <symbol id="sm-65e">
         <name>startPeriodicTimer</name>
         <value>0x6eff</value>
         <object_component_ref idref="oc-2d"/>
      </symbol>
      <symbol id="sm-67a">
         <name>ResetISR</name>
         <value>0x8fdf</value>
         <object_component_ref idref="oc-27"/>
      </symbol>
      <symbol id="sm-67b">
         <name>g_pfnVectors</name>
         <value>0x0</value>
         <object_component_ref idref="oc-12"/>
      </symbol>
      <symbol id="sm-69e">
         <name>getcUart0</name>
         <value>0x813b</value>
         <object_component_ref idref="oc-f0"/>
      </symbol>
      <symbol id="sm-69f">
         <name>kbhitUart0</name>
         <value>0x814f</value>
         <object_component_ref idref="oc-f0"/>
      </symbol>
      <symbol id="sm-6a0">
         <name>setUart0BaudRate</name>
         <value>0x80b3</value>
         <object_component_ref idref="oc-f0"/>
      </symbol>
      <symbol id="sm-6a1">
         <name>putsUart0</name>
         <value>0x810f</value>
         <object_component_ref idref="oc-f0"/>
      </symbol>
      <symbol id="sm-6a2">
         <name>initUart0</name>
         <value>0x8069</value>
         <object_component_ref idref="oc-f0"/>
      </symbol>
      <symbol id="sm-6a3">
         <name>putcUart0</name>
         <value>0x80f3</value>
         <object_component_ref idref="oc-f0"/>
      </symbol>
      <symbol id="sm-6b1">
         <name>waitMicrosecond</name>
         <value>0x8e69</value>
         <object_component_ref idref="oc-130"/>
      </symbol>
      <symbol id="sm-6d8">
         <name>sprintf</name>
         <value>0x8cc1</value>
         <object_component_ref idref="oc-f6"/>
      </symbol>
      <symbol id="sm-70f">
         <name>sscanf</name>
         <value>0x8d81</value>
         <object_component_ref idref="oc-10e"/>
      </symbol>
      <symbol id="sm-71a">
         <name>__aeabi_dmul</name>
         <value>0x83ad</value>
         <object_component_ref idref="oc-1d5"/>
      </symbol>
      <symbol id="sm-724">
         <name>__aeabi_d2uiz</name>
         <value>0x8c7d</value>
         <object_component_ref idref="oc-1da"/>
      </symbol>
      <symbol id="sm-73f">
         <name>memcpy</name>
         <value>0x855b</value>
         <object_component_ref idref="oc-41"/>
      </symbol>
      <symbol id="sm-740">
         <name>__aeabi_memcpy</name>
         <value>0x855b</value>
         <object_component_ref idref="oc-41"/>
      </symbol>
      <symbol id="sm-741">
         <name>__aeabi_memcpy8</name>
         <value>0x855b</value>
         <object_component_ref idref="oc-41"/>
      </symbol>
      <symbol id="sm-742">
         <name>__aeabi_memcpy4</name>
         <value>0x855b</value>
         <object_component_ref idref="oc-41"/>
      </symbol>
      <symbol id="sm-74c">
         <name>__aeabi_ui2d</name>
         <value>0x8e8d</value>
         <object_component_ref idref="oc-1d0"/>
      </symbol>
      <symbol id="sm-75b">
         <name>__aeabi_memset</name>
         <value>0x881f</value>
         <object_component_ref idref="oc-a6"/>
      </symbol>
      <symbol id="sm-75c">
         <name>memset</name>
         <value>0x8825</value>
         <object_component_ref idref="oc-a6"/>
      </symbol>
      <symbol id="sm-75d">
         <name>__aeabi_memset8</name>
         <value>0x881f</value>
         <object_component_ref idref="oc-a6"/>
      </symbol>
      <symbol id="sm-75e">
         <name>__aeabi_memset4</name>
         <value>0x881f</value>
         <object_component_ref idref="oc-a6"/>
      </symbol>
      <symbol id="sm-75f">
         <name>__aeabi_memclr8</name>
         <value>0x881d</value>
         <object_component_ref idref="oc-a6"/>
      </symbol>
      <symbol id="sm-760">
         <name>__aeabi_memclr4</name>
         <value>0x881d</value>
         <object_component_ref idref="oc-a6"/>
      </symbol>
      <symbol id="sm-761">
         <name>__aeabi_memclr</name>
         <value>0x881d</value>
         <object_component_ref idref="oc-a6"/>
      </symbol>
      <symbol id="sm-778">
         <name>__TI_zero_init</name>
         <value>0x8fd3</value>
         <object_component_ref idref="oc-53"/>
      </symbol>
      <symbol id="sm-78f">
         <name>__TI_decompress_none</name>
         <value>0x8fc5</value>
         <object_component_ref idref="oc-1b"/>
      </symbol>
      <symbol id="sm-7b2">
         <name>__TI_decompress_lzss</name>
         <value>0x89dd</value>
         <object_component_ref idref="oc-15"/>
      </symbol>
      <symbol id="sm-7bd">
         <name>_ctypes_</name>
         <value>0x9010</value>
         <object_component_ref idref="oc-1e8"/>
      </symbol>
      <symbol id="sm-7cc">
         <name>strcmp</name>
         <value>0x8f13</value>
         <object_component_ref idref="oc-11a"/>
      </symbol>
      <symbol id="sm-7e4">
         <name>strtok</name>
         <value>0x8d01</value>
         <object_component_ref idref="oc-114"/>
      </symbol>
      <symbol id="sm-7f3">
         <name>tolower</name>
         <value>0x8fb5</value>
         <object_component_ref idref="oc-108"/>
      </symbol>
      <symbol id="sm-806">
         <name>__stack</name>
         <value>0x20000000</value>
         <object_component_ref idref="oc-24"/>
      </symbol>
      <symbol id="sm-807">
         <name>_c_int00_noargs</name>
         <value>0x8db9</value>
         <object_component_ref idref="oc-5f"/>
      </symbol>
      <symbol id="sm-96c">
         <name>__TI_printfi</name>
         <value>0x5769</value>
         <object_component_ref idref="oc-1b1"/>
      </symbol>
      <symbol id="sm-a1d">
         <name>__TI_scanfi</name>
         <value>0x4c79</value>
         <object_component_ref idref="oc-1ed"/>
      </symbol>
      <symbol id="sm-a34">
         <name>__aeabi_dsub</name>
         <value>0x772d</value>
         <object_component_ref idref="oc-373"/>
      </symbol>
      <symbol id="sm-a35">
         <name>__aeabi_dadd</name>
         <value>0x7737</value>
         <object_component_ref idref="oc-373"/>
      </symbol>
      <symbol id="sm-a57">
         <name>__aeabi_cdcmpeq</name>
         <value>0x868d</value>
         <object_component_ref idref="oc-281"/>
      </symbol>
      <symbol id="sm-a58">
         <name>__aeabi_cdcmple</name>
         <value>0x868d</value>
         <object_component_ref idref="oc-281"/>
      </symbol>
      <symbol id="sm-a59">
         <name>__aeabi_cdrcmple</name>
         <value>0x8713</value>
         <object_component_ref idref="oc-35e"/>
      </symbol>
      <symbol id="sm-a6d">
         <name>__aeabi_ddiv</name>
         <value>0x7cdd</value>
         <object_component_ref idref="oc-359"/>
      </symbol>
      <symbol id="sm-a77">
         <name>__aeabi_d2iz</name>
         <value>0x8bf1</value>
         <object_component_ref idref="oc-363"/>
      </symbol>
      <symbol id="sm-a83">
         <name>__aeabi_d2f</name>
         <value>0x8905</value>
         <object_component_ref idref="oc-2e2"/>
      </symbol>
      <symbol id="sm-a8d">
         <name>__aeabi_i2d</name>
         <value>0x8ded</value>
         <object_component_ref idref="oc-36e"/>
      </symbol>
      <symbol id="sm-a9a">
         <name>__aeabi_uldivmod</name>
         <value>0x85f7</value>
         <object_component_ref idref="oc-352"/>
      </symbol>
      <symbol id="sm-ac2">
         <name>__TI_auto_init_nobinit_nopinit</name>
         <value>0x8c39</value>
         <object_component_ref idref="oc-14f"/>
      </symbol>
      <symbol id="sm-acc">
         <name>_system_pre_init</name>
         <value>0x9005</value>
         <object_component_ref idref="oc-ac"/>
      </symbol>
      <symbol id="sm-ad8">
         <name>C$$EXIT</name>
         <value>0x9009</value>
         <object_component_ref idref="oc-143"/>
      </symbol>
      <symbol id="sm-ad9">
         <name>abort</name>
         <value>0x9009</value>
         <object_component_ref idref="oc-143"/>
      </symbol>
      <symbol id="sm-ae9">
         <name>__TI_ltoa</name>
         <value>0x8aff</value>
         <object_component_ref idref="oc-368"/>
      </symbol>
      <symbol id="sm-b00">
         <name>atoi</name>
         <value>0x8ba5</value>
         <object_component_ref idref="oc-275"/>
      </symbol>
      <symbol id="sm-b10">
         <name>memccpy</name>
         <value>0x8ead</value>
         <object_component_ref idref="oc-29e"/>
      </symbol>
      <symbol id="sm-b20">
         <name>strchr</name>
         <value>0x8f43</value>
         <object_component_ref idref="oc-2f9"/>
      </symbol>
      <symbol id="sm-b2e">
         <name>strcpy</name>
         <value>0x8f59</value>
         <object_component_ref idref="oc-2ca"/>
      </symbol>
      <symbol id="sm-b3f">
         <name>strcspn</name>
         <value>0x8e45</value>
         <object_component_ref idref="oc-20d"/>
      </symbol>
      <symbol id="sm-b4d">
         <name>strlen</name>
         <value>0x8f6d</value>
         <object_component_ref idref="oc-26f"/>
      </symbol>
      <symbol id="sm-b5c">
         <name>strrchr</name>
         <value>0x8f2b</value>
         <object_component_ref idref="oc-2f3"/>
      </symbol>
      <symbol id="sm-b6e">
         <name>strspn</name>
         <value>0x8e1b</value>
         <object_component_ref idref="oc-207"/>
      </symbol>
      <symbol id="sm-bce">
         <name>strtold</name>
         <value>0x6979</value>
         <object_component_ref idref="oc-2dc"/>
      </symbol>
      <symbol id="sm-bcf">
         <name>strtod</name>
         <value>0x6979</value>
         <object_component_ref idref="oc-2dc"/>
      </symbol>
      <symbol id="sm-bf3">
         <name>strtol</name>
         <value>0x7e15</value>
         <object_component_ref idref="oc-2e7"/>
      </symbol>
      <symbol id="sm-c19">
         <name>strtoll</name>
         <value>0x7381</value>
         <object_component_ref idref="oc-2ed"/>
      </symbol>
      <symbol id="sm-c39">
         <name>strtoul</name>
         <value>0x829d</value>
         <object_component_ref idref="oc-2d6"/>
      </symbol>
      <symbol id="sm-c5c">
         <name>strtoull</name>
         <value>0x7a45</value>
         <object_component_ref idref="oc-2d0"/>
      </symbol>
      <symbol id="sm-c72">
         <name>__aeabi_errno_addr</name>
         <value>0x8ff5</value>
         <object_component_ref idref="oc-2aa"/>
      </symbol>
      <symbol id="sm-c73">
         <name>errno</name>
         <value>0x200031ac</value>
         <object_component_ref idref="oc-3a9"/>
      </symbol>
      <symbol id="sm-c93">
         <name>frexpl</name>
         <value>0x8a45</value>
         <object_component_ref idref="oc-393"/>
      </symbol>
      <symbol id="sm-c94">
         <name>frexp</name>
         <value>0x8a45</value>
         <object_component_ref idref="oc-393"/>
      </symbol>
      <symbol id="sm-cb1">
         <name>scalbn</name>
         <value>0x818d</value>
         <object_component_ref idref="oc-399"/>
      </symbol>
      <symbol id="sm-cb2">
         <name>scalbnl</name>
         <value>0x818d</value>
         <object_component_ref idref="oc-399"/>
      </symbol>
      <symbol id="sm-cb3">
         <name>ldexpl</name>
         <value>0x818d</value>
         <object_component_ref idref="oc-399"/>
      </symbol>
      <symbol id="sm-cb4">
         <name>ldexp</name>
         <value>0x818d</value>
         <object_component_ref idref="oc-399"/>
      </symbol>
      <symbol id="sm-ccd">
         <name>wcslen</name>
         <value>0x8f93</value>
         <object_component_ref idref="oc-2a4"/>
      </symbol>
      <symbol id="sm-cd7">
         <name>copysign</name>
         <value>0x8ec9</value>
         <object_component_ref idref="oc-40c"/>
      </symbol>
      <symbol id="sm-cd8">
         <name>copysignl</name>
         <value>0x8ec9</value>
         <object_component_ref idref="oc-40c"/>
      </symbol>
      <symbol id="sm-ce2">
         <name>__aeabi_idiv0</name>
         <value>0x61b7</value>
         <object_component_ref idref="oc-3f4"/>
      </symbol>
      <symbol id="sm-ce3">
         <name>__aeabi_ldiv0</name>
         <value>0x61b7</value>
         <object_component_ref idref="oc-3f4"/>
      </symbol>
      <symbol id="sm-cec">
         <name>__aeabi_lmul</name>
         <value>0x8efb</value>
         <object_component_ref idref="oc-3c3"/>
      </symbol>
      <symbol id="sm-ced">
         <name>__TI_static_base__</name>
         <value>0x0</value>
      </symbol>
      <symbol id="sm-cf0">
         <name>__mpu_init</name>
         <value>0x0</value>
      </symbol>
      <symbol id="sm-cf1">
         <name>_system_post_cinit</name>
         <value>0x0</value>
      </symbol>
   </symbol_table>
   <title>Link successful</title>
</link_info>
