******************************************************************************
                  TI ARM Linker Unix v20.2.2                   
******************************************************************************
>> Linked Sun Mar 20 18:19:49 2022

OUTPUT FILE NAME:   <CSE4352ProjectOne.out>
ENTRY POINT SYMBOL: "_c_int00_noargs"  address: 00007255


MEMORY CONFIGURATION

         name            origin    length      used     unused   attr    fill
----------------------  --------  ---------  --------  --------  ----  --------
  FLASH                 00000000   00040000  000076d8  00038928  R  X
  SRAM                  20000000   00008000  00002138  00005ec8  RW X


SEGMENT ALLOCATION MAP

run origin  load origin   length   init length attrs members
----------  ----------- ---------- ----------- ----- -------
00000000    00000000    000076d8   000076d8    r-x
  00000000    00000000    0000026c   0000026c    r-- .intvecs
  0000026c    0000026c    0000724c   0000724c    r-x .text
  000074b8    000074b8    000001e0   000001e0    r-- .const
  00007698    00007698    00000040   00000040    r-- .cinit
20000000    20000000    00002138   00000000    rw-
  20000000    20000000    00002000   00000000    rw- .stack
  20002000    20002000    00000104   00000000    rw- .bss
  20002104    20002104    00000034   00000000    rw- .data


SECTION ALLOCATION MAP

 output                                  attributes/
section   page    origin      length       input sections
--------  ----  ----------  ----------   ----------------
.intvecs   0    00000000    0000026c     
                  00000000    0000026c     tm4c123gh6pm_startup_ccs.obj (.intvecs)

.text      0    0000026c    0000724c     
                  0000026c    0000132c     eth0.obj (.text)
                  00001598    00001120     dhcp.obj (.text)
                  000026b8    00000af0     rtsv7M4_T_le_v4SPD16_eabi.lib : _scanfi.c.obj (.text:__TI_scanfi)
                  000031a8    00000a5c     ethernet_dhcp.obj (.text)
                  00003c04    00000a4e     rtsv7M4_T_le_v4SPD16_eabi.lib : _printfi.c.obj (.text:__TI_printfi)
                  00004652    00000002                                   : div0.asm.obj (.text)
                  00004654    000007c0     gpio.obj (.text)
                  00004e14    00000460     rtsv7M4_T_le_v4SPD16_eabi.lib : strtod.c.obj (.text:strtod)
                  00005274    00000338     timer.obj (.text)
                  000055ac    00000270     rtsv7M4_T_le_v4SPD16_eabi.lib : _printfi.c.obj (.text:_pconv_a)
                  0000581c    000001dc                                   : strtoll.c.obj (.text:strtoll)
                  000059f8    000001d0                                   : _printfi.c.obj (.text:_pconv_g)
                  00005bc8    000001b6                                   : fd_add_t2.asm.obj (.text)
                  00005d7e    00000002     --HOLE-- [fill = 0]
                  00005d80    00000160     spi0.obj (.text)
                  00005ee0    0000015c     rtsv7M4_T_le_v4SPD16_eabi.lib : strtoull.c.obj (.text:strtoull)
                  0000603c    0000013c                                   : _printfi.c.obj (.text:_pconv_e)
                  00006178    00000136                                   : fd_div_t2.asm.obj (.text)
                  000062ae    00000002     --HOLE-- [fill = 0]
                  000062b0    00000130                                   : strtol.c.obj (.text:strtol)
                  000063e0    00000124                                   : _printfi.c.obj (.text:fcvt)
                  00006504    00000124     uart0.obj (.text)
                  00006628    00000110     rtsv7M4_T_le_v4SPD16_eabi.lib : s_scalbn.c.obj (.text:scalbn)
                  00006738    00000110                                   : strtoul.c.obj (.text:strtoul)
                  00006848    000000fc                                   : fd_mul_t2.asm.obj (.text)
                  00006944    000000b1                                   : _printfi.c.obj (.text:_ltostr)
                  000069f5    00000001     --HOLE-- [fill = 0]
                  000069f6    0000009c                                   : memcpy_t2.asm.obj (.text)
                  00006a92    00000096                                   : ull_div_t2.asm.obj (.text)
                  00006b28    00000086                                   : fd_cmp_t2.asm.obj (.text:__aeabi_cdcmple)
                  00006bae    00000086                                   : fd_cmp_t2.asm.obj (.text:__aeabi_cdrcmple)
                  00006c34    00000084     eeprom.obj (.text)
                  00006cb8    0000007a     rtsv7M4_T_le_v4SPD16_eabi.lib : memset_t2.asm.obj (.text)
                  00006d32    0000006e                                   : _printfi.c.obj (.text:_mcpy)
                  00006da0    0000006e                                   : fd_tos_t2.asm.obj (.text)
                  00006e0e    00000002     --HOLE-- [fill = 0]
                  00006e10    00000068                                   : sscanf.c.obj (.text:_chkmbc)
                  00006e78    00000068                                   : copy_decompress_lzss.c.obj (.text:decompress:lzss:__TI_decompress_lzss)
                  00006ee0    00000064                                   : s_frexp.c.obj (.text:frexp)
                  00006f44    00000056                                   : _printfi.c.obj (.text:_pconv_f)
                  00006f9a    00000054                                   : _ltoa.c.obj (.text:__TI_ltoa)
                  00006fee    00000052                                   : _printfi.c.obj (.text:_ecpy)
                  00007040    0000004c                                   : atoi.c.obj (.text:atoi)
                  0000708c    00000048                                   : fd_toi_t2.asm.obj (.text)
                  000070d4    00000044                                   : autoinit.c.obj (.text:__TI_auto_init_nobinit_nopinit:__TI_auto_init_nobinit_nopinit)
                  00007118    00000044                                   : fd_tou_t2.asm.obj (.text)
                  0000715c    00000040                                   : sprintf.c.obj (.text:sprintf)
                  0000719c    00000040                                   : strtok.c.obj (.text:strtok)
                  000071dc    0000003e                                   : _printfi.c.obj (.text:_fcpy)
                  0000721a    00000002     --HOLE-- [fill = 0]
                  0000721c    00000038                                   : sscanf.c.obj (.text:sscanf)
                  00007254    00000034                                   : boot_cortex_m.c.obj (.text:_c_int00_noargs:_c_int00_noargs)
                  00007288    0000002e                                   : i_tofd_t2.asm.obj (.text)
                  000072b6    0000002a                                   : strspn.c.obj (.text:strspn)
                  000072e0    00000024                                   : strcspn.c.obj (.text:strcspn)
                  00007304    00000024     wait.obj (.text)
                  00007328    00000020     rtsv7M4_T_le_v4SPD16_eabi.lib : u_tofd_t2.asm.obj (.text)
                  00007348    0000001c                                   : copy_zero_init.c.obj (.text:decompress:ZI:__TI_zero_init_nomemset:__TI_zero_init_nomemset)
                  00007364    0000001c                                   : memccpy.c.obj (.text:memccpy)
                  00007380    0000001a                                   : s_copysign.c.obj (.text:copysign)
                  0000739a    00000018                                   : sprintf.c.obj (.text:_outs)
                  000073b2    00000018                                   : ll_mul_t2.asm.obj (.text)
                  000073ca    00000018                                   : strcmp.c.obj (.text:strcmp)
                  000073e2    00000018                                   : strrchr.c.obj (.text:strrchr)
                  000073fa    00000016                                   : strchr.c.obj (.text:strchr)
                  00007410    00000014                                   : strcpy.c.obj (.text:strcpy)
                  00007424    00000014                                   : strlen.c.obj (.text:strlen)
                  00007438    00000012                                   : sscanf.c.obj (.text:_inpchar)
                  0000744a    00000012                                   : wcslen.c.obj (.text:wcslen)
                  0000745c    00000010     clock.obj (.text)
                  0000746c    00000010     rtsv7M4_T_le_v4SPD16_eabi.lib : tolower.c.obj (.text:tolower)
                  0000747c    0000000e                                   : copy_decompress_none.c.obj (.text:decompress:none:__TI_decompress_none)
                  0000748a    0000000c     tm4c123gh6pm_startup_ccs.obj (.text)
                  00007496    0000000a     rtsv7M4_T_le_v4SPD16_eabi.lib : sprintf.c.obj (.text:_outc)
                  000074a0    00000008                                   : errno.c.obj (.text:__aeabi_errno_addr)
                  000074a8    00000008                                   : sscanf.c.obj (.text:_uninpchar)
                  000074b0    00000004                                   : pre_init.c.obj (.text:_system_pre_init)
                  000074b4    00000004                                   : exit.c.obj (.text:abort:abort)

.const     0    000074b8    000001e0     
                  000074b8    00000101     rtsv7M4_T_le_v4SPD16_eabi.lib : ctype.c.obj (.const:.string:_ctypes_)
                  000075b9    00000007     --HOLE-- [fill = 0]
                  000075c0    000000c8                                   : strtod.c.obj (.const:$O1$$)
                  00007688    00000010                                   : _scanfi.c.obj (.const:$O1$$)

.cinit     0    00007698    00000040     
                  00007698    00000019     (.cinit..data.load) [load image, compression = lzss]
                  000076b1    00000003     --HOLE-- [fill = 0]
                  000076b4    0000000c     (__TI_handler_table)
                  000076c0    00000008     (.cinit..bss.load) [load image, compression = zero_init]
                  000076c8    00000010     (__TI_cinit_table)

.init_array 
*          0    00000000    00000000     UNINITIALIZED

.bss       0    20002000    00000104     UNINITIALIZED
                  20002000    00000054     (.common:strInput)
                  20002054    00000028     (.common:fn)
                  2000207c    00000028     (.common:period)
                  200020a4    00000028     (.common:ticks)
                  200020cc    0000000c     (.common:reload)
                  200020d8    00000004     (.common:domainNameServerAdd)
                  200020dc    00000004     (.common:gateWayAdd)
                  200020e0    00000004     (.common:globalXid)
                  200020e4    00000004     (.common:ipOfferedAdd)
                  200020e8    00000004     (.common:ipTimeServerAdd)
                  200020ec    00000004     (.common:leaseTime)
                  200020f0    00000004     (.common:serverIdentifierAdd)
                  200020f4    00000004     (.common:subnetMaskAdd)
                  200020f8    00000004     (.common:t1LeaseTime)
                  200020fc    00000004     (.common:t2LeaseTime)
                  20002100    00000004     (.common:token)

.data      0    20002104    00000034     UNINITIALIZED
                  20002104    00000006     dhcp.obj (.data)
                  2000210a    00000006     eth0.obj (.data:hwAddress)
                  20002110    00000005     ethernet_dhcp.obj (.data)
                  20002115    00000004     eth0.obj (.data)
                  20002119    00000004     eth0.obj (.data:ipAddress)
                  2000211d    00000004     eth0.obj (.data:ipDnsAddress)
                  20002121    00000004     eth0.obj (.data:ipGwAddress)
                  20002125    00000004     eth0.obj (.data:ipSubnetMask)
                  20002129    00000004     eth0.obj (.data:ipTimeServerAddress)
                  2000212d    00000003     --HOLE--
                  20002130    00000004     rtsv7M4_T_le_v4SPD16_eabi.lib : errno.c.obj (.data)
                  20002134    00000004                                   : strtok.c.obj (.data)

.stack     0    20000000    00002000     UNINITIALIZED
                  20000000    00000004     rtsv7M4_T_le_v4SPD16_eabi.lib : boot_cortex_m.c.obj (.stack)
                  20000004    00001ffc     --HOLE--

__llvm_prf_cnts 
*          0    20000000    00000000     UNINITIALIZED

MODULE SUMMARY

       Module                         code    ro data   rw data
       ------                         ----    -------   -------
    ./
       eth0.obj                       4908    0         30     
       dhcp.obj                       4384    0         46     
       ethernet_dhcp.obj              2652    0         93     
       gpio.obj                       1984    0         0      
       timer.obj                      824     0         132    
       tm4c123gh6pm_startup_ccs.obj   12      620       0      
       spi0.obj                       352     0         0      
       uart0.obj                      292     0         0      
       eeprom.obj                     132     0         0      
       wait.obj                       36      0         0      
       clock.obj                      16      0         0      
    +--+------------------------------+-------+---------+---------+
       Total:                         15592   620       301    
                                                               
    /Applications/ti/ccs1020/ccs/tools/compiler/ti-cgt-arm_20.2.2.LTS/lib/rtsv7M4_T_le_v4SPD16_eabi.lib
       _printfi.c.obj                 4851    0         0      
       _scanfi.c.obj                  2800    16        0      
       strtod.c.obj                   1120    200       0      
       strtoll.c.obj                  476     0         0      
       fd_add_t2.asm.obj              438     0         0      
       strtoull.c.obj                 348     0         0      
       fd_div_t2.asm.obj              310     0         0      
       strtol.c.obj                   304     0         0      
       s_scalbn.c.obj                 272     0         0      
       strtoul.c.obj                  272     0         0      
       fd_cmp_t2.asm.obj              268     0         0      
       ctype.c.obj                    0       257       0      
       fd_mul_t2.asm.obj              252     0         0      
       sscanf.c.obj                   186     0         0      
       memcpy_t2.asm.obj              156     0         0      
       ull_div_t2.asm.obj             150     0         0      
       memset_t2.asm.obj              122     0         0      
       fd_tos_t2.asm.obj              110     0         0      
       copy_decompress_lzss.c.obj     104     0         0      
       s_frexp.c.obj                  100     0         0      
       sprintf.c.obj                  98      0         0      
       _ltoa.c.obj                    84      0         0      
       atoi.c.obj                     76      0         0      
       fd_toi_t2.asm.obj              72      0         0      
       autoinit.c.obj                 68      0         0      
       fd_tou_t2.asm.obj              68      0         0      
       strtok.c.obj                   64      0         4      
       boot_cortex_m.c.obj            52      0         0      
       i_tofd_t2.asm.obj              46      0         0      
       strspn.c.obj                   42      0         0      
       strcspn.c.obj                  36      0         0      
       u_tofd_t2.asm.obj              32      0         0      
       copy_zero_init.c.obj           28      0         0      
       memccpy.c.obj                  28      0         0      
       s_copysign.c.obj               26      0         0      
       ll_mul_t2.asm.obj              24      0         0      
       strcmp.c.obj                   24      0         0      
       strrchr.c.obj                  24      0         0      
       strchr.c.obj                   22      0         0      
       strcpy.c.obj                   20      0         0      
       strlen.c.obj                   20      0         0      
       wcslen.c.obj                   18      0         0      
       tolower.c.obj                  16      0         0      
       copy_decompress_none.c.obj     14      0         0      
       errno.c.obj                    8       0         4      
       exit.c.obj                     4       0         0      
       pre_init.c.obj                 4       0         0      
       div0.asm.obj                   2       0         0      
    +--+------------------------------+-------+---------+---------+
       Total:                         13659   473       8      
                                                               
       Stack:                         0       0         8192   
       Linker Generated:              0       61        0      
    +--+------------------------------+-------+---------+---------+
       Grand Total:                   29251   1154      8501   


LINKER GENERATED COPY TABLES

__TI_cinit_table @ 000076c8 records: 2, size/record: 8, table size: 16
	.data: load addr=00007698, load size=00000019 bytes, run addr=20002104, run size=00000034 bytes, compression=lzss
	.bss: load addr=000076c0, load size=00000008 bytes, run addr=20002000, run size=00000104 bytes, compression=zero_init


LINKER GENERATED HANDLER TABLE

__TI_handler_table @ 000076b4 records: 3, size/record: 4, table size: 12
	index: 0, handler: __TI_decompress_lzss
	index: 1, handler: __TI_decompress_none
	index: 2, handler: __TI_zero_init


GLOBAL SYMBOLS: SORTED ALPHABETICALLY BY Name 

address   name                          
-------   ----                          
000074b5  C$$EXIT                       
0000748b  ResetISR                      
20002000  __STACK_END                   
00002000  __STACK_SIZE                  
20000200  __STACK_TOP                   
000076c8  __TI_CINIT_Base               
000076d8  __TI_CINIT_Limit              
000076b4  __TI_Handler_Table_Base       
000076c0  __TI_Handler_Table_Limit      
000070d5  __TI_auto_init_nobinit_nopinit
00006e79  __TI_decompress_lzss          
0000747d  __TI_decompress_none          
00006f9b  __TI_ltoa                     
ffffffff  __TI_pprof_out_hndl           
00003c05  __TI_printfi                  
ffffffff  __TI_prof_data_size           
ffffffff  __TI_prof_data_start          
000026b9  __TI_scanfi                   
00000000  __TI_static_base__            
00007349  __TI_zero_init_nomemset       
00006b29  __aeabi_cdcmpeq               
00006b29  __aeabi_cdcmple               
00006baf  __aeabi_cdrcmple              
00006da1  __aeabi_d2f                   
0000708d  __aeabi_d2iz                  
00007119  __aeabi_d2uiz                 
00005bd3  __aeabi_dadd                  
00006179  __aeabi_ddiv                  
00006849  __aeabi_dmul                  
00005bc9  __aeabi_dsub                  
000074a1  __aeabi_errno_addr            
00007289  __aeabi_i2d                   
00004653  __aeabi_idiv0                 
00004653  __aeabi_ldiv0                 
000073b3  __aeabi_lmul                  
00006cb9  __aeabi_memclr                
00006cb9  __aeabi_memclr4               
00006cb9  __aeabi_memclr8               
000069f7  __aeabi_memcpy                
000069f7  __aeabi_memcpy4               
000069f7  __aeabi_memcpy8               
00006cbb  __aeabi_memset                
00006cbb  __aeabi_memset4               
00006cbb  __aeabi_memset8               
00007329  __aeabi_ui2d                  
00006a93  __aeabi_uldivmod              
ffffffff  __binit__                     
ffffffff  __c_args__                    
UNDEFED   __mpu_init                    
20000000  __stack                       
20000000  __start___llvm_prf_cnts       
20000000  __stop___llvm_prf_cnts        
00007255  _c_int00_noargs               
000074b8  _ctypes_                      
UNDEFED   _system_post_cinit            
000074b1  _system_pre_init              
000074b5  abort                         
20002106  addressesFlag                 
00003545  asciiToUint8                  
00007041  atoi                          
ffffffff  binit                         
00007381  copysign                      
00007381  copysignl                     
20002114  count                         
0000260d  dhcpDisable                   
00002603  dhcpEnable                    
20002118  dhcpEnabled                   
0000265f  dhcpGetLeaseSeconds           
000015ad  dhcpGetState                  
00001fe1  dhcpHandleAck                 
00001de7  dhcpIsAck                     
0000261d  dhcpIsEnabled                 
00001f05  dhcpIsNak                     
00001c9f  dhcpIsOffer                   
000025f5  dhcpProcessArpResponse        
00002511  dhcpProcessDhcpResponse       
0000263f  dhcpRequestRebind             
00002655  dhcpRequestRelease            
0000262f  dhcpRequestRenew              
000015b9  dhcpSendMessage               
0000222d  dhcpSendPendingMessages       
00001599  dhcpSetState                  
20002104  dhcpState                     
00004c85  disablePinInterrupt           
000049bd  disablePinPulldown            
00004975  disablePinPullup              
00004711  disablePort                   
000031e9  displayConnectionInfo         
200020d8  domainNameServerAdd           
00004c61  enablePinInterrupt            
00004999  enablePinPulldown             
00004947  enablePinPullup               
00004655  enablePort                    
20002130  errno                         
000008dd  etherCalcIpChecksum           
0000032b  etherClearReg                 
00000283  etherCsOff                    
0000026d  etherCsOn                     
00001221  etherGetId                    
00001297  etherGetIpAddress             
000013f3  etherGetIpDnsAddress          
0000137f  etherGetIpGatewayAddress      
0000130b  etherGetIpSubnetMask          
00001467  etherGetIpTimeServerAddress   
0000152d  etherGetMacAddress            
00000661  etherGetPacket                
00000f25  etherGetUdpData               
0000122d  etherIncId                    
00000477  etherInit                     
00000ba1  etherIsArpRequest             
00000c3f  etherIsArpResponse            
00000617  etherIsDataAvailable          
000010f5  etherIsDhcpResponse           
00000971  etherIsIp                     
000009e1  etherIsIpUnicast              
00001237  etherIsIpValid                
000005fd  etherIsLinkUp                 
00000631  etherIsOverflow               
00000a45  etherIsPingRequest            
0000114f  etherIsTcp                    
00000e7d  etherIsUdp                    
00000751  etherPutPacket                
0000045f  etherReadMem                  
0000044d  etherReadMemStart             
0000046f  etherReadMemStop              
000003b3  etherReadPhy                  
000002c5  etherReadReg                  
00000d69  etherSendArpRequest           
00000c99  etherSendArpResponse          
00000a91  etherSendPingResponse         
00000f55  etherSendUdpResponse          
0000035f  etherSetBank                  
0000125d  etherSetIpAddress             
000013b9  etherSetIpDnsAddress          
00001345  etherSetIpGatewayAddress      
000012d1  etherSetIpSubnetMask          
0000142d  etherSetIpTimeServerAddress   
000014a1  etherSetMacAddress            
000002f7  etherSetReg                   
00000837  etherSumWords                 
00000431  etherWriteMem                 
0000041f  etherWriteMemStart            
00000445  etherWriteMemStop             
0000037b  etherWritePhy                 
00000291  etherWriteReg                 
20002054  fn                            
00006ee1  frexp                         
00006ee1  frexpl                        
00000000  g_pfnVectors                  
200020dc  gateWayAdd                    
000008ab  getEtherChecksum              
00001bb9  getOption                     
00004ccf  getPinValue                   
00004d85  getPortValue                  
000065d7  getcUart0                     
200020e0  globalXid                     
0000093d  htonl                         
00000919  htons                         
2000210a  hwAddress                     
00006c35  initEeprom                    
000031a9  initHw                        
00005d81  initSpi0                      
0000745d  initSystemClockTo40Mhz        
00005275  initTimer                     
00006505  initUart0                     
20002119  ipAddress                     
2000211d  ipDnsAddress                  
20002121  ipGwAddress                   
200020e4  ipOfferedAdd                  
20002125  ipSubnetMask                  
000021e1  ipTestingHandler              
200020e8  ipTimeServerAdd               
20002129  ipTimeServerAddress           
000065eb  kbhitUart0                    
00006629  ldexp                         
00006629  ldexpl                        
200020ec  leaseTime                     
00003a11  main                          
00007365  memccpy                       
000069f7  memcpy                        
00006cc1  memset                        
20002115  nextPacketLsb                 
20002116  nextPacketMsb                 
20002105  offerTimerFlag                
00002185  offerTimerHandler             
2000207c  period                        
0000361d  processShell                  
0000658f  putcUart0                     
000065ab  putsUart0                     
0000556f  random32                      
00003497  readConfiguration             
00006c7d  readEeprom                    
00005eb9  readSpi0Data                  
20002109  rebindTimerFlag               
000021d9  rebindTimerHandler            
200020cc  reload                        
20002108  renewTimerFlag                
000021d1  renewTimerHandler             
20002107  restartLeaseTimerFlag         
00005487  restartTimer                  
00006629  scalbn                        
00006629  scalbnl                       
0000487b  selectPinAnalogInput          
0000482d  selectPinDigitalInput         
00004b97  selectPinInterruptBothEdges   
00004b47  selectPinInterruptFallingEdge 
00004bed  selectPinInterruptHighLevel   
00004c27  selectPinInterruptLowLevel    
00004af7  selectPinInterruptRisingEdge  
000047df  selectPinOpenDrainOutput      
00004791  selectPinPushPullOutput       
20002117  sequenceId                    
200020f0  serverIdentifierAdd           
000049e5  setPinAuxFunction             
000048cb  setPinCommitControl           
00004ca9  setPinValue                   
00004d01  setPortValue                  
00005e1d  setSpi0BaudRate               
00005e53  setSpi0Mode                   
0000654f  setUart0BaudRate              
0000715d  sprintf                       
0000721d  sscanf                        
00005315  startOneshotTimer             
0000539b  startPeriodicTimer            
00005421  stopTimer                     
20002000  strInput                      
000073fb  strchr                        
000073cb  strcmp                        
00007411  strcpy                        
000072e1  strcspn                       
00007425  strlen                        
000073e3  strrchr                       
000072b7  strspn                        
00004e15  strtod                        
0000719d  strtok                        
000062b1  strtol                        
00004e15  strtold                       
0000581d  strtoll                       
00006739  strtoul                       
00005ee1  strtoull                      
200020f4  subnetMaskAdd                 
200020f8  t1LeaseTime                   
0000219b  t1TimerHandler                
200020fc  t2LeaseTime                   
000021b1  t2TimerHandler                
000021c7  t3TimerHandler                
000054f5  tickIsr                       
200020a4  ticks                         
20002100  token                         
0000746d  tolower                       
00007305  waitMicrosecond               
0000744b  wcslen                        
00006c4b  writeEeprom                   
00005ea1  writeSpi0Data                 
20002110  x                             


GLOBAL SYMBOLS: SORTED BY Symbol Address 

address   name                          
-------   ----                          
00000000  __TI_static_base__            
00000000  g_pfnVectors                  
0000026d  etherCsOn                     
00000283  etherCsOff                    
00000291  etherWriteReg                 
000002c5  etherReadReg                  
000002f7  etherSetReg                   
0000032b  etherClearReg                 
0000035f  etherSetBank                  
0000037b  etherWritePhy                 
000003b3  etherReadPhy                  
0000041f  etherWriteMemStart            
00000431  etherWriteMem                 
00000445  etherWriteMemStop             
0000044d  etherReadMemStart             
0000045f  etherReadMem                  
0000046f  etherReadMemStop              
00000477  etherInit                     
000005fd  etherIsLinkUp                 
00000617  etherIsDataAvailable          
00000631  etherIsOverflow               
00000661  etherGetPacket                
00000751  etherPutPacket                
00000837  etherSumWords                 
000008ab  getEtherChecksum              
000008dd  etherCalcIpChecksum           
00000919  htons                         
0000093d  htonl                         
00000971  etherIsIp                     
000009e1  etherIsIpUnicast              
00000a45  etherIsPingRequest            
00000a91  etherSendPingResponse         
00000ba1  etherIsArpRequest             
00000c3f  etherIsArpResponse            
00000c99  etherSendArpResponse          
00000d69  etherSendArpRequest           
00000e7d  etherIsUdp                    
00000f25  etherGetUdpData               
00000f55  etherSendUdpResponse          
000010f5  etherIsDhcpResponse           
0000114f  etherIsTcp                    
00001221  etherGetId                    
0000122d  etherIncId                    
00001237  etherIsIpValid                
0000125d  etherSetIpAddress             
00001297  etherGetIpAddress             
000012d1  etherSetIpSubnetMask          
0000130b  etherGetIpSubnetMask          
00001345  etherSetIpGatewayAddress      
0000137f  etherGetIpGatewayAddress      
000013b9  etherSetIpDnsAddress          
000013f3  etherGetIpDnsAddress          
0000142d  etherSetIpTimeServerAddress   
00001467  etherGetIpTimeServerAddress   
000014a1  etherSetMacAddress            
0000152d  etherGetMacAddress            
00001599  dhcpSetState                  
000015ad  dhcpGetState                  
000015b9  dhcpSendMessage               
00001bb9  getOption                     
00001c9f  dhcpIsOffer                   
00001de7  dhcpIsAck                     
00001f05  dhcpIsNak                     
00001fe1  dhcpHandleAck                 
00002000  __STACK_SIZE                  
00002185  offerTimerHandler             
0000219b  t1TimerHandler                
000021b1  t2TimerHandler                
000021c7  t3TimerHandler                
000021d1  renewTimerHandler             
000021d9  rebindTimerHandler            
000021e1  ipTestingHandler              
0000222d  dhcpSendPendingMessages       
00002511  dhcpProcessDhcpResponse       
000025f5  dhcpProcessArpResponse        
00002603  dhcpEnable                    
0000260d  dhcpDisable                   
0000261d  dhcpIsEnabled                 
0000262f  dhcpRequestRenew              
0000263f  dhcpRequestRebind             
00002655  dhcpRequestRelease            
0000265f  dhcpGetLeaseSeconds           
000026b9  __TI_scanfi                   
000031a9  initHw                        
000031e9  displayConnectionInfo         
00003497  readConfiguration             
00003545  asciiToUint8                  
0000361d  processShell                  
00003a11  main                          
00003c05  __TI_printfi                  
00004653  __aeabi_idiv0                 
00004653  __aeabi_ldiv0                 
00004655  enablePort                    
00004711  disablePort                   
00004791  selectPinPushPullOutput       
000047df  selectPinOpenDrainOutput      
0000482d  selectPinDigitalInput         
0000487b  selectPinAnalogInput          
000048cb  setPinCommitControl           
00004947  enablePinPullup               
00004975  disablePinPullup              
00004999  enablePinPulldown             
000049bd  disablePinPulldown            
000049e5  setPinAuxFunction             
00004af7  selectPinInterruptRisingEdge  
00004b47  selectPinInterruptFallingEdge 
00004b97  selectPinInterruptBothEdges   
00004bed  selectPinInterruptHighLevel   
00004c27  selectPinInterruptLowLevel    
00004c61  enablePinInterrupt            
00004c85  disablePinInterrupt           
00004ca9  setPinValue                   
00004ccf  getPinValue                   
00004d01  setPortValue                  
00004d85  getPortValue                  
00004e15  strtod                        
00004e15  strtold                       
00005275  initTimer                     
00005315  startOneshotTimer             
0000539b  startPeriodicTimer            
00005421  stopTimer                     
00005487  restartTimer                  
000054f5  tickIsr                       
0000556f  random32                      
0000581d  strtoll                       
00005bc9  __aeabi_dsub                  
00005bd3  __aeabi_dadd                  
00005d81  initSpi0                      
00005e1d  setSpi0BaudRate               
00005e53  setSpi0Mode                   
00005ea1  writeSpi0Data                 
00005eb9  readSpi0Data                  
00005ee1  strtoull                      
00006179  __aeabi_ddiv                  
000062b1  strtol                        
00006505  initUart0                     
0000654f  setUart0BaudRate              
0000658f  putcUart0                     
000065ab  putsUart0                     
000065d7  getcUart0                     
000065eb  kbhitUart0                    
00006629  ldexp                         
00006629  ldexpl                        
00006629  scalbn                        
00006629  scalbnl                       
00006739  strtoul                       
00006849  __aeabi_dmul                  
000069f7  __aeabi_memcpy                
000069f7  __aeabi_memcpy4               
000069f7  __aeabi_memcpy8               
000069f7  memcpy                        
00006a93  __aeabi_uldivmod              
00006b29  __aeabi_cdcmpeq               
00006b29  __aeabi_cdcmple               
00006baf  __aeabi_cdrcmple              
00006c35  initEeprom                    
00006c4b  writeEeprom                   
00006c7d  readEeprom                    
00006cb9  __aeabi_memclr                
00006cb9  __aeabi_memclr4               
00006cb9  __aeabi_memclr8               
00006cbb  __aeabi_memset                
00006cbb  __aeabi_memset4               
00006cbb  __aeabi_memset8               
00006cc1  memset                        
00006da1  __aeabi_d2f                   
00006e79  __TI_decompress_lzss          
00006ee1  frexp                         
00006ee1  frexpl                        
00006f9b  __TI_ltoa                     
00007041  atoi                          
0000708d  __aeabi_d2iz                  
000070d5  __TI_auto_init_nobinit_nopinit
00007119  __aeabi_d2uiz                 
0000715d  sprintf                       
0000719d  strtok                        
0000721d  sscanf                        
00007255  _c_int00_noargs               
00007289  __aeabi_i2d                   
000072b7  strspn                        
000072e1  strcspn                       
00007305  waitMicrosecond               
00007329  __aeabi_ui2d                  
00007349  __TI_zero_init_nomemset       
00007365  memccpy                       
00007381  copysign                      
00007381  copysignl                     
000073b3  __aeabi_lmul                  
000073cb  strcmp                        
000073e3  strrchr                       
000073fb  strchr                        
00007411  strcpy                        
00007425  strlen                        
0000744b  wcslen                        
0000745d  initSystemClockTo40Mhz        
0000746d  tolower                       
0000747d  __TI_decompress_none          
0000748b  ResetISR                      
000074a1  __aeabi_errno_addr            
000074b1  _system_pre_init              
000074b5  C$$EXIT                       
000074b5  abort                         
000074b8  _ctypes_                      
000076b4  __TI_Handler_Table_Base       
000076c0  __TI_Handler_Table_Limit      
000076c8  __TI_CINIT_Base               
000076d8  __TI_CINIT_Limit              
20000000  __stack                       
20000000  __start___llvm_prf_cnts       
20000000  __stop___llvm_prf_cnts        
20000200  __STACK_TOP                   
20002000  __STACK_END                   
20002000  strInput                      
20002054  fn                            
2000207c  period                        
200020a4  ticks                         
200020cc  reload                        
200020d8  domainNameServerAdd           
200020dc  gateWayAdd                    
200020e0  globalXid                     
200020e4  ipOfferedAdd                  
200020e8  ipTimeServerAdd               
200020ec  leaseTime                     
200020f0  serverIdentifierAdd           
200020f4  subnetMaskAdd                 
200020f8  t1LeaseTime                   
200020fc  t2LeaseTime                   
20002100  token                         
20002104  dhcpState                     
20002105  offerTimerFlag                
20002106  addressesFlag                 
20002107  restartLeaseTimerFlag         
20002108  renewTimerFlag                
20002109  rebindTimerFlag               
2000210a  hwAddress                     
20002110  x                             
20002114  count                         
20002115  nextPacketLsb                 
20002116  nextPacketMsb                 
20002117  sequenceId                    
20002118  dhcpEnabled                   
20002119  ipAddress                     
2000211d  ipDnsAddress                  
20002121  ipGwAddress                   
20002125  ipSubnetMask                  
20002129  ipTimeServerAddress           
20002130  errno                         
ffffffff  __TI_pprof_out_hndl           
ffffffff  __TI_prof_data_size           
ffffffff  __TI_prof_data_start          
ffffffff  __binit__                     
ffffffff  __c_args__                    
ffffffff  binit                         
UNDEFED   __mpu_init                    
UNDEFED   _system_post_cinit            

[255 symbols]
