<?xml version="1.0" encoding="ISO-8859-1" ?>
<link_info>
   <banner>TI ARM Linker Unix v20.2.2.LTS</banner>
   <copyright>Copyright (c) 1996-2018 Texas Instruments Incorporated</copyright>
   <link_time>0x6237b695</link_time>
   <link_errors>0x0</link_errors>
   <output_file>CSE4352ProjectOne.out</output_file>
   <entry_point>
      <name>_c_int00_noargs</name>
      <address>0x7255</address>
   </entry_point>
   <input_file_list>
      <input_file id="fl-1">
         <path>./</path>
         <kind>object</kind>
         <file>clock.obj</file>
         <name>clock.obj</name>
      </input_file>
      <input_file id="fl-2">
         <path>./</path>
         <kind>object</kind>
         <file>dhcp.obj</file>
         <name>dhcp.obj</name>
      </input_file>
      <input_file id="fl-3">
         <path>./</path>
         <kind>object</kind>
         <file>eeprom.obj</file>
         <name>eeprom.obj</name>
      </input_file>
      <input_file id="fl-4">
         <path>./</path>
         <kind>object</kind>
         <file>eth0.obj</file>
         <name>eth0.obj</name>
      </input_file>
      <input_file id="fl-5">
         <path>./</path>
         <kind>object</kind>
         <file>ethernet_dhcp.obj</file>
         <name>ethernet_dhcp.obj</name>
      </input_file>
      <input_file id="fl-6">
         <path>./</path>
         <kind>object</kind>
         <file>gpio.obj</file>
         <name>gpio.obj</name>
      </input_file>
      <input_file id="fl-7">
         <path>./</path>
         <kind>object</kind>
         <file>spi0.obj</file>
         <name>spi0.obj</name>
      </input_file>
      <input_file id="fl-8">
         <path>./</path>
         <kind>object</kind>
         <file>timer.obj</file>
         <name>timer.obj</name>
      </input_file>
      <input_file id="fl-9">
         <path>./</path>
         <kind>object</kind>
         <file>tm4c123gh6pm_startup_ccs.obj</file>
         <name>tm4c123gh6pm_startup_ccs.obj</name>
      </input_file>
      <input_file id="fl-a">
         <path>./</path>
         <kind>object</kind>
         <file>uart0.obj</file>
         <name>uart0.obj</name>
      </input_file>
      <input_file id="fl-b">
         <path>./</path>
         <kind>object</kind>
         <file>wait.obj</file>
         <name>wait.obj</name>
      </input_file>
      <input_file id="fl-f">
         <kind>object</kind>
         <file>&lt;internal&gt;</file>
         <name>&lt;internal&gt;</name>
      </input_file>
      <input_file id="fl-c5">
         <path>/Applications/ti/ccs1020/ccs/tools/compiler/ti-cgt-arm_20.2.2.LTS/lib/</path>
         <kind>archive</kind>
         <file>rtsv7M4_T_le_v4SPD16_eabi.lib</file>
         <name>sprintf.c.obj</name>
      </input_file>
      <input_file id="fl-c6">
         <path>/Applications/ti/ccs1020/ccs/tools/compiler/ti-cgt-arm_20.2.2.LTS/lib/</path>
         <kind>archive</kind>
         <file>rtsv7M4_T_le_v4SPD16_eabi.lib</file>
         <name>sscanf.c.obj</name>
      </input_file>
      <input_file id="fl-c7">
         <path>/Applications/ti/ccs1020/ccs/tools/compiler/ti-cgt-arm_20.2.2.LTS/lib/</path>
         <kind>archive</kind>
         <file>rtsv7M4_T_le_v4SPD16_eabi.lib</file>
         <name>fd_mul_t2.asm.obj</name>
      </input_file>
      <input_file id="fl-c8">
         <path>/Applications/ti/ccs1020/ccs/tools/compiler/ti-cgt-arm_20.2.2.LTS/lib/</path>
         <kind>archive</kind>
         <file>rtsv7M4_T_le_v4SPD16_eabi.lib</file>
         <name>fd_tou_t2.asm.obj</name>
      </input_file>
      <input_file id="fl-c9">
         <path>/Applications/ti/ccs1020/ccs/tools/compiler/ti-cgt-arm_20.2.2.LTS/lib/</path>
         <kind>archive</kind>
         <file>rtsv7M4_T_le_v4SPD16_eabi.lib</file>
         <name>memcpy_t2.asm.obj</name>
      </input_file>
      <input_file id="fl-ca">
         <path>/Applications/ti/ccs1020/ccs/tools/compiler/ti-cgt-arm_20.2.2.LTS/lib/</path>
         <kind>archive</kind>
         <file>rtsv7M4_T_le_v4SPD16_eabi.lib</file>
         <name>u_tofd_t2.asm.obj</name>
      </input_file>
      <input_file id="fl-cb">
         <path>/Applications/ti/ccs1020/ccs/tools/compiler/ti-cgt-arm_20.2.2.LTS/lib/</path>
         <kind>archive</kind>
         <file>rtsv7M4_T_le_v4SPD16_eabi.lib</file>
         <name>memset_t2.asm.obj</name>
      </input_file>
      <input_file id="fl-cc">
         <path>/Applications/ti/ccs1020/ccs/tools/compiler/ti-cgt-arm_20.2.2.LTS/lib/</path>
         <kind>archive</kind>
         <file>rtsv7M4_T_le_v4SPD16_eabi.lib</file>
         <name>copy_zero_init.c.obj</name>
      </input_file>
      <input_file id="fl-cd">
         <path>/Applications/ti/ccs1020/ccs/tools/compiler/ti-cgt-arm_20.2.2.LTS/lib/</path>
         <kind>archive</kind>
         <file>rtsv7M4_T_le_v4SPD16_eabi.lib</file>
         <name>copy_decompress_none.c.obj</name>
      </input_file>
      <input_file id="fl-ce">
         <path>/Applications/ti/ccs1020/ccs/tools/compiler/ti-cgt-arm_20.2.2.LTS/lib/</path>
         <kind>archive</kind>
         <file>rtsv7M4_T_le_v4SPD16_eabi.lib</file>
         <name>copy_decompress_lzss.c.obj</name>
      </input_file>
      <input_file id="fl-cf">
         <path>/Applications/ti/ccs1020/ccs/tools/compiler/ti-cgt-arm_20.2.2.LTS/lib/</path>
         <kind>archive</kind>
         <file>rtsv7M4_T_le_v4SPD16_eabi.lib</file>
         <name>ctype.c.obj</name>
      </input_file>
      <input_file id="fl-d0">
         <path>/Applications/ti/ccs1020/ccs/tools/compiler/ti-cgt-arm_20.2.2.LTS/lib/</path>
         <kind>archive</kind>
         <file>rtsv7M4_T_le_v4SPD16_eabi.lib</file>
         <name>strcmp.c.obj</name>
      </input_file>
      <input_file id="fl-d1">
         <path>/Applications/ti/ccs1020/ccs/tools/compiler/ti-cgt-arm_20.2.2.LTS/lib/</path>
         <kind>archive</kind>
         <file>rtsv7M4_T_le_v4SPD16_eabi.lib</file>
         <name>strtok.c.obj</name>
      </input_file>
      <input_file id="fl-d2">
         <path>/Applications/ti/ccs1020/ccs/tools/compiler/ti-cgt-arm_20.2.2.LTS/lib/</path>
         <kind>archive</kind>
         <file>rtsv7M4_T_le_v4SPD16_eabi.lib</file>
         <name>tolower.c.obj</name>
      </input_file>
      <input_file id="fl-d3">
         <path>/Applications/ti/ccs1020/ccs/tools/compiler/ti-cgt-arm_20.2.2.LTS/lib/</path>
         <kind>archive</kind>
         <file>rtsv7M4_T_le_v4SPD16_eabi.lib</file>
         <name>boot_cortex_m.c.obj</name>
      </input_file>
      <input_file id="fl-d4">
         <path>/Applications/ti/ccs1020/ccs/tools/compiler/ti-cgt-arm_20.2.2.LTS/lib/</path>
         <kind>archive</kind>
         <file>rtsv7M4_T_le_v4SPD16_eabi.lib</file>
         <name>_printfi.c.obj</name>
      </input_file>
      <input_file id="fl-d5">
         <path>/Applications/ti/ccs1020/ccs/tools/compiler/ti-cgt-arm_20.2.2.LTS/lib/</path>
         <kind>archive</kind>
         <file>rtsv7M4_T_le_v4SPD16_eabi.lib</file>
         <name>_scanfi.c.obj</name>
      </input_file>
      <input_file id="fl-d6">
         <path>/Applications/ti/ccs1020/ccs/tools/compiler/ti-cgt-arm_20.2.2.LTS/lib/</path>
         <kind>archive</kind>
         <file>rtsv7M4_T_le_v4SPD16_eabi.lib</file>
         <name>fd_add_t2.asm.obj</name>
      </input_file>
      <input_file id="fl-d7">
         <path>/Applications/ti/ccs1020/ccs/tools/compiler/ti-cgt-arm_20.2.2.LTS/lib/</path>
         <kind>archive</kind>
         <file>rtsv7M4_T_le_v4SPD16_eabi.lib</file>
         <name>fd_cmp_t2.asm.obj</name>
      </input_file>
      <input_file id="fl-d8">
         <path>/Applications/ti/ccs1020/ccs/tools/compiler/ti-cgt-arm_20.2.2.LTS/lib/</path>
         <kind>archive</kind>
         <file>rtsv7M4_T_le_v4SPD16_eabi.lib</file>
         <name>fd_div_t2.asm.obj</name>
      </input_file>
      <input_file id="fl-d9">
         <path>/Applications/ti/ccs1020/ccs/tools/compiler/ti-cgt-arm_20.2.2.LTS/lib/</path>
         <kind>archive</kind>
         <file>rtsv7M4_T_le_v4SPD16_eabi.lib</file>
         <name>fd_toi_t2.asm.obj</name>
      </input_file>
      <input_file id="fl-da">
         <path>/Applications/ti/ccs1020/ccs/tools/compiler/ti-cgt-arm_20.2.2.LTS/lib/</path>
         <kind>archive</kind>
         <file>rtsv7M4_T_le_v4SPD16_eabi.lib</file>
         <name>fd_tos_t2.asm.obj</name>
      </input_file>
      <input_file id="fl-db">
         <path>/Applications/ti/ccs1020/ccs/tools/compiler/ti-cgt-arm_20.2.2.LTS/lib/</path>
         <kind>archive</kind>
         <file>rtsv7M4_T_le_v4SPD16_eabi.lib</file>
         <name>i_tofd_t2.asm.obj</name>
      </input_file>
      <input_file id="fl-dc">
         <path>/Applications/ti/ccs1020/ccs/tools/compiler/ti-cgt-arm_20.2.2.LTS/lib/</path>
         <kind>archive</kind>
         <file>rtsv7M4_T_le_v4SPD16_eabi.lib</file>
         <name>ull_div_t2.asm.obj</name>
      </input_file>
      <input_file id="fl-dd">
         <path>/Applications/ti/ccs1020/ccs/tools/compiler/ti-cgt-arm_20.2.2.LTS/lib/</path>
         <kind>archive</kind>
         <file>rtsv7M4_T_le_v4SPD16_eabi.lib</file>
         <name>autoinit.c.obj</name>
      </input_file>
      <input_file id="fl-de">
         <path>/Applications/ti/ccs1020/ccs/tools/compiler/ti-cgt-arm_20.2.2.LTS/lib/</path>
         <kind>archive</kind>
         <file>rtsv7M4_T_le_v4SPD16_eabi.lib</file>
         <name>pre_init.c.obj</name>
      </input_file>
      <input_file id="fl-df">
         <path>/Applications/ti/ccs1020/ccs/tools/compiler/ti-cgt-arm_20.2.2.LTS/lib/</path>
         <kind>archive</kind>
         <file>rtsv7M4_T_le_v4SPD16_eabi.lib</file>
         <name>cpy_tbl.c.obj</name>
      </input_file>
      <input_file id="fl-e0">
         <path>/Applications/ti/ccs1020/ccs/tools/compiler/ti-cgt-arm_20.2.2.LTS/lib/</path>
         <kind>archive</kind>
         <file>rtsv7M4_T_le_v4SPD16_eabi.lib</file>
         <name>exit.c.obj</name>
      </input_file>
      <input_file id="fl-e1">
         <path>/Applications/ti/ccs1020/ccs/tools/compiler/ti-cgt-arm_20.2.2.LTS/lib/</path>
         <kind>archive</kind>
         <file>rtsv7M4_T_le_v4SPD16_eabi.lib</file>
         <name>_lock.c.obj</name>
      </input_file>
      <input_file id="fl-e2">
         <path>/Applications/ti/ccs1020/ccs/tools/compiler/ti-cgt-arm_20.2.2.LTS/lib/</path>
         <kind>archive</kind>
         <file>rtsv7M4_T_le_v4SPD16_eabi.lib</file>
         <name>_ltoa.c.obj</name>
      </input_file>
      <input_file id="fl-e3">
         <path>/Applications/ti/ccs1020/ccs/tools/compiler/ti-cgt-arm_20.2.2.LTS/lib/</path>
         <kind>archive</kind>
         <file>rtsv7M4_T_le_v4SPD16_eabi.lib</file>
         <name>args_main.c.obj</name>
      </input_file>
      <input_file id="fl-e4">
         <path>/Applications/ti/ccs1020/ccs/tools/compiler/ti-cgt-arm_20.2.2.LTS/lib/</path>
         <kind>archive</kind>
         <file>rtsv7M4_T_le_v4SPD16_eabi.lib</file>
         <name>atoi.c.obj</name>
      </input_file>
      <input_file id="fl-e5">
         <path>/Applications/ti/ccs1020/ccs/tools/compiler/ti-cgt-arm_20.2.2.LTS/lib/</path>
         <kind>archive</kind>
         <file>rtsv7M4_T_le_v4SPD16_eabi.lib</file>
         <name>memccpy.c.obj</name>
      </input_file>
      <input_file id="fl-e6">
         <path>/Applications/ti/ccs1020/ccs/tools/compiler/ti-cgt-arm_20.2.2.LTS/lib/</path>
         <kind>archive</kind>
         <file>rtsv7M4_T_le_v4SPD16_eabi.lib</file>
         <name>strchr.c.obj</name>
      </input_file>
      <input_file id="fl-e7">
         <path>/Applications/ti/ccs1020/ccs/tools/compiler/ti-cgt-arm_20.2.2.LTS/lib/</path>
         <kind>archive</kind>
         <file>rtsv7M4_T_le_v4SPD16_eabi.lib</file>
         <name>strcpy.c.obj</name>
      </input_file>
      <input_file id="fl-e8">
         <path>/Applications/ti/ccs1020/ccs/tools/compiler/ti-cgt-arm_20.2.2.LTS/lib/</path>
         <kind>archive</kind>
         <file>rtsv7M4_T_le_v4SPD16_eabi.lib</file>
         <name>strcspn.c.obj</name>
      </input_file>
      <input_file id="fl-e9">
         <path>/Applications/ti/ccs1020/ccs/tools/compiler/ti-cgt-arm_20.2.2.LTS/lib/</path>
         <kind>archive</kind>
         <file>rtsv7M4_T_le_v4SPD16_eabi.lib</file>
         <name>strlen.c.obj</name>
      </input_file>
      <input_file id="fl-ea">
         <path>/Applications/ti/ccs1020/ccs/tools/compiler/ti-cgt-arm_20.2.2.LTS/lib/</path>
         <kind>archive</kind>
         <file>rtsv7M4_T_le_v4SPD16_eabi.lib</file>
         <name>strrchr.c.obj</name>
      </input_file>
      <input_file id="fl-eb">
         <path>/Applications/ti/ccs1020/ccs/tools/compiler/ti-cgt-arm_20.2.2.LTS/lib/</path>
         <kind>archive</kind>
         <file>rtsv7M4_T_le_v4SPD16_eabi.lib</file>
         <name>strspn.c.obj</name>
      </input_file>
      <input_file id="fl-ec">
         <path>/Applications/ti/ccs1020/ccs/tools/compiler/ti-cgt-arm_20.2.2.LTS/lib/</path>
         <kind>archive</kind>
         <file>rtsv7M4_T_le_v4SPD16_eabi.lib</file>
         <name>strtod.c.obj</name>
      </input_file>
      <input_file id="fl-ed">
         <path>/Applications/ti/ccs1020/ccs/tools/compiler/ti-cgt-arm_20.2.2.LTS/lib/</path>
         <kind>archive</kind>
         <file>rtsv7M4_T_le_v4SPD16_eabi.lib</file>
         <name>strtol.c.obj</name>
      </input_file>
      <input_file id="fl-ee">
         <path>/Applications/ti/ccs1020/ccs/tools/compiler/ti-cgt-arm_20.2.2.LTS/lib/</path>
         <kind>archive</kind>
         <file>rtsv7M4_T_le_v4SPD16_eabi.lib</file>
         <name>strtoll.c.obj</name>
      </input_file>
      <input_file id="fl-ef">
         <path>/Applications/ti/ccs1020/ccs/tools/compiler/ti-cgt-arm_20.2.2.LTS/lib/</path>
         <kind>archive</kind>
         <file>rtsv7M4_T_le_v4SPD16_eabi.lib</file>
         <name>strtoul.c.obj</name>
      </input_file>
      <input_file id="fl-f0">
         <path>/Applications/ti/ccs1020/ccs/tools/compiler/ti-cgt-arm_20.2.2.LTS/lib/</path>
         <kind>archive</kind>
         <file>rtsv7M4_T_le_v4SPD16_eabi.lib</file>
         <name>strtoull.c.obj</name>
      </input_file>
      <input_file id="fl-f1">
         <path>/Applications/ti/ccs1020/ccs/tools/compiler/ti-cgt-arm_20.2.2.LTS/lib/</path>
         <kind>archive</kind>
         <file>rtsv7M4_T_le_v4SPD16_eabi.lib</file>
         <name>errno.c.obj</name>
      </input_file>
      <input_file id="fl-f2">
         <path>/Applications/ti/ccs1020/ccs/tools/compiler/ti-cgt-arm_20.2.2.LTS/lib/</path>
         <kind>archive</kind>
         <file>rtsv7M4_T_le_v4SPD16_eabi.lib</file>
         <name>s_frexp.c.obj</name>
      </input_file>
      <input_file id="fl-f3">
         <path>/Applications/ti/ccs1020/ccs/tools/compiler/ti-cgt-arm_20.2.2.LTS/lib/</path>
         <kind>archive</kind>
         <file>rtsv7M4_T_le_v4SPD16_eabi.lib</file>
         <name>s_scalbn.c.obj</name>
      </input_file>
      <input_file id="fl-f4">
         <path>/Applications/ti/ccs1020/ccs/tools/compiler/ti-cgt-arm_20.2.2.LTS/lib/</path>
         <kind>archive</kind>
         <file>rtsv7M4_T_le_v4SPD16_eabi.lib</file>
         <name>wcslen.c.obj</name>
      </input_file>
      <input_file id="fl-f5">
         <path>/Applications/ti/ccs1020/ccs/tools/compiler/ti-cgt-arm_20.2.2.LTS/lib/</path>
         <kind>archive</kind>
         <file>rtsv7M4_T_le_v4SPD16_eabi.lib</file>
         <name>s_copysign.c.obj</name>
      </input_file>
      <input_file id="fl-f6">
         <path>/Applications/ti/ccs1020/ccs/tools/compiler/ti-cgt-arm_20.2.2.LTS/lib/</path>
         <kind>archive</kind>
         <file>rtsv7M4_T_le_v4SPD16_eabi.lib</file>
         <name>div0.asm.obj</name>
      </input_file>
      <input_file id="fl-f7">
         <path>/Applications/ti/ccs1020/ccs/tools/compiler/ti-cgt-arm_20.2.2.LTS/lib/</path>
         <kind>archive</kind>
         <file>rtsv7M4_T_le_v4SPD16_eabi.lib</file>
         <name>ll_mul_t2.asm.obj</name>
      </input_file>
   </input_file_list>
   <object_component_list>
      <object_component id="oc-12">
         <name>.intvecs</name>
         <load_address>0x0</load_address>
         <run_address>0x0</run_address>
         <size>0x26c</size>
         <input_file_ref idref="fl-9"/>
      </object_component>
      <object_component id="oc-ea">
         <name>.text</name>
         <load_address>0x26c</load_address>
         <run_address>0x26c</run_address>
         <size>0x132c</size>
         <input_file_ref idref="fl-4"/>
      </object_component>
      <object_component id="oc-fc">
         <name>.text</name>
         <load_address>0x1598</load_address>
         <run_address>0x1598</run_address>
         <size>0x1120</size>
         <input_file_ref idref="fl-2"/>
      </object_component>
      <object_component id="oc-1d8">
         <name>.text:__TI_scanfi</name>
         <load_address>0x26b8</load_address>
         <run_address>0x26b8</run_address>
         <size>0xaf0</size>
         <input_file_ref idref="fl-d5"/>
      </object_component>
      <object_component id="oc-b2">
         <name>.text</name>
         <load_address>0x31a8</load_address>
         <run_address>0x31a8</run_address>
         <size>0xa5c</size>
         <input_file_ref idref="fl-5"/>
      </object_component>
      <object_component id="oc-19c">
         <name>.text:__TI_printfi</name>
         <load_address>0x3c04</load_address>
         <run_address>0x3c04</run_address>
         <size>0xa4e</size>
         <input_file_ref idref="fl-d4"/>
      </object_component>
      <object_component id="oc-3ae">
         <name>.text</name>
         <load_address>0x4652</load_address>
         <run_address>0x4652</run_address>
         <size>0x2</size>
         <input_file_ref idref="fl-f6"/>
      </object_component>
      <object_component id="oc-e4">
         <name>.text</name>
         <load_address>0x4654</load_address>
         <run_address>0x4654</run_address>
         <size>0x7c0</size>
         <input_file_ref idref="fl-6"/>
      </object_component>
      <object_component id="oc-2ac">
         <name>.text:strtod</name>
         <load_address>0x4e14</load_address>
         <run_address>0x4e14</run_address>
         <size>0x460</size>
         <input_file_ref idref="fl-ec"/>
      </object_component>
      <object_component id="oc-2d">
         <name>.text</name>
         <load_address>0x5274</load_address>
         <run_address>0x5274</run_address>
         <size>0x338</size>
         <input_file_ref idref="fl-8"/>
      </object_component>
      <object_component id="oc-268">
         <name>.text:_pconv_a</name>
         <load_address>0x55ac</load_address>
         <run_address>0x55ac</run_address>
         <size>0x270</size>
         <input_file_ref idref="fl-d4"/>
      </object_component>
      <object_component id="oc-2bd">
         <name>.text:strtoll</name>
         <load_address>0x581c</load_address>
         <run_address>0x581c</run_address>
         <size>0x1dc</size>
         <input_file_ref idref="fl-ee"/>
      </object_component>
      <object_component id="oc-256">
         <name>.text:_pconv_g</name>
         <load_address>0x59f8</load_address>
         <run_address>0x59f8</run_address>
         <size>0x1d0</size>
         <input_file_ref idref="fl-d4"/>
      </object_component>
      <object_component id="oc-32d">
         <name>.text</name>
         <load_address>0x5bc8</load_address>
         <run_address>0x5bc8</run_address>
         <size>0x1b6</size>
         <input_file_ref idref="fl-d6"/>
      </object_component>
      <object_component id="oc-17d">
         <name>.text</name>
         <load_address>0x5d80</load_address>
         <run_address>0x5d80</run_address>
         <size>0x160</size>
         <input_file_ref idref="fl-7"/>
      </object_component>
      <object_component id="oc-2a0">
         <name>.text:strtoull</name>
         <load_address>0x5ee0</load_address>
         <run_address>0x5ee0</run_address>
         <size>0x15c</size>
         <input_file_ref idref="fl-f0"/>
      </object_component>
      <object_component id="oc-262">
         <name>.text:_pconv_e</name>
         <load_address>0x603c</load_address>
         <run_address>0x603c</run_address>
         <size>0x13c</size>
         <input_file_ref idref="fl-d4"/>
      </object_component>
      <object_component id="oc-313">
         <name>.text</name>
         <load_address>0x6178</load_address>
         <run_address>0x6178</run_address>
         <size>0x136</size>
         <input_file_ref idref="fl-d8"/>
      </object_component>
      <object_component id="oc-2b7">
         <name>.text:strtol</name>
         <load_address>0x62b0</load_address>
         <run_address>0x62b0</run_address>
         <size>0x130</size>
         <input_file_ref idref="fl-ed"/>
      </object_component>
      <object_component id="oc-33f">
         <name>.text:fcvt</name>
         <load_address>0x63e0</load_address>
         <run_address>0x63e0</run_address>
         <size>0x124</size>
         <input_file_ref idref="fl-d4"/>
      </object_component>
      <object_component id="oc-f0">
         <name>.text</name>
         <load_address>0x6504</load_address>
         <run_address>0x6504</run_address>
         <size>0x124</size>
         <input_file_ref idref="fl-a"/>
      </object_component>
      <object_component id="oc-353">
         <name>.text:scalbn</name>
         <load_address>0x6628</load_address>
         <run_address>0x6628</run_address>
         <size>0x110</size>
         <input_file_ref idref="fl-f3"/>
      </object_component>
      <object_component id="oc-2a6">
         <name>.text:strtoul</name>
         <load_address>0x6738</load_address>
         <run_address>0x6738</run_address>
         <size>0x110</size>
         <input_file_ref idref="fl-ef"/>
      </object_component>
      <object_component id="oc-1c0">
         <name>.text</name>
         <load_address>0x6848</load_address>
         <run_address>0x6848</run_address>
         <size>0xfc</size>
         <input_file_ref idref="fl-c7"/>
      </object_component>
      <object_component id="oc-24b">
         <name>.text:_ltostr</name>
         <load_address>0x6944</load_address>
         <run_address>0x6944</run_address>
         <size>0xb1</size>
         <input_file_ref idref="fl-d4"/>
      </object_component>
      <object_component id="oc-41">
         <name>.text</name>
         <load_address>0x69f6</load_address>
         <run_address>0x69f6</run_address>
         <size>0x9c</size>
         <input_file_ref idref="fl-c9"/>
      </object_component>
      <object_component id="oc-30c">
         <name>.text</name>
         <load_address>0x6a92</load_address>
         <run_address>0x6a92</run_address>
         <size>0x96</size>
         <input_file_ref idref="fl-dc"/>
      </object_component>
      <object_component id="oc-251">
         <name>.text:__aeabi_cdcmple</name>
         <load_address>0x6b28</load_address>
         <run_address>0x6b28</run_address>
         <size>0x86</size>
         <input_file_ref idref="fl-d7"/>
      </object_component>
      <object_component id="oc-318">
         <name>.text:__aeabi_cdrcmple</name>
         <load_address>0x6bae</load_address>
         <run_address>0x6bae</run_address>
         <size>0x86</size>
         <input_file_ref idref="fl-d7"/>
      </object_component>
      <object_component id="oc-102">
         <name>.text</name>
         <load_address>0x6c34</load_address>
         <run_address>0x6c34</run_address>
         <size>0x84</size>
         <input_file_ref idref="fl-3"/>
      </object_component>
      <object_component id="oc-a6">
         <name>.text</name>
         <load_address>0x6cb8</load_address>
         <run_address>0x6cb8</run_address>
         <size>0x7a</size>
         <input_file_ref idref="fl-cb"/>
      </object_component>
      <object_component id="oc-338">
         <name>.text:_mcpy</name>
         <load_address>0x6d32</load_address>
         <run_address>0x6d32</run_address>
         <size>0x6e</size>
         <input_file_ref idref="fl-d4"/>
      </object_component>
      <object_component id="oc-2b2">
         <name>.text</name>
         <load_address>0x6da0</load_address>
         <run_address>0x6da0</run_address>
         <size>0x6e</size>
         <input_file_ref idref="fl-da"/>
      </object_component>
      <object_component id="oc-1ea">
         <name>.text:_chkmbc</name>
         <load_address>0x6e10</load_address>
         <run_address>0x6e10</run_address>
         <size>0x68</size>
         <input_file_ref idref="fl-c6"/>
      </object_component>
      <object_component id="oc-15">
         <name>.text:decompress:lzss:__TI_decompress_lzss</name>
         <load_address>0x6e78</load_address>
         <run_address>0x6e78</run_address>
         <size>0x68</size>
         <input_file_ref idref="fl-ce"/>
      </object_component>
      <object_component id="oc-34d">
         <name>.text:frexp</name>
         <load_address>0x6ee0</load_address>
         <run_address>0x6ee0</run_address>
         <size>0x64</size>
         <input_file_ref idref="fl-f2"/>
      </object_component>
      <object_component id="oc-25c">
         <name>.text:_pconv_f</name>
         <load_address>0x6f44</load_address>
         <run_address>0x6f44</run_address>
         <size>0x56</size>
         <input_file_ref idref="fl-d4"/>
      </object_component>
      <object_component id="oc-322">
         <name>.text:__TI_ltoa</name>
         <load_address>0x6f9a</load_address>
         <run_address>0x6f9a</run_address>
         <size>0x54</size>
         <input_file_ref idref="fl-e2"/>
      </object_component>
      <object_component id="oc-332">
         <name>.text:_ecpy</name>
         <load_address>0x6fee</load_address>
         <run_address>0x6fee</run_address>
         <size>0x52</size>
         <input_file_ref idref="fl-d4"/>
      </object_component>
      <object_component id="oc-245">
         <name>.text:atoi</name>
         <load_address>0x7040</load_address>
         <run_address>0x7040</run_address>
         <size>0x4c</size>
         <input_file_ref idref="fl-e4"/>
      </object_component>
      <object_component id="oc-31d">
         <name>.text</name>
         <load_address>0x708c</load_address>
         <run_address>0x708c</run_address>
         <size>0x48</size>
         <input_file_ref idref="fl-d9"/>
      </object_component>
      <object_component id="oc-13a">
         <name>.text:__TI_auto_init_nobinit_nopinit:__TI_auto_init_nobinit_nopinit</name>
         <load_address>0x70d4</load_address>
         <run_address>0x70d4</run_address>
         <size>0x44</size>
         <input_file_ref idref="fl-dd"/>
      </object_component>
      <object_component id="oc-1c5">
         <name>.text</name>
         <load_address>0x7118</load_address>
         <run_address>0x7118</run_address>
         <size>0x44</size>
         <input_file_ref idref="fl-c8"/>
      </object_component>
      <object_component id="oc-f6">
         <name>.text:sprintf</name>
         <load_address>0x715c</load_address>
         <run_address>0x715c</run_address>
         <size>0x40</size>
         <input_file_ref idref="fl-c5"/>
      </object_component>
      <object_component id="oc-114">
         <name>.text:strtok</name>
         <load_address>0x719c</load_address>
         <run_address>0x719c</run_address>
         <size>0x40</size>
         <input_file_ref idref="fl-d1"/>
      </object_component>
      <object_component id="oc-345">
         <name>.text:_fcpy</name>
         <load_address>0x71dc</load_address>
         <run_address>0x71dc</run_address>
         <size>0x3e</size>
         <input_file_ref idref="fl-d4"/>
      </object_component>
      <object_component id="oc-10e">
         <name>.text:sscanf</name>
         <load_address>0x721c</load_address>
         <run_address>0x721c</run_address>
         <size>0x38</size>
         <input_file_ref idref="fl-c6"/>
      </object_component>
      <object_component id="oc-5f">
         <name>.text:_c_int00_noargs:_c_int00_noargs</name>
         <load_address>0x7254</load_address>
         <run_address>0x7254</run_address>
         <size>0x34</size>
         <input_file_ref idref="fl-d3"/>
      </object_component>
      <object_component id="oc-328">
         <name>.text</name>
         <load_address>0x7288</load_address>
         <run_address>0x7288</run_address>
         <size>0x2e</size>
         <input_file_ref idref="fl-db"/>
      </object_component>
      <object_component id="oc-1f2">
         <name>.text:strspn</name>
         <load_address>0x72b6</load_address>
         <run_address>0x72b6</run_address>
         <size>0x2a</size>
         <input_file_ref idref="fl-eb"/>
      </object_component>
      <object_component id="oc-1f8">
         <name>.text:strcspn</name>
         <load_address>0x72e0</load_address>
         <run_address>0x72e0</run_address>
         <size>0x24</size>
         <input_file_ref idref="fl-e8"/>
      </object_component>
      <object_component id="oc-127">
         <name>.text</name>
         <load_address>0x7304</load_address>
         <run_address>0x7304</run_address>
         <size>0x24</size>
         <input_file_ref idref="fl-b"/>
      </object_component>
      <object_component id="oc-1bb">
         <name>.text</name>
         <load_address>0x7328</load_address>
         <run_address>0x7328</run_address>
         <size>0x20</size>
         <input_file_ref idref="fl-ca"/>
      </object_component>
      <object_component id="oc-4d">
         <name>.text:decompress:ZI:__TI_zero_init_nomemset:__TI_zero_init_nomemset</name>
         <load_address>0x7348</load_address>
         <run_address>0x7348</run_address>
         <size>0x1c</size>
         <input_file_ref idref="fl-cc"/>
      </object_component>
      <object_component id="oc-26e">
         <name>.text:memccpy</name>
         <load_address>0x7364</load_address>
         <run_address>0x7364</run_address>
         <size>0x1c</size>
         <input_file_ref idref="fl-e5"/>
      </object_component>
      <object_component id="oc-3c6">
         <name>.text:copysign</name>
         <load_address>0x7380</load_address>
         <run_address>0x7380</run_address>
         <size>0x1a</size>
         <input_file_ref idref="fl-f5"/>
      </object_component>
      <object_component id="oc-1a2">
         <name>.text:_outs</name>
         <load_address>0x739a</load_address>
         <run_address>0x739a</run_address>
         <size>0x18</size>
         <input_file_ref idref="fl-c5"/>
      </object_component>
      <object_component id="oc-37d">
         <name>.text</name>
         <load_address>0x73b2</load_address>
         <run_address>0x73b2</run_address>
         <size>0x18</size>
         <input_file_ref idref="fl-f7"/>
      </object_component>
      <object_component id="oc-11a">
         <name>.text:strcmp</name>
         <load_address>0x73ca</load_address>
         <run_address>0x73ca</run_address>
         <size>0x18</size>
         <input_file_ref idref="fl-d0"/>
      </object_component>
      <object_component id="oc-2c3">
         <name>.text:strrchr</name>
         <load_address>0x73e2</load_address>
         <run_address>0x73e2</run_address>
         <size>0x18</size>
         <input_file_ref idref="fl-ea"/>
      </object_component>
      <object_component id="oc-2c9">
         <name>.text:strchr</name>
         <load_address>0x73fa</load_address>
         <run_address>0x73fa</run_address>
         <size>0x16</size>
         <input_file_ref idref="fl-e6"/>
      </object_component>
      <object_component id="oc-29a">
         <name>.text:strcpy</name>
         <load_address>0x7410</load_address>
         <run_address>0x7410</run_address>
         <size>0x14</size>
         <input_file_ref idref="fl-e7"/>
      </object_component>
      <object_component id="oc-23f">
         <name>.text:strlen</name>
         <load_address>0x7424</load_address>
         <run_address>0x7424</run_address>
         <size>0x14</size>
         <input_file_ref idref="fl-e9"/>
      </object_component>
      <object_component id="oc-1de">
         <name>.text:_inpchar</name>
         <load_address>0x7438</load_address>
         <run_address>0x7438</run_address>
         <size>0x12</size>
         <input_file_ref idref="fl-c6"/>
      </object_component>
      <object_component id="oc-274">
         <name>.text:wcslen</name>
         <load_address>0x744a</load_address>
         <run_address>0x744a</run_address>
         <size>0x12</size>
         <input_file_ref idref="fl-f4"/>
      </object_component>
      <object_component id="oc-de">
         <name>.text</name>
         <load_address>0x745c</load_address>
         <run_address>0x745c</run_address>
         <size>0x10</size>
         <input_file_ref idref="fl-1"/>
      </object_component>
      <object_component id="oc-108">
         <name>.text:tolower</name>
         <load_address>0x746c</load_address>
         <run_address>0x746c</run_address>
         <size>0x10</size>
         <input_file_ref idref="fl-d2"/>
      </object_component>
      <object_component id="oc-1b">
         <name>.text:decompress:none:__TI_decompress_none</name>
         <load_address>0x747c</load_address>
         <run_address>0x747c</run_address>
         <size>0xe</size>
         <input_file_ref idref="fl-cd"/>
      </object_component>
      <object_component id="oc-27">
         <name>.text</name>
         <load_address>0x748a</load_address>
         <run_address>0x748a</run_address>
         <size>0xc</size>
         <input_file_ref idref="fl-9"/>
      </object_component>
      <object_component id="oc-1a8">
         <name>.text:_outc</name>
         <load_address>0x7496</load_address>
         <run_address>0x7496</run_address>
         <size>0xa</size>
         <input_file_ref idref="fl-c5"/>
      </object_component>
      <object_component id="oc-27a">
         <name>.text:__aeabi_errno_addr</name>
         <load_address>0x74a0</load_address>
         <run_address>0x74a0</run_address>
         <size>0x8</size>
         <input_file_ref idref="fl-f1"/>
      </object_component>
      <object_component id="oc-1e4">
         <name>.text:_uninpchar</name>
         <load_address>0x74a8</load_address>
         <run_address>0x74a8</run_address>
         <size>0x8</size>
         <input_file_ref idref="fl-c6"/>
      </object_component>
      <object_component id="oc-ac">
         <name>.text:_system_pre_init</name>
         <load_address>0x74b0</load_address>
         <run_address>0x74b0</run_address>
         <size>0x4</size>
         <input_file_ref idref="fl-de"/>
      </object_component>
      <object_component id="oc-12e">
         <name>.text:abort:abort</name>
         <load_address>0x74b4</load_address>
         <run_address>0x74b4</run_address>
         <size>0x4</size>
         <input_file_ref idref="fl-e0"/>
      </object_component>
      <object_component id="oc-1d3">
         <name>.const:.string:_ctypes_</name>
         <load_address>0x74b8</load_address>
         <run_address>0x74b8</run_address>
         <size>0x101</size>
         <input_file_ref idref="fl-cf"/>
      </object_component>
      <object_component id="oc-386">
         <name>.const:$O1$$</name>
         <load_address>0x75c0</load_address>
         <run_address>0x75c0</run_address>
         <size>0xc8</size>
         <input_file_ref idref="fl-ec"/>
      </object_component>
      <object_component id="oc-2cf">
         <name>.const:$O1$$</name>
         <load_address>0x7688</load_address>
         <run_address>0x7688</run_address>
         <size>0x10</size>
         <input_file_ref idref="fl-d5"/>
      </object_component>
      <object_component id="oc-42b">
         <name>.cinit..data.load</name>
         <load_address>0x7698</load_address>
         <run_address>0x7698</run_address>
         <size>0x19</size>
      </object_component>
      <object_component id="oc-429">
         <name>__TI_handler_table</name>
         <load_address>0x76b4</load_address>
         <run_address>0x76b4</run_address>
         <size>0xc</size>
      </object_component>
      <object_component id="oc-42c">
         <name>.cinit..bss.load</name>
         <load_address>0x76c0</load_address>
         <run_address>0x76c0</run_address>
         <size>0x8</size>
      </object_component>
      <object_component id="oc-42a">
         <name>__TI_cinit_table</name>
         <load_address>0x76c8</load_address>
         <run_address>0x76c8</run_address>
         <size>0x10</size>
      </object_component>
      <object_component id="oc-1b5">
         <name>.data</name>
         <load_address>0x20002104</load_address>
         <run_address>0x20002104</run_address>
         <size>0x6</size>
         <input_file_ref idref="fl-2"/>
      </object_component>
      <object_component id="oc-183">
         <name>.data</name>
         <load_address>0x20002115</load_address>
         <run_address>0x20002115</run_address>
         <size>0x4</size>
         <input_file_ref idref="fl-4"/>
      </object_component>
      <object_component id="oc-189">
         <name>.data:hwAddress</name>
         <load_address>0x2000210a</load_address>
         <run_address>0x2000210a</run_address>
         <size>0x6</size>
         <input_file_ref idref="fl-4"/>
      </object_component>
      <object_component id="oc-186">
         <name>.data:ipAddress</name>
         <load_address>0x20002119</load_address>
         <run_address>0x20002119</run_address>
         <size>0x4</size>
         <input_file_ref idref="fl-4"/>
      </object_component>
      <object_component id="oc-18c">
         <name>.data:ipSubnetMask</name>
         <load_address>0x20002125</load_address>
         <run_address>0x20002125</run_address>
         <size>0x4</size>
         <input_file_ref idref="fl-4"/>
      </object_component>
      <object_component id="oc-18f">
         <name>.data:ipGwAddress</name>
         <load_address>0x20002121</load_address>
         <run_address>0x20002121</run_address>
         <size>0x4</size>
         <input_file_ref idref="fl-4"/>
      </object_component>
      <object_component id="oc-192">
         <name>.data:ipDnsAddress</name>
         <load_address>0x2000211d</load_address>
         <run_address>0x2000211d</run_address>
         <size>0x4</size>
         <input_file_ref idref="fl-4"/>
      </object_component>
      <object_component id="oc-195">
         <name>.data:ipTimeServerAddress</name>
         <load_address>0x20002129</load_address>
         <run_address>0x20002129</run_address>
         <size>0x4</size>
         <input_file_ref idref="fl-4"/>
      </object_component>
      <object_component id="oc-120">
         <name>.data</name>
         <load_address>0x20002110</load_address>
         <run_address>0x20002110</run_address>
         <size>0x5</size>
         <input_file_ref idref="fl-5"/>
      </object_component>
      <object_component id="oc-1fe">
         <name>.data</name>
         <load_address>0x20002134</load_address>
         <run_address>0x20002134</run_address>
         <size>0x4</size>
         <input_file_ref idref="fl-d1"/>
      </object_component>
      <object_component id="oc-363">
         <name>.data</name>
         <load_address>0x20002130</load_address>
         <run_address>0x20002130</run_address>
         <size>0x4</size>
         <input_file_ref idref="fl-f1"/>
      </object_component>
      <object_component id="oc-1b8">
         <name>.common:globalXid</name>
         <uninitialized>true</uninitialized>
         <run_address>0x200020e0</run_address>
         <size>0x4</size>
      </object_component>
      <object_component id="oc-1b9">
         <name>.common:ipOfferedAdd</name>
         <uninitialized>true</uninitialized>
         <run_address>0x200020e4</run_address>
         <size>0x4</size>
      </object_component>
      <object_component id="oc-1ba">
         <name>.common:serverIdentifierAdd</name>
         <uninitialized>true</uninitialized>
         <run_address>0x200020f0</run_address>
         <size>0x4</size>
      </object_component>
      <object_component id="oc-1ca">
         <name>.common:subnetMaskAdd</name>
         <uninitialized>true</uninitialized>
         <run_address>0x200020f4</run_address>
         <size>0x4</size>
      </object_component>
      <object_component id="oc-1cb">
         <name>.common:gateWayAdd</name>
         <uninitialized>true</uninitialized>
         <run_address>0x200020dc</run_address>
         <size>0x4</size>
      </object_component>
      <object_component id="oc-1cc">
         <name>.common:domainNameServerAdd</name>
         <uninitialized>true</uninitialized>
         <run_address>0x200020d8</run_address>
         <size>0x4</size>
      </object_component>
      <object_component id="oc-1cd">
         <name>.common:ipTimeServerAdd</name>
         <uninitialized>true</uninitialized>
         <run_address>0x200020e8</run_address>
         <size>0x4</size>
      </object_component>
      <object_component id="oc-1ce">
         <name>.common:leaseTime</name>
         <uninitialized>true</uninitialized>
         <run_address>0x200020ec</run_address>
         <size>0x4</size>
      </object_component>
      <object_component id="oc-1cf">
         <name>.common:t1LeaseTime</name>
         <uninitialized>true</uninitialized>
         <run_address>0x200020f8</run_address>
         <size>0x4</size>
      </object_component>
      <object_component id="oc-1d0">
         <name>.common:t2LeaseTime</name>
         <uninitialized>true</uninitialized>
         <run_address>0x200020fc</run_address>
         <size>0x4</size>
      </object_component>
      <object_component id="oc-123">
         <name>.common:strInput</name>
         <uninitialized>true</uninitialized>
         <run_address>0x20002000</run_address>
         <size>0x54</size>
      </object_component>
      <object_component id="oc-126">
         <name>.common:token</name>
         <uninitialized>true</uninitialized>
         <run_address>0x20002100</run_address>
         <size>0x4</size>
      </object_component>
      <object_component id="oc-78">
         <name>.common:fn</name>
         <uninitialized>true</uninitialized>
         <run_address>0x20002054</run_address>
         <size>0x28</size>
      </object_component>
      <object_component id="oc-74">
         <name>.common:period</name>
         <uninitialized>true</uninitialized>
         <run_address>0x2000207c</run_address>
         <size>0x28</size>
      </object_component>
      <object_component id="oc-77">
         <name>.common:ticks</name>
         <uninitialized>true</uninitialized>
         <run_address>0x200020a4</run_address>
         <size>0x28</size>
      </object_component>
      <object_component id="oc-79">
         <name>.common:reload</name>
         <uninitialized>true</uninitialized>
         <run_address>0x200020cc</run_address>
         <size>0xc</size>
      </object_component>
      <object_component id="oc-24">
         <name>.stack</name>
         <uninitialized>true</uninitialized>
         <run_address>0x20000000</run_address>
         <size>0x4</size>
         <input_file_ref idref="fl-d3"/>
      </object_component>
      <object_component id="oc-42e">
         <name>.stack</name>
         <uninitialized>true</uninitialized>
         <run_address>0x20000000</run_address>
         <size>0x0</size>
      </object_component>
      <object_component id="oc-cd">
         <name>.debug_info</name>
         <load_address>0x0</load_address>
         <run_address>0x0</run_address>
         <size>0x269</size>
         <input_file_ref idref="fl-1"/>
      </object_component>
      <object_component id="oc-df">
         <name>.debug_info</name>
         <load_address>0x269</load_address>
         <run_address>0x269</run_address>
         <size>0x126</size>
         <input_file_ref idref="fl-1"/>
      </object_component>
      <object_component id="oc-8c">
         <name>.debug_info</name>
         <load_address>0x38f</load_address>
         <run_address>0x38f</run_address>
         <size>0x26b</size>
         <input_file_ref idref="fl-1"/>
      </object_component>
      <object_component id="oc-3c">
         <name>.debug_info</name>
         <load_address>0x5fa</load_address>
         <run_address>0x5fa</run_address>
         <size>0x84</size>
         <input_file_ref idref="fl-1"/>
      </object_component>
      <object_component id="oc-c6">
         <name>.debug_info</name>
         <load_address>0x67e</load_address>
         <run_address>0x67e</run_address>
         <size>0x2a4</size>
         <input_file_ref idref="fl-1"/>
      </object_component>
      <object_component id="oc-7b">
         <name>.debug_info</name>
         <load_address>0x922</load_address>
         <run_address>0x922</run_address>
         <size>0xbb</size>
         <input_file_ref idref="fl-1"/>
      </object_component>
      <object_component id="oc-cb">
         <name>.debug_info</name>
         <load_address>0x9dd</load_address>
         <run_address>0x9dd</run_address>
         <size>0x898</size>
         <input_file_ref idref="fl-2"/>
      </object_component>
      <object_component id="oc-1b6">
         <name>.debug_info</name>
         <load_address>0x1275</load_address>
         <run_address>0x1275</run_address>
         <size>0x1ce</size>
         <input_file_ref idref="fl-2"/>
      </object_component>
      <object_component id="oc-fd">
         <name>.debug_info</name>
         <load_address>0x1443</load_address>
         <run_address>0x1443</run_address>
         <size>0x1bf1</size>
         <input_file_ref idref="fl-2"/>
      </object_component>
      <object_component id="oc-80">
         <name>.debug_info</name>
         <load_address>0x3034</load_address>
         <run_address>0x3034</run_address>
         <size>0x8b</size>
         <input_file_ref idref="fl-2"/>
      </object_component>
      <object_component id="oc-85">
         <name>.debug_info</name>
         <load_address>0x30bf</load_address>
         <run_address>0x30bf</run_address>
         <size>0x2c</size>
         <input_file_ref idref="fl-2"/>
      </object_component>
      <object_component id="oc-1b0">
         <name>.debug_info</name>
         <load_address>0x30eb</load_address>
         <run_address>0x30eb</run_address>
         <size>0x2c</size>
         <input_file_ref idref="fl-2"/>
      </object_component>
      <object_component id="oc-16e">
         <name>.debug_info</name>
         <load_address>0x3117</load_address>
         <run_address>0x3117</run_address>
         <size>0x5d1</size>
         <input_file_ref idref="fl-2"/>
      </object_component>
      <object_component id="oc-103">
         <name>.debug_info</name>
         <load_address>0x36e8</load_address>
         <run_address>0x36e8</run_address>
         <size>0x20e</size>
         <input_file_ref idref="fl-3"/>
      </object_component>
      <object_component id="oc-199">
         <name>.debug_info</name>
         <load_address>0x38f6</load_address>
         <run_address>0x38f6</run_address>
         <size>0x4c9</size>
         <input_file_ref idref="fl-4"/>
      </object_component>
      <object_component id="oc-184">
         <name>.debug_info</name>
         <load_address>0x3dbf</load_address>
         <run_address>0x3dbf</run_address>
         <size>0x15e</size>
         <input_file_ref idref="fl-4"/>
      </object_component>
      <object_component id="oc-18a">
         <name>.debug_info</name>
         <load_address>0x3f1d</load_address>
         <run_address>0x3f1d</run_address>
         <size>0xdf</size>
         <input_file_ref idref="fl-4"/>
      </object_component>
      <object_component id="oc-187">
         <name>.debug_info</name>
         <load_address>0x3ffc</load_address>
         <run_address>0x3ffc</run_address>
         <size>0xdf</size>
         <input_file_ref idref="fl-4"/>
      </object_component>
      <object_component id="oc-18d">
         <name>.debug_info</name>
         <load_address>0x40db</load_address>
         <run_address>0x40db</run_address>
         <size>0xe5</size>
         <input_file_ref idref="fl-4"/>
      </object_component>
      <object_component id="oc-190">
         <name>.debug_info</name>
         <load_address>0x41c0</load_address>
         <run_address>0x41c0</run_address>
         <size>0xe3</size>
         <input_file_ref idref="fl-4"/>
      </object_component>
      <object_component id="oc-193">
         <name>.debug_info</name>
         <load_address>0x42a3</load_address>
         <run_address>0x42a3</run_address>
         <size>0xe5</size>
         <input_file_ref idref="fl-4"/>
      </object_component>
      <object_component id="oc-196">
         <name>.debug_info</name>
         <load_address>0x4388</load_address>
         <run_address>0x4388</run_address>
         <size>0xf3</size>
         <input_file_ref idref="fl-4"/>
      </object_component>
      <object_component id="oc-eb">
         <name>.debug_info</name>
         <load_address>0x447b</load_address>
         <run_address>0x447b</run_address>
         <size>0x2e7c</size>
         <input_file_ref idref="fl-4"/>
      </object_component>
      <object_component id="oc-177">
         <name>.debug_info</name>
         <load_address>0x72f7</load_address>
         <run_address>0x72f7</run_address>
         <size>0x88</size>
         <input_file_ref idref="fl-4"/>
      </object_component>
      <object_component id="oc-124">
         <name>.debug_info</name>
         <load_address>0x737f</load_address>
         <run_address>0x737f</run_address>
         <size>0xeb3</size>
         <input_file_ref idref="fl-5"/>
      </object_component>
      <object_component id="oc-121">
         <name>.debug_info</name>
         <load_address>0x8232</load_address>
         <run_address>0x8232</run_address>
         <size>0xf3</size>
         <input_file_ref idref="fl-5"/>
      </object_component>
      <object_component id="oc-b3">
         <name>.debug_info</name>
         <load_address>0x8325</load_address>
         <run_address>0x8325</run_address>
         <size>0x105d</size>
         <input_file_ref idref="fl-5"/>
      </object_component>
      <object_component id="oc-17c">
         <name>.debug_info</name>
         <load_address>0x9382</load_address>
         <run_address>0x9382</run_address>
         <size>0x26e</size>
         <input_file_ref idref="fl-6"/>
      </object_component>
      <object_component id="oc-e5">
         <name>.debug_info</name>
         <load_address>0x95f0</load_address>
         <run_address>0x95f0</run_address>
         <size>0xfab</size>
         <input_file_ref idref="fl-6"/>
      </object_component>
      <object_component id="oc-17e">
         <name>.debug_info</name>
         <load_address>0xa59b</load_address>
         <run_address>0xa59b</run_address>
         <size>0x460</size>
         <input_file_ref idref="fl-7"/>
      </object_component>
      <object_component id="oc-75">
         <name>.debug_info</name>
         <load_address>0xa9fb</load_address>
         <run_address>0xa9fb</run_address>
         <size>0x333</size>
         <input_file_ref idref="fl-8"/>
      </object_component>
      <object_component id="oc-2e">
         <name>.debug_info</name>
         <load_address>0xad2e</load_address>
         <run_address>0xad2e</run_address>
         <size>0x4b5</size>
         <input_file_ref idref="fl-8"/>
      </object_component>
      <object_component id="oc-35">
         <name>.debug_info</name>
         <load_address>0xb1e3</load_address>
         <run_address>0xb1e3</run_address>
         <size>0x2d0</size>
         <input_file_ref idref="fl-9"/>
      </object_component>
      <object_component id="oc-13">
         <name>.debug_info</name>
         <load_address>0xb4b3</load_address>
         <run_address>0xb4b3</run_address>
         <size>0xf9</size>
         <input_file_ref idref="fl-9"/>
      </object_component>
      <object_component id="oc-28">
         <name>.debug_info</name>
         <load_address>0xb5ac</load_address>
         <run_address>0xb5ac</run_address>
         <size>0x275</size>
         <input_file_ref idref="fl-9"/>
      </object_component>
      <object_component id="oc-19b">
         <name>.debug_info</name>
         <load_address>0xb821</load_address>
         <run_address>0xb821</run_address>
         <size>0x359</size>
         <input_file_ref idref="fl-a"/>
      </object_component>
      <object_component id="oc-f1">
         <name>.debug_info</name>
         <load_address>0xbb7a</load_address>
         <run_address>0xbb7a</run_address>
         <size>0x3d2</size>
         <input_file_ref idref="fl-a"/>
      </object_component>
      <object_component id="oc-128">
         <name>.debug_info</name>
         <load_address>0xbf4c</load_address>
         <run_address>0xbf4c</run_address>
         <size>0x130</size>
         <input_file_ref idref="fl-b"/>
      </object_component>
      <object_component id="oc-1af">
         <name>.debug_info</name>
         <load_address>0xc07c</load_address>
         <run_address>0xc07c</run_address>
         <size>0x333</size>
         <input_file_ref idref="fl-c5"/>
      </object_component>
      <object_component id="oc-f7">
         <name>.debug_info</name>
         <load_address>0xc3af</load_address>
         <run_address>0xc3af</run_address>
         <size>0x1d1</size>
         <input_file_ref idref="fl-c5"/>
      </object_component>
      <object_component id="oc-1a3">
         <name>.debug_info</name>
         <load_address>0xc580</load_address>
         <run_address>0xc580</run_address>
         <size>0x18d</size>
         <input_file_ref idref="fl-c5"/>
      </object_component>
      <object_component id="oc-1a9">
         <name>.debug_info</name>
         <load_address>0xc70d</load_address>
         <run_address>0xc70d</run_address>
         <size>0x16d</size>
         <input_file_ref idref="fl-c5"/>
      </object_component>
      <object_component id="oc-36a">
         <name>.debug_info</name>
         <load_address>0xc87a</load_address>
         <run_address>0xc87a</run_address>
         <size>0x2c</size>
         <input_file_ref idref="fl-c5"/>
      </object_component>
      <object_component id="oc-1f1">
         <name>.debug_info</name>
         <load_address>0xc8a6</load_address>
         <run_address>0xc8a6</run_address>
         <size>0x37a</size>
         <input_file_ref idref="fl-c6"/>
      </object_component>
      <object_component id="oc-10f">
         <name>.debug_info</name>
         <load_address>0xcc20</load_address>
         <run_address>0xcc20</run_address>
         <size>0x17e</size>
         <input_file_ref idref="fl-c6"/>
      </object_component>
      <object_component id="oc-1e5">
         <name>.debug_info</name>
         <load_address>0xcd9e</load_address>
         <run_address>0xcd9e</run_address>
         <size>0x171</size>
         <input_file_ref idref="fl-c6"/>
      </object_component>
      <object_component id="oc-1df">
         <name>.debug_info</name>
         <load_address>0xcf0f</load_address>
         <run_address>0xcf0f</run_address>
         <size>0x17e</size>
         <input_file_ref idref="fl-c6"/>
      </object_component>
      <object_component id="oc-1eb">
         <name>.debug_info</name>
         <load_address>0xd08d</load_address>
         <run_address>0xd08d</run_address>
         <size>0x1de</size>
         <input_file_ref idref="fl-c6"/>
      </object_component>
      <object_component id="oc-1c1">
         <name>.debug_info</name>
         <load_address>0xd26b</load_address>
         <run_address>0xd26b</run_address>
         <size>0x13a</size>
         <input_file_ref idref="fl-c7"/>
      </object_component>
      <object_component id="oc-1c6">
         <name>.debug_info</name>
         <load_address>0xd3a5</load_address>
         <run_address>0xd3a5</run_address>
         <size>0x139</size>
         <input_file_ref idref="fl-c8"/>
      </object_component>
      <object_component id="oc-42">
         <name>.debug_info</name>
         <load_address>0xd4de</load_address>
         <run_address>0xd4de</run_address>
         <size>0x119</size>
         <input_file_ref idref="fl-c9"/>
      </object_component>
      <object_component id="oc-1bc">
         <name>.debug_info</name>
         <load_address>0xd5f7</load_address>
         <run_address>0xd5f7</run_address>
         <size>0x12e</size>
         <input_file_ref idref="fl-ca"/>
      </object_component>
      <object_component id="oc-a7">
         <name>.debug_info</name>
         <load_address>0xd725</load_address>
         <run_address>0xd725</run_address>
         <size>0x147</size>
         <input_file_ref idref="fl-cb"/>
      </object_component>
      <object_component id="oc-a5">
         <name>.debug_info</name>
         <load_address>0xd86c</load_address>
         <run_address>0xd86c</run_address>
         <size>0x2d4</size>
         <input_file_ref idref="fl-cc"/>
      </object_component>
      <object_component id="oc-4e">
         <name>.debug_info</name>
         <load_address>0xdb40</load_address>
         <run_address>0xdb40</run_address>
         <size>0x1d2</size>
         <input_file_ref idref="fl-cc"/>
      </object_component>
      <object_component id="oc-a0">
         <name>.debug_info</name>
         <load_address>0xdd12</load_address>
         <run_address>0xdd12</run_address>
         <size>0x46</size>
         <input_file_ref idref="fl-cc"/>
      </object_component>
      <object_component id="oc-d5">
         <name>.debug_info</name>
         <load_address>0xdd58</load_address>
         <run_address>0xdd58</run_address>
         <size>0x2c</size>
         <input_file_ref idref="fl-cc"/>
      </object_component>
      <object_component id="oc-4c">
         <name>.debug_info</name>
         <load_address>0xdd84</load_address>
         <run_address>0xdd84</run_address>
         <size>0x2a8</size>
         <input_file_ref idref="fl-cd"/>
      </object_component>
      <object_component id="oc-1c">
         <name>.debug_info</name>
         <load_address>0xe02c</load_address>
         <run_address>0xe02c</run_address>
         <size>0x1ea</size>
         <input_file_ref idref="fl-cd"/>
      </object_component>
      <object_component id="oc-47">
         <name>.debug_info</name>
         <load_address>0xe216</load_address>
         <run_address>0xe216</run_address>
         <size>0x46</size>
         <input_file_ref idref="fl-cd"/>
      </object_component>
      <object_component id="oc-98">
         <name>.debug_info</name>
         <load_address>0xe25c</load_address>
         <run_address>0xe25c</run_address>
         <size>0x2c</size>
         <input_file_ref idref="fl-cd"/>
      </object_component>
      <object_component id="oc-96">
         <name>.debug_info</name>
         <load_address>0xe288</load_address>
         <run_address>0xe288</run_address>
         <size>0x29e</size>
         <input_file_ref idref="fl-ce"/>
      </object_component>
      <object_component id="oc-16">
         <name>.debug_info</name>
         <load_address>0xe526</load_address>
         <run_address>0xe526</run_address>
         <size>0x250</size>
         <input_file_ref idref="fl-ce"/>
      </object_component>
      <object_component id="oc-37">
         <name>.debug_info</name>
         <load_address>0xe776</load_address>
         <run_address>0xe776</run_address>
         <size>0x60</size>
         <input_file_ref idref="fl-ce"/>
      </object_component>
      <object_component id="oc-ce">
         <name>.debug_info</name>
         <load_address>0xe7d6</load_address>
         <run_address>0xe7d6</run_address>
         <size>0x46</size>
         <input_file_ref idref="fl-ce"/>
      </object_component>
      <object_component id="oc-91">
         <name>.debug_info</name>
         <load_address>0xe81c</load_address>
         <run_address>0xe81c</run_address>
         <size>0x39</size>
         <input_file_ref idref="fl-ce"/>
      </object_component>
      <object_component id="oc-297">
         <name>.debug_info</name>
         <load_address>0xe855</load_address>
         <run_address>0xe855</run_address>
         <size>0xf9</size>
         <input_file_ref idref="fl-cf"/>
      </object_component>
      <object_component id="oc-1d4">
         <name>.debug_info</name>
         <load_address>0xe94e</load_address>
         <run_address>0xe94e</run_address>
         <size>0x105</size>
         <input_file_ref idref="fl-cf"/>
      </object_component>
      <object_component id="oc-204">
         <name>.debug_info</name>
         <load_address>0xea53</load_address>
         <run_address>0xea53</run_address>
         <size>0x28a</size>
         <input_file_ref idref="fl-d0"/>
      </object_component>
      <object_component id="oc-11b">
         <name>.debug_info</name>
         <load_address>0xecdd</load_address>
         <run_address>0xecdd</run_address>
         <size>0x273</size>
         <input_file_ref idref="fl-d0"/>
      </object_component>
      <object_component id="oc-202">
         <name>.debug_info</name>
         <load_address>0xef50</load_address>
         <run_address>0xef50</run_address>
         <size>0x2fe</size>
         <input_file_ref idref="fl-d1"/>
      </object_component>
      <object_component id="oc-1ff">
         <name>.debug_info</name>
         <load_address>0xf24e</load_address>
         <run_address>0xf24e</run_address>
         <size>0x105</size>
         <input_file_ref idref="fl-d1"/>
      </object_component>
      <object_component id="oc-115">
         <name>.debug_info</name>
         <load_address>0xf353</load_address>
         <run_address>0xf353</run_address>
         <size>0x1ab</size>
         <input_file_ref idref="fl-d1"/>
      </object_component>
      <object_component id="oc-1d7">
         <name>.debug_info</name>
         <load_address>0xf4fe</load_address>
         <run_address>0xf4fe</run_address>
         <size>0x2b6</size>
         <input_file_ref idref="fl-d2"/>
      </object_component>
      <object_component id="oc-109">
         <name>.debug_info</name>
         <load_address>0xf7b4</load_address>
         <run_address>0xf7b4</run_address>
         <size>0x154</size>
         <input_file_ref idref="fl-d2"/>
      </object_component>
      <object_component id="oc-25">
         <name>.debug_info</name>
         <load_address>0xf908</load_address>
         <run_address>0xf908</run_address>
         <size>0x10b</size>
         <input_file_ref idref="fl-d3"/>
      </object_component>
      <object_component id="oc-60">
         <name>.debug_info</name>
         <load_address>0xfa13</load_address>
         <run_address>0xfa13</run_address>
         <size>0x1a9</size>
         <input_file_ref idref="fl-d3"/>
      </object_component>
      <object_component id="oc-281">
         <name>.debug_info</name>
         <load_address>0xfbbc</load_address>
         <run_address>0xfbbc</run_address>
         <size>0x590</size>
         <input_file_ref idref="fl-d4"/>
      </object_component>
      <object_component id="oc-24c">
         <name>.debug_info</name>
         <load_address>0x1014c</load_address>
         <run_address>0x1014c</run_address>
         <size>0x21e</size>
         <input_file_ref idref="fl-d4"/>
      </object_component>
      <object_component id="oc-333">
         <name>.debug_info</name>
         <load_address>0x1036a</load_address>
         <run_address>0x1036a</run_address>
         <size>0x1b3</size>
         <input_file_ref idref="fl-d4"/>
      </object_component>
      <object_component id="oc-339">
         <name>.debug_info</name>
         <load_address>0x1051d</load_address>
         <run_address>0x1051d</run_address>
         <size>0x21b</size>
         <input_file_ref idref="fl-d4"/>
      </object_component>
      <object_component id="oc-257">
         <name>.debug_info</name>
         <load_address>0x10738</load_address>
         <run_address>0x10738</run_address>
         <size>0x3c0</size>
         <input_file_ref idref="fl-d4"/>
      </object_component>
      <object_component id="oc-340">
         <name>.debug_info</name>
         <load_address>0x10af8</load_address>
         <run_address>0x10af8</run_address>
         <size>0x30a</size>
         <input_file_ref idref="fl-d4"/>
      </object_component>
      <object_component id="oc-346">
         <name>.debug_info</name>
         <load_address>0x10e02</load_address>
         <run_address>0x10e02</run_address>
         <size>0x215</size>
         <input_file_ref idref="fl-d4"/>
      </object_component>
      <object_component id="oc-25d">
         <name>.debug_info</name>
         <load_address>0x11017</load_address>
         <run_address>0x11017</run_address>
         <size>0x215</size>
         <input_file_ref idref="fl-d4"/>
      </object_component>
      <object_component id="oc-263">
         <name>.debug_info</name>
         <load_address>0x1122c</load_address>
         <run_address>0x1122c</run_address>
         <size>0x304</size>
         <input_file_ref idref="fl-d4"/>
      </object_component>
      <object_component id="oc-269">
         <name>.debug_info</name>
         <load_address>0x11530</load_address>
         <run_address>0x11530</run_address>
         <size>0x4b5</size>
         <input_file_ref idref="fl-d4"/>
      </object_component>
      <object_component id="oc-19d">
         <name>.debug_info</name>
         <load_address>0x119e5</load_address>
         <run_address>0x119e5</run_address>
         <size>0x5f4</size>
         <input_file_ref idref="fl-d4"/>
      </object_component>
      <object_component id="oc-282">
         <name>.debug_info</name>
         <load_address>0x11fd9</load_address>
         <run_address>0x11fd9</run_address>
         <size>0x86</size>
         <input_file_ref idref="fl-d4"/>
      </object_component>
      <object_component id="oc-36f">
         <name>.debug_info</name>
         <load_address>0x1205f</load_address>
         <run_address>0x1205f</run_address>
         <size>0x39</size>
         <input_file_ref idref="fl-d4"/>
      </object_component>
      <object_component id="oc-3db">
         <name>.debug_info</name>
         <load_address>0x12098</load_address>
         <run_address>0x12098</run_address>
         <size>0xb6</size>
         <input_file_ref idref="fl-d4"/>
      </object_component>
      <object_component id="oc-374">
         <name>.debug_info</name>
         <load_address>0x1214e</load_address>
         <run_address>0x1214e</run_address>
         <size>0x46</size>
         <input_file_ref idref="fl-d4"/>
      </object_component>
      <object_component id="oc-287">
         <name>.debug_info</name>
         <load_address>0x12194</load_address>
         <run_address>0x12194</run_address>
         <size>0x46</size>
         <input_file_ref idref="fl-d4"/>
      </object_component>
      <object_component id="oc-2d1">
         <name>.debug_info</name>
         <load_address>0x121da</load_address>
         <run_address>0x121da</run_address>
         <size>0x5ce</size>
         <input_file_ref idref="fl-d5"/>
      </object_component>
      <object_component id="oc-1d9">
         <name>.debug_info</name>
         <load_address>0x127a8</load_address>
         <run_address>0x127a8</run_address>
         <size>0x983</size>
         <input_file_ref idref="fl-d5"/>
      </object_component>
      <object_component id="oc-2d3">
         <name>.debug_info</name>
         <load_address>0x1312b</load_address>
         <run_address>0x1312b</run_address>
         <size>0x9a</size>
         <input_file_ref idref="fl-d5"/>
      </object_component>
      <object_component id="oc-32e">
         <name>.debug_info</name>
         <load_address>0x131c5</load_address>
         <run_address>0x131c5</run_address>
         <size>0x14c</size>
         <input_file_ref idref="fl-d6"/>
      </object_component>
      <object_component id="oc-252">
         <name>.debug_info</name>
         <load_address>0x13311</load_address>
         <run_address>0x13311</run_address>
         <size>0x128</size>
         <input_file_ref idref="fl-d7"/>
      </object_component>
      <object_component id="oc-319">
         <name>.debug_info</name>
         <load_address>0x13439</load_address>
         <run_address>0x13439</run_address>
         <size>0x12a</size>
         <input_file_ref idref="fl-d7"/>
      </object_component>
      <object_component id="oc-314">
         <name>.debug_info</name>
         <load_address>0x13563</load_address>
         <run_address>0x13563</run_address>
         <size>0x13a</size>
         <input_file_ref idref="fl-d8"/>
      </object_component>
      <object_component id="oc-31e">
         <name>.debug_info</name>
         <load_address>0x1369d</load_address>
         <run_address>0x1369d</run_address>
         <size>0x12e</size>
         <input_file_ref idref="fl-d9"/>
      </object_component>
      <object_component id="oc-2b3">
         <name>.debug_info</name>
         <load_address>0x137cb</load_address>
         <run_address>0x137cb</run_address>
         <size>0x13e</size>
         <input_file_ref idref="fl-da"/>
      </object_component>
      <object_component id="oc-329">
         <name>.debug_info</name>
         <load_address>0x13909</load_address>
         <run_address>0x13909</run_address>
         <size>0x12c</size>
         <input_file_ref idref="fl-db"/>
      </object_component>
      <object_component id="oc-30d">
         <name>.debug_info</name>
         <load_address>0x13a35</load_address>
         <run_address>0x13a35</run_address>
         <size>0x134</size>
         <input_file_ref idref="fl-dc"/>
      </object_component>
      <object_component id="oc-215">
         <name>.debug_info</name>
         <load_address>0x13b69</load_address>
         <run_address>0x13b69</run_address>
         <size>0x4b3</size>
         <input_file_ref idref="fl-dd"/>
      </object_component>
      <object_component id="oc-13b">
         <name>.debug_info</name>
         <load_address>0x1401c</load_address>
         <run_address>0x1401c</run_address>
         <size>0x1a6</size>
         <input_file_ref idref="fl-dd"/>
      </object_component>
      <object_component id="oc-2f7">
         <name>.debug_info</name>
         <load_address>0x141c2</load_address>
         <run_address>0x141c2</run_address>
         <size>0x39</size>
         <input_file_ref idref="fl-dd"/>
      </object_component>
      <object_component id="oc-39e">
         <name>.debug_info</name>
         <load_address>0x141fb</load_address>
         <run_address>0x141fb</run_address>
         <size>0x39</size>
         <input_file_ref idref="fl-dd"/>
      </object_component>
      <object_component id="oc-2fc">
         <name>.debug_info</name>
         <load_address>0x14234</load_address>
         <run_address>0x14234</run_address>
         <size>0x39</size>
         <input_file_ref idref="fl-dd"/>
      </object_component>
      <object_component id="oc-301">
         <name>.debug_info</name>
         <load_address>0x1426d</load_address>
         <run_address>0x1426d</run_address>
         <size>0xcd</size>
         <input_file_ref idref="fl-dd"/>
      </object_component>
      <object_component id="oc-ad">
         <name>.debug_info</name>
         <load_address>0x1433a</load_address>
         <run_address>0x1433a</run_address>
         <size>0x153</size>
         <input_file_ref idref="fl-de"/>
      </object_component>
      <object_component id="oc-12f">
         <name>.debug_info</name>
         <load_address>0x1448d</load_address>
         <run_address>0x1448d</run_address>
         <size>0x122</size>
         <input_file_ref idref="fl-e0"/>
      </object_component>
      <object_component id="oc-3b8">
         <name>.debug_info</name>
         <load_address>0x145af</load_address>
         <run_address>0x145af</run_address>
         <size>0x29c</size>
         <input_file_ref idref="fl-e2"/>
      </object_component>
      <object_component id="oc-323">
         <name>.debug_info</name>
         <load_address>0x1484b</load_address>
         <run_address>0x1484b</run_address>
         <size>0x1da</size>
         <input_file_ref idref="fl-e2"/>
      </object_component>
      <object_component id="oc-30b">
         <name>.debug_info</name>
         <load_address>0x14a25</load_address>
         <run_address>0x14a25</run_address>
         <size>0x2b9</size>
         <input_file_ref idref="fl-e4"/>
      </object_component>
      <object_component id="oc-246">
         <name>.debug_info</name>
         <load_address>0x14cde</load_address>
         <run_address>0x14cde</run_address>
         <size>0x17c</size>
         <input_file_ref idref="fl-e4"/>
      </object_component>
      <object_component id="oc-35b">
         <name>.debug_info</name>
         <load_address>0x14e5a</load_address>
         <run_address>0x14e5a</run_address>
         <size>0x2a7</size>
         <input_file_ref idref="fl-e5"/>
      </object_component>
      <object_component id="oc-26f">
         <name>.debug_info</name>
         <load_address>0x15101</load_address>
         <run_address>0x15101</run_address>
         <size>0x1b8</size>
         <input_file_ref idref="fl-e5"/>
      </object_component>
      <object_component id="oc-394">
         <name>.debug_info</name>
         <load_address>0x152b9</load_address>
         <run_address>0x152b9</run_address>
         <size>0x29a</size>
         <input_file_ref idref="fl-e6"/>
      </object_component>
      <object_component id="oc-2ca">
         <name>.debug_info</name>
         <load_address>0x15553</load_address>
         <run_address>0x15553</run_address>
         <size>0x262</size>
         <input_file_ref idref="fl-e6"/>
      </object_component>
      <object_component id="oc-37c">
         <name>.debug_info</name>
         <load_address>0x157b5</load_address>
         <run_address>0x157b5</run_address>
         <size>0x2a4</size>
         <input_file_ref idref="fl-e7"/>
      </object_component>
      <object_component id="oc-29b">
         <name>.debug_info</name>
         <load_address>0x15a59</load_address>
         <run_address>0x15a59</run_address>
         <size>0x24d</size>
         <input_file_ref idref="fl-e7"/>
      </object_component>
      <object_component id="oc-2e0">
         <name>.debug_info</name>
         <load_address>0x15ca6</load_address>
         <run_address>0x15ca6</run_address>
         <size>0x290</size>
         <input_file_ref idref="fl-e8"/>
      </object_component>
      <object_component id="oc-1f9">
         <name>.debug_info</name>
         <load_address>0x15f36</load_address>
         <run_address>0x15f36</run_address>
         <size>0x198</size>
         <input_file_ref idref="fl-e8"/>
      </object_component>
      <object_component id="oc-309">
         <name>.debug_info</name>
         <load_address>0x160ce</load_address>
         <run_address>0x160ce</run_address>
         <size>0x28f</size>
         <input_file_ref idref="fl-e9"/>
      </object_component>
      <object_component id="oc-240">
         <name>.debug_info</name>
         <load_address>0x1635d</load_address>
         <run_address>0x1635d</run_address>
         <size>0x245</size>
         <input_file_ref idref="fl-e9"/>
      </object_component>
      <object_component id="oc-392">
         <name>.debug_info</name>
         <load_address>0x165a2</load_address>
         <run_address>0x165a2</run_address>
         <size>0x296</size>
         <input_file_ref idref="fl-ea"/>
      </object_component>
      <object_component id="oc-2c4">
         <name>.debug_info</name>
         <load_address>0x16838</load_address>
         <run_address>0x16838</run_address>
         <size>0x265</size>
         <input_file_ref idref="fl-ea"/>
      </object_component>
      <object_component id="oc-2de">
         <name>.debug_info</name>
         <load_address>0x16a9d</load_address>
         <run_address>0x16a9d</run_address>
         <size>0x295</size>
         <input_file_ref idref="fl-eb"/>
      </object_component>
      <object_component id="oc-1f3">
         <name>.debug_info</name>
         <load_address>0x16d32</load_address>
         <run_address>0x16d32</run_address>
         <size>0x1c3</size>
         <input_file_ref idref="fl-eb"/>
      </object_component>
      <object_component id="oc-38a">
         <name>.debug_info</name>
         <load_address>0x16ef5</load_address>
         <run_address>0x16ef5</run_address>
         <size>0x3b6</size>
         <input_file_ref idref="fl-ec"/>
      </object_component>
      <object_component id="oc-387">
         <name>.debug_info</name>
         <load_address>0x172ab</load_address>
         <run_address>0x172ab</run_address>
         <size>0x123</size>
         <input_file_ref idref="fl-ec"/>
      </object_component>
      <object_component id="oc-2ad">
         <name>.debug_info</name>
         <load_address>0x173ce</load_address>
         <run_address>0x173ce</run_address>
         <size>0x4e0</size>
         <input_file_ref idref="fl-ec"/>
      </object_component>
      <object_component id="oc-38e">
         <name>.debug_info</name>
         <load_address>0x178ae</load_address>
         <run_address>0x178ae</run_address>
         <size>0x321</size>
         <input_file_ref idref="fl-ed"/>
      </object_component>
      <object_component id="oc-2ba">
         <name>.debug_info</name>
         <load_address>0x17bcf</load_address>
         <run_address>0x17bcf</run_address>
         <size>0x28b</size>
         <input_file_ref idref="fl-ed"/>
      </object_component>
      <object_component id="oc-390">
         <name>.debug_info</name>
         <load_address>0x17e5a</load_address>
         <run_address>0x17e5a</run_address>
         <size>0x322</size>
         <input_file_ref idref="fl-ee"/>
      </object_component>
      <object_component id="oc-2be">
         <name>.debug_info</name>
         <load_address>0x1817c</load_address>
         <run_address>0x1817c</run_address>
         <size>0x2cf</size>
         <input_file_ref idref="fl-ee"/>
      </object_component>
      <object_component id="oc-385">
         <name>.debug_info</name>
         <load_address>0x1844b</load_address>
         <run_address>0x1844b</run_address>
         <size>0x322</size>
         <input_file_ref idref="fl-ef"/>
      </object_component>
      <object_component id="oc-2aa">
         <name>.debug_info</name>
         <load_address>0x1876d</load_address>
         <run_address>0x1876d</run_address>
         <size>0x231</size>
         <input_file_ref idref="fl-ef"/>
      </object_component>
      <object_component id="oc-383">
         <name>.debug_info</name>
         <load_address>0x1899e</load_address>
         <run_address>0x1899e</run_address>
         <size>0x323</size>
         <input_file_ref idref="fl-f0"/>
      </object_component>
      <object_component id="oc-2a3">
         <name>.debug_info</name>
         <load_address>0x18cc1</load_address>
         <run_address>0x18cc1</run_address>
         <size>0x254</size>
         <input_file_ref idref="fl-f0"/>
      </object_component>
      <object_component id="oc-367">
         <name>.debug_info</name>
         <load_address>0x18f15</load_address>
         <run_address>0x18f15</run_address>
         <size>0x289</size>
         <input_file_ref idref="fl-f1"/>
      </object_component>
      <object_component id="oc-364">
         <name>.debug_info</name>
         <load_address>0x1919e</load_address>
         <run_address>0x1919e</run_address>
         <size>0x10e</size>
         <input_file_ref idref="fl-f1"/>
      </object_component>
      <object_component id="oc-27b">
         <name>.debug_info</name>
         <load_address>0x192ac</load_address>
         <run_address>0x192ac</run_address>
         <size>0x14e</size>
         <input_file_ref idref="fl-f1"/>
      </object_component>
      <object_component id="oc-3c0">
         <name>.debug_info</name>
[...]
         <value>0x20002100</value>
      </symbol>
      <symbol id="sm-373">
         <name>initHw</name>
         <value>0x31a9</value>
         <object_component_ref idref="oc-b2"/>
      </symbol>
      <symbol id="sm-374">
         <name>asciiToUint8</name>
         <value>0x3545</value>
         <object_component_ref idref="oc-b2"/>
      </symbol>
      <symbol id="sm-375">
         <name>processShell</name>
         <value>0x361d</value>
         <object_component_ref idref="oc-b2"/>
      </symbol>
      <symbol id="sm-376">
         <name>x</name>
         <value>0x20002110</value>
         <object_component_ref idref="oc-120"/>
      </symbol>
      <symbol id="sm-377">
         <name>displayConnectionInfo</name>
         <value>0x31e9</value>
         <object_component_ref idref="oc-b2"/>
      </symbol>
      <symbol id="sm-378">
         <name>main</name>
         <value>0x3a11</value>
         <object_component_ref idref="oc-b2"/>
      </symbol>
      <symbol id="sm-379">
         <name>readConfiguration</name>
         <value>0x3497</value>
         <object_component_ref idref="oc-b2"/>
      </symbol>
      <symbol id="sm-37a">
         <name>count</name>
         <value>0x20002114</value>
         <object_component_ref idref="oc-120"/>
      </symbol>
      <symbol id="sm-3ee">
         <name>selectPinInterruptBothEdges</name>
         <value>0x4b97</value>
         <object_component_ref idref="oc-e4"/>
      </symbol>
      <symbol id="sm-3ef">
         <name>getPortValue</name>
         <value>0x4d85</value>
         <object_component_ref idref="oc-e4"/>
      </symbol>
      <symbol id="sm-3f0">
         <name>selectPinAnalogInput</name>
         <value>0x487b</value>
         <object_component_ref idref="oc-e4"/>
      </symbol>
      <symbol id="sm-3f1">
         <name>selectPinPushPullOutput</name>
         <value>0x4791</value>
         <object_component_ref idref="oc-e4"/>
      </symbol>
      <symbol id="sm-3f2">
         <name>selectPinInterruptHighLevel</name>
         <value>0x4bed</value>
         <object_component_ref idref="oc-e4"/>
      </symbol>
      <symbol id="sm-3f3">
         <name>selectPinInterruptFallingEdge</name>
         <value>0x4b47</value>
         <object_component_ref idref="oc-e4"/>
      </symbol>
      <symbol id="sm-3f4">
         <name>selectPinOpenDrainOutput</name>
         <value>0x47df</value>
         <object_component_ref idref="oc-e4"/>
      </symbol>
      <symbol id="sm-3f5">
         <name>selectPinInterruptLowLevel</name>
         <value>0x4c27</value>
         <object_component_ref idref="oc-e4"/>
      </symbol>
      <symbol id="sm-3f6">
         <name>setPortValue</name>
         <value>0x4d01</value>
         <object_component_ref idref="oc-e4"/>
      </symbol>
      <symbol id="sm-3f7">
         <name>enablePinInterrupt</name>
         <value>0x4c61</value>
         <object_component_ref idref="oc-e4"/>
      </symbol>
      <symbol id="sm-3f8">
         <name>setPinAuxFunction</name>
         <value>0x49e5</value>
         <object_component_ref idref="oc-e4"/>
      </symbol>
      <symbol id="sm-3f9">
         <name>enablePort</name>
         <value>0x4655</value>
         <object_component_ref idref="oc-e4"/>
      </symbol>
      <symbol id="sm-3fa">
         <name>disablePinPulldown</name>
         <value>0x49bd</value>
         <object_component_ref idref="oc-e4"/>
      </symbol>
      <symbol id="sm-3fb">
         <name>setPinCommitControl</name>
         <value>0x48cb</value>
         <object_component_ref idref="oc-e4"/>
      </symbol>
      <symbol id="sm-3fc">
         <name>disablePort</name>
         <value>0x4711</value>
         <object_component_ref idref="oc-e4"/>
      </symbol>
      <symbol id="sm-3fd">
         <name>disablePinInterrupt</name>
         <value>0x4c85</value>
         <object_component_ref idref="oc-e4"/>
      </symbol>
      <symbol id="sm-3fe">
         <name>enablePinPullup</name>
         <value>0x4947</value>
         <object_component_ref idref="oc-e4"/>
      </symbol>
      <symbol id="sm-3ff">
         <name>getPinValue</name>
         <value>0x4ccf</value>
         <object_component_ref idref="oc-e4"/>
      </symbol>
      <symbol id="sm-400">
         <name>enablePinPulldown</name>
         <value>0x4999</value>
         <object_component_ref idref="oc-e4"/>
      </symbol>
      <symbol id="sm-401">
         <name>disablePinPullup</name>
         <value>0x4975</value>
         <object_component_ref idref="oc-e4"/>
      </symbol>
      <symbol id="sm-402">
         <name>selectPinDigitalInput</name>
         <value>0x482d</value>
         <object_component_ref idref="oc-e4"/>
      </symbol>
      <symbol id="sm-403">
         <name>selectPinInterruptRisingEdge</name>
         <value>0x4af7</value>
         <object_component_ref idref="oc-e4"/>
      </symbol>
      <symbol id="sm-404">
         <name>setPinValue</name>
         <value>0x4ca9</value>
         <object_component_ref idref="oc-e4"/>
      </symbol>
      <symbol id="sm-420">
         <name>setSpi0Mode</name>
         <value>0x5e53</value>
         <object_component_ref idref="oc-17d"/>
      </symbol>
      <symbol id="sm-421">
         <name>readSpi0Data</name>
         <value>0x5eb9</value>
         <object_component_ref idref="oc-17d"/>
      </symbol>
      <symbol id="sm-422">
         <name>writeSpi0Data</name>
         <value>0x5ea1</value>
         <object_component_ref idref="oc-17d"/>
      </symbol>
      <symbol id="sm-423">
         <name>initSpi0</name>
         <value>0x5d81</value>
         <object_component_ref idref="oc-17d"/>
      </symbol>
      <symbol id="sm-424">
         <name>setSpi0BaudRate</name>
         <value>0x5e1d</value>
         <object_component_ref idref="oc-17d"/>
      </symbol>
      <symbol id="sm-465">
         <name>fn</name>
         <value>0x20002054</value>
      </symbol>
      <symbol id="sm-466">
         <name>period</name>
         <value>0x2000207c</value>
      </symbol>
      <symbol id="sm-467">
         <name>ticks</name>
         <value>0x200020a4</value>
      </symbol>
      <symbol id="sm-468">
         <name>reload</name>
         <value>0x200020cc</value>
      </symbol>
      <symbol id="sm-469">
         <name>initTimer</name>
         <value>0x5275</value>
         <object_component_ref idref="oc-2d"/>
      </symbol>
      <symbol id="sm-46a">
         <name>stopTimer</name>
         <value>0x5421</value>
         <object_component_ref idref="oc-2d"/>
      </symbol>
      <symbol id="sm-46b">
         <name>startOneshotTimer</name>
         <value>0x5315</value>
         <object_component_ref idref="oc-2d"/>
      </symbol>
      <symbol id="sm-46c">
         <name>restartTimer</name>
         <value>0x5487</value>
         <object_component_ref idref="oc-2d"/>
      </symbol>
      <symbol id="sm-46d">
         <name>random32</name>
         <value>0x556f</value>
         <object_component_ref idref="oc-2d"/>
      </symbol>
      <symbol id="sm-46e">
         <name>tickIsr</name>
         <value>0x54f5</value>
         <object_component_ref idref="oc-2d"/>
      </symbol>
      <symbol id="sm-46f">
         <name>startPeriodicTimer</name>
         <value>0x539b</value>
         <object_component_ref idref="oc-2d"/>
      </symbol>
      <symbol id="sm-48b">
         <name>ResetISR</name>
         <value>0x748b</value>
         <object_component_ref idref="oc-27"/>
      </symbol>
      <symbol id="sm-48c">
         <name>g_pfnVectors</name>
         <value>0x0</value>
         <object_component_ref idref="oc-12"/>
      </symbol>
      <symbol id="sm-4af">
         <name>getcUart0</name>
         <value>0x65d7</value>
         <object_component_ref idref="oc-f0"/>
      </symbol>
      <symbol id="sm-4b0">
         <name>kbhitUart0</name>
         <value>0x65eb</value>
         <object_component_ref idref="oc-f0"/>
      </symbol>
      <symbol id="sm-4b1">
         <name>setUart0BaudRate</name>
         <value>0x654f</value>
         <object_component_ref idref="oc-f0"/>
      </symbol>
      <symbol id="sm-4b2">
         <name>putsUart0</name>
         <value>0x65ab</value>
         <object_component_ref idref="oc-f0"/>
      </symbol>
      <symbol id="sm-4b3">
         <name>initUart0</name>
         <value>0x6505</value>
         <object_component_ref idref="oc-f0"/>
      </symbol>
      <symbol id="sm-4b4">
         <name>putcUart0</name>
         <value>0x658f</value>
         <object_component_ref idref="oc-f0"/>
      </symbol>
      <symbol id="sm-4c2">
         <name>waitMicrosecond</name>
         <value>0x7305</value>
         <object_component_ref idref="oc-127"/>
      </symbol>
      <symbol id="sm-4e9">
         <name>sprintf</name>
         <value>0x715d</value>
         <object_component_ref idref="oc-f6"/>
      </symbol>
      <symbol id="sm-520">
         <name>sscanf</name>
         <value>0x721d</value>
         <object_component_ref idref="oc-10e"/>
      </symbol>
      <symbol id="sm-52b">
         <name>__aeabi_dmul</name>
         <value>0x6849</value>
         <object_component_ref idref="oc-1c0"/>
      </symbol>
      <symbol id="sm-535">
         <name>__aeabi_d2uiz</name>
         <value>0x7119</value>
         <object_component_ref idref="oc-1c5"/>
      </symbol>
      <symbol id="sm-550">
         <name>memcpy</name>
         <value>0x69f7</value>
         <object_component_ref idref="oc-41"/>
      </symbol>
      <symbol id="sm-551">
         <name>__aeabi_memcpy</name>
         <value>0x69f7</value>
         <object_component_ref idref="oc-41"/>
      </symbol>
      <symbol id="sm-552">
         <name>__aeabi_memcpy8</name>
         <value>0x69f7</value>
         <object_component_ref idref="oc-41"/>
      </symbol>
      <symbol id="sm-553">
         <name>__aeabi_memcpy4</name>
         <value>0x69f7</value>
         <object_component_ref idref="oc-41"/>
      </symbol>
      <symbol id="sm-55d">
         <name>__aeabi_ui2d</name>
         <value>0x7329</value>
         <object_component_ref idref="oc-1bb"/>
      </symbol>
      <symbol id="sm-56c">
         <name>__aeabi_memset</name>
         <value>0x6cbb</value>
         <object_component_ref idref="oc-a6"/>
      </symbol>
      <symbol id="sm-56d">
         <name>memset</name>
         <value>0x6cc1</value>
         <object_component_ref idref="oc-a6"/>
      </symbol>
      <symbol id="sm-56e">
         <name>__aeabi_memset8</name>
         <value>0x6cbb</value>
         <object_component_ref idref="oc-a6"/>
      </symbol>
      <symbol id="sm-56f">
         <name>__aeabi_memset4</name>
         <value>0x6cbb</value>
         <object_component_ref idref="oc-a6"/>
      </symbol>
      <symbol id="sm-570">
         <name>__aeabi_memclr8</name>
         <value>0x6cb9</value>
         <object_component_ref idref="oc-a6"/>
      </symbol>
      <symbol id="sm-571">
         <name>__aeabi_memclr4</name>
         <value>0x6cb9</value>
         <object_component_ref idref="oc-a6"/>
      </symbol>
      <symbol id="sm-572">
         <name>__aeabi_memclr</name>
         <value>0x6cb9</value>
         <object_component_ref idref="oc-a6"/>
      </symbol>
      <symbol id="sm-58b">
         <name>__TI_zero_init_nomemset</name>
         <value>0x7349</value>
         <object_component_ref idref="oc-4d"/>
      </symbol>
      <symbol id="sm-5a2">
         <name>__TI_decompress_none</name>
         <value>0x747d</value>
         <object_component_ref idref="oc-1b"/>
      </symbol>
      <symbol id="sm-5c5">
         <name>__TI_decompress_lzss</name>
         <value>0x6e79</value>
         <object_component_ref idref="oc-15"/>
      </symbol>
      <symbol id="sm-5d0">
         <name>_ctypes_</name>
         <value>0x74b8</value>
         <object_component_ref idref="oc-1d3"/>
      </symbol>
      <symbol id="sm-5df">
         <name>strcmp</name>
         <value>0x73cb</value>
         <object_component_ref idref="oc-11a"/>
      </symbol>
      <symbol id="sm-5f7">
         <name>strtok</name>
         <value>0x719d</value>
         <object_component_ref idref="oc-114"/>
      </symbol>
      <symbol id="sm-606">
         <name>tolower</name>
         <value>0x746d</value>
         <object_component_ref idref="oc-108"/>
      </symbol>
      <symbol id="sm-619">
         <name>__stack</name>
         <value>0x20000000</value>
         <object_component_ref idref="oc-24"/>
      </symbol>
      <symbol id="sm-61a">
         <name>_c_int00_noargs</name>
         <value>0x7255</value>
         <object_component_ref idref="oc-5f"/>
      </symbol>
      <symbol id="sm-77f">
         <name>__TI_printfi</name>
         <value>0x3c05</value>
         <object_component_ref idref="oc-19c"/>
      </symbol>
      <symbol id="sm-830">
         <name>__TI_scanfi</name>
         <value>0x26b9</value>
         <object_component_ref idref="oc-1d8"/>
      </symbol>
      <symbol id="sm-847">
         <name>__aeabi_dsub</name>
         <value>0x5bc9</value>
         <object_component_ref idref="oc-32d"/>
      </symbol>
      <symbol id="sm-848">
         <name>__aeabi_dadd</name>
         <value>0x5bd3</value>
         <object_component_ref idref="oc-32d"/>
      </symbol>
      <symbol id="sm-86a">
         <name>__aeabi_cdcmpeq</name>
         <value>0x6b29</value>
         <object_component_ref idref="oc-251"/>
      </symbol>
      <symbol id="sm-86b">
         <name>__aeabi_cdcmple</name>
         <value>0x6b29</value>
         <object_component_ref idref="oc-251"/>
      </symbol>
      <symbol id="sm-86c">
         <name>__aeabi_cdrcmple</name>
         <value>0x6baf</value>
         <object_component_ref idref="oc-318"/>
      </symbol>
      <symbol id="sm-880">
         <name>__aeabi_ddiv</name>
         <value>0x6179</value>
         <object_component_ref idref="oc-313"/>
      </symbol>
      <symbol id="sm-88a">
         <name>__aeabi_d2iz</name>
         <value>0x708d</value>
         <object_component_ref idref="oc-31d"/>
      </symbol>
      <symbol id="sm-896">
         <name>__aeabi_d2f</name>
         <value>0x6da1</value>
         <object_component_ref idref="oc-2b2"/>
      </symbol>
      <symbol id="sm-8a0">
         <name>__aeabi_i2d</name>
         <value>0x7289</value>
         <object_component_ref idref="oc-328"/>
      </symbol>
      <symbol id="sm-8ad">
         <name>__aeabi_uldivmod</name>
         <value>0x6a93</value>
         <object_component_ref idref="oc-30c"/>
      </symbol>
      <symbol id="sm-8d5">
         <name>__TI_auto_init_nobinit_nopinit</name>
         <value>0x70d5</value>
         <object_component_ref idref="oc-13a"/>
      </symbol>
      <symbol id="sm-8df">
         <name>_system_pre_init</name>
         <value>0x74b1</value>
         <object_component_ref idref="oc-ac"/>
      </symbol>
      <symbol id="sm-8eb">
         <name>C$$EXIT</name>
         <value>0x74b5</value>
         <object_component_ref idref="oc-12e"/>
      </symbol>
      <symbol id="sm-8ec">
         <name>abort</name>
         <value>0x74b5</value>
         <object_component_ref idref="oc-12e"/>
      </symbol>
      <symbol id="sm-8fc">
         <name>__TI_ltoa</name>
         <value>0x6f9b</value>
         <object_component_ref idref="oc-322"/>
      </symbol>
      <symbol id="sm-913">
         <name>atoi</name>
         <value>0x7041</value>
         <object_component_ref idref="oc-245"/>
      </symbol>
      <symbol id="sm-923">
         <name>memccpy</name>
         <value>0x7365</value>
         <object_component_ref idref="oc-26e"/>
      </symbol>
      <symbol id="sm-933">
         <name>strchr</name>
         <value>0x73fb</value>
         <object_component_ref idref="oc-2c9"/>
      </symbol>
      <symbol id="sm-941">
         <name>strcpy</name>
         <value>0x7411</value>
         <object_component_ref idref="oc-29a"/>
      </symbol>
      <symbol id="sm-952">
         <name>strcspn</name>
         <value>0x72e1</value>
         <object_component_ref idref="oc-1f8"/>
      </symbol>
      <symbol id="sm-960">
         <name>strlen</name>
         <value>0x7425</value>
         <object_component_ref idref="oc-23f"/>
      </symbol>
      <symbol id="sm-96f">
         <name>strrchr</name>
         <value>0x73e3</value>
         <object_component_ref idref="oc-2c3"/>
      </symbol>
      <symbol id="sm-981">
         <name>strspn</name>
         <value>0x72b7</value>
         <object_component_ref idref="oc-1f2"/>
      </symbol>
      <symbol id="sm-9e1">
         <name>strtold</name>
         <value>0x4e15</value>
         <object_component_ref idref="oc-2ac"/>
      </symbol>
      <symbol id="sm-9e2">
         <name>strtod</name>
         <value>0x4e15</value>
         <object_component_ref idref="oc-2ac"/>
      </symbol>
      <symbol id="sm-a06">
         <name>strtol</name>
         <value>0x62b1</value>
         <object_component_ref idref="oc-2b7"/>
      </symbol>
      <symbol id="sm-a2c">
         <name>strtoll</name>
         <value>0x581d</value>
         <object_component_ref idref="oc-2bd"/>
      </symbol>
      <symbol id="sm-a4c">
         <name>strtoul</name>
         <value>0x6739</value>
         <object_component_ref idref="oc-2a6"/>
      </symbol>
      <symbol id="sm-a6f">
         <name>strtoull</name>
         <value>0x5ee1</value>
         <object_component_ref idref="oc-2a0"/>
      </symbol>
      <symbol id="sm-a85">
         <name>__aeabi_errno_addr</name>
         <value>0x74a1</value>
         <object_component_ref idref="oc-27a"/>
      </symbol>
      <symbol id="sm-a86">
         <name>errno</name>
         <value>0x20002130</value>
         <object_component_ref idref="oc-363"/>
      </symbol>
      <symbol id="sm-aa6">
         <name>frexpl</name>
         <value>0x6ee1</value>
         <object_component_ref idref="oc-34d"/>
      </symbol>
      <symbol id="sm-aa7">
         <name>frexp</name>
         <value>0x6ee1</value>
         <object_component_ref idref="oc-34d"/>
      </symbol>
      <symbol id="sm-ac4">
         <name>scalbn</name>
         <value>0x6629</value>
         <object_component_ref idref="oc-353"/>
      </symbol>
      <symbol id="sm-ac5">
         <name>scalbnl</name>
         <value>0x6629</value>
         <object_component_ref idref="oc-353"/>
      </symbol>
      <symbol id="sm-ac6">
         <name>ldexpl</name>
         <value>0x6629</value>
         <object_component_ref idref="oc-353"/>
      </symbol>
      <symbol id="sm-ac7">
         <name>ldexp</name>
         <value>0x6629</value>
         <object_component_ref idref="oc-353"/>
      </symbol>
      <symbol id="sm-ae0">
         <name>wcslen</name>
         <value>0x744b</value>
         <object_component_ref idref="oc-274"/>
      </symbol>
      <symbol id="sm-aea">
         <name>copysign</name>
         <value>0x7381</value>
         <object_component_ref idref="oc-3c6"/>
      </symbol>
      <symbol id="sm-aeb">
         <name>copysignl</name>
         <value>0x7381</value>
         <object_component_ref idref="oc-3c6"/>
      </symbol>
      <symbol id="sm-af5">
         <name>__aeabi_idiv0</name>
         <value>0x4653</value>
         <object_component_ref idref="oc-3ae"/>
      </symbol>
      <symbol id="sm-af6">
         <name>__aeabi_ldiv0</name>
         <value>0x4653</value>
         <object_component_ref idref="oc-3ae"/>
      </symbol>
      <symbol id="sm-aff">
         <name>__aeabi_lmul</name>
         <value>0x73b3</value>
         <object_component_ref idref="oc-37d"/>
      </symbol>
      <symbol id="sm-b00">
         <name>__TI_static_base__</name>
         <value>0x0</value>
      </symbol>
      <symbol id="sm-b03">
         <name>__mpu_init</name>
         <value>0x0</value>
      </symbol>
      <symbol id="sm-b04">
         <name>_system_post_cinit</name>
         <value>0x0</value>
      </symbol>
   </symbol_table>
   <title>Link successful</title>
</link_info>
