<?xml version="1.0" encoding="ISO-8859-1" ?>
<link_info>
   <banner>TI ARM Linker Unix v20.2.2.LTS</banner>
   <copyright>Copyright (c) 1996-2018 Texas Instruments Incorporated</copyright>
   <link_time>0x6254920a</link_time>
   <link_errors>0x0</link_errors>
   <output_file>CSE4352ProjectTwo.out</output_file>
   <entry_point>
      <name>_c_int00_noargs</name>
      <address>0x7409</address>
   </entry_point>
   <input_file_list>
      <input_file id="fl-1">
         <path>./</path>
         <kind>object</kind>
         <file>clock.obj</file>
         <name>clock.obj</name>
      </input_file>
      <input_file id="fl-2">
         <path>./</path>
         <kind>object</kind>
         <file>dhcp.obj</file>
         <name>dhcp.obj</name>
      </input_file>
      <input_file id="fl-3">
         <path>./</path>
         <kind>object</kind>
         <file>eeprom.obj</file>
         <name>eeprom.obj</name>
      </input_file>
      <input_file id="fl-4">
         <path>./</path>
         <kind>object</kind>
         <file>eth0.obj</file>
         <name>eth0.obj</name>
      </input_file>
      <input_file id="fl-5">
         <path>./</path>
         <kind>object</kind>
         <file>ethernet_dhcp.obj</file>
         <name>ethernet_dhcp.obj</name>
      </input_file>
      <input_file id="fl-6">
         <path>./</path>
         <kind>object</kind>
         <file>gpio.obj</file>
         <name>gpio.obj</name>
      </input_file>
      <input_file id="fl-7">
         <path>./</path>
         <kind>object</kind>
         <file>spi0.obj</file>
         <name>spi0.obj</name>
      </input_file>
      <input_file id="fl-8">
         <path>./</path>
         <kind>object</kind>
         <file>tcpClient.obj</file>
         <name>tcpClient.obj</name>
      </input_file>
      <input_file id="fl-9">
         <path>./</path>
         <kind>object</kind>
         <file>timer.obj</file>
         <name>timer.obj</name>
      </input_file>
      <input_file id="fl-a">
         <path>./</path>
         <kind>object</kind>
         <file>tm4c123gh6pm_startup_ccs.obj</file>
         <name>tm4c123gh6pm_startup_ccs.obj</name>
      </input_file>
      <input_file id="fl-b">
         <path>./</path>
         <kind>object</kind>
         <file>uart0.obj</file>
         <name>uart0.obj</name>
      </input_file>
      <input_file id="fl-c">
         <path>./</path>
         <kind>object</kind>
         <file>wait.obj</file>
         <name>wait.obj</name>
      </input_file>
      <input_file id="fl-10">
         <kind>object</kind>
         <file>&lt;internal&gt;</file>
         <name>&lt;internal&gt;</name>
      </input_file>
      <input_file id="fl-c6">
         <path>/Applications/ti/ccs1020/ccs/tools/compiler/ti-cgt-arm_20.2.2.LTS/lib/</path>
         <kind>archive</kind>
         <file>rtsv7M4_T_le_v4SPD16_eabi.lib</file>
         <name>sprintf.c.obj</name>
      </input_file>
      <input_file id="fl-c7">
         <path>/Applications/ti/ccs1020/ccs/tools/compiler/ti-cgt-arm_20.2.2.LTS/lib/</path>
         <kind>archive</kind>
         <file>rtsv7M4_T_le_v4SPD16_eabi.lib</file>
         <name>sscanf.c.obj</name>
      </input_file>
      <input_file id="fl-c8">
         <path>/Applications/ti/ccs1020/ccs/tools/compiler/ti-cgt-arm_20.2.2.LTS/lib/</path>
         <kind>archive</kind>
         <file>rtsv7M4_T_le_v4SPD16_eabi.lib</file>
         <name>fd_mul_t2.asm.obj</name>
      </input_file>
      <input_file id="fl-c9">
         <path>/Applications/ti/ccs1020/ccs/tools/compiler/ti-cgt-arm_20.2.2.LTS/lib/</path>
         <kind>archive</kind>
         <file>rtsv7M4_T_le_v4SPD16_eabi.lib</file>
         <name>fd_tou_t2.asm.obj</name>
      </input_file>
      <input_file id="fl-ca">
         <path>/Applications/ti/ccs1020/ccs/tools/compiler/ti-cgt-arm_20.2.2.LTS/lib/</path>
         <kind>archive</kind>
         <file>rtsv7M4_T_le_v4SPD16_eabi.lib</file>
         <name>memcpy_t2.asm.obj</name>
      </input_file>
      <input_file id="fl-cb">
         <path>/Applications/ti/ccs1020/ccs/tools/compiler/ti-cgt-arm_20.2.2.LTS/lib/</path>
         <kind>archive</kind>
         <file>rtsv7M4_T_le_v4SPD16_eabi.lib</file>
         <name>u_tofd_t2.asm.obj</name>
      </input_file>
      <input_file id="fl-cc">
         <path>/Applications/ti/ccs1020/ccs/tools/compiler/ti-cgt-arm_20.2.2.LTS/lib/</path>
         <kind>archive</kind>
         <file>rtsv7M4_T_le_v4SPD16_eabi.lib</file>
         <name>memset_t2.asm.obj</name>
      </input_file>
      <input_file id="fl-cd">
         <path>/Applications/ti/ccs1020/ccs/tools/compiler/ti-cgt-arm_20.2.2.LTS/lib/</path>
         <kind>archive</kind>
         <file>rtsv7M4_T_le_v4SPD16_eabi.lib</file>
         <name>copy_zero_init.c.obj</name>
      </input_file>
      <input_file id="fl-ce">
         <path>/Applications/ti/ccs1020/ccs/tools/compiler/ti-cgt-arm_20.2.2.LTS/lib/</path>
         <kind>archive</kind>
         <file>rtsv7M4_T_le_v4SPD16_eabi.lib</file>
         <name>copy_decompress_none.c.obj</name>
      </input_file>
      <input_file id="fl-cf">
         <path>/Applications/ti/ccs1020/ccs/tools/compiler/ti-cgt-arm_20.2.2.LTS/lib/</path>
         <kind>archive</kind>
         <file>rtsv7M4_T_le_v4SPD16_eabi.lib</file>
         <name>copy_decompress_lzss.c.obj</name>
      </input_file>
      <input_file id="fl-d0">
         <path>/Applications/ti/ccs1020/ccs/tools/compiler/ti-cgt-arm_20.2.2.LTS/lib/</path>
         <kind>archive</kind>
         <file>rtsv7M4_T_le_v4SPD16_eabi.lib</file>
         <name>ctype.c.obj</name>
      </input_file>
      <input_file id="fl-d1">
         <path>/Applications/ti/ccs1020/ccs/tools/compiler/ti-cgt-arm_20.2.2.LTS/lib/</path>
         <kind>archive</kind>
         <file>rtsv7M4_T_le_v4SPD16_eabi.lib</file>
         <name>strcmp.c.obj</name>
      </input_file>
      <input_file id="fl-d2">
         <path>/Applications/ti/ccs1020/ccs/tools/compiler/ti-cgt-arm_20.2.2.LTS/lib/</path>
         <kind>archive</kind>
         <file>rtsv7M4_T_le_v4SPD16_eabi.lib</file>
         <name>strtok.c.obj</name>
      </input_file>
      <input_file id="fl-d3">
         <path>/Applications/ti/ccs1020/ccs/tools/compiler/ti-cgt-arm_20.2.2.LTS/lib/</path>
         <kind>archive</kind>
         <file>rtsv7M4_T_le_v4SPD16_eabi.lib</file>
         <name>tolower.c.obj</name>
      </input_file>
      <input_file id="fl-d4">
         <path>/Applications/ti/ccs1020/ccs/tools/compiler/ti-cgt-arm_20.2.2.LTS/lib/</path>
         <kind>archive</kind>
         <file>rtsv7M4_T_le_v4SPD16_eabi.lib</file>
         <name>boot_cortex_m.c.obj</name>
      </input_file>
      <input_file id="fl-d5">
         <path>/Applications/ti/ccs1020/ccs/tools/compiler/ti-cgt-arm_20.2.2.LTS/lib/</path>
         <kind>archive</kind>
         <file>rtsv7M4_T_le_v4SPD16_eabi.lib</file>
         <name>_printfi.c.obj</name>
      </input_file>
      <input_file id="fl-d6">
         <path>/Applications/ti/ccs1020/ccs/tools/compiler/ti-cgt-arm_20.2.2.LTS/lib/</path>
         <kind>archive</kind>
         <file>rtsv7M4_T_le_v4SPD16_eabi.lib</file>
         <name>_scanfi.c.obj</name>
      </input_file>
      <input_file id="fl-d7">
         <path>/Applications/ti/ccs1020/ccs/tools/compiler/ti-cgt-arm_20.2.2.LTS/lib/</path>
         <kind>archive</kind>
         <file>rtsv7M4_T_le_v4SPD16_eabi.lib</file>
         <name>fd_add_t2.asm.obj</name>
      </input_file>
      <input_file id="fl-d8">
         <path>/Applications/ti/ccs1020/ccs/tools/compiler/ti-cgt-arm_20.2.2.LTS/lib/</path>
         <kind>archive</kind>
         <file>rtsv7M4_T_le_v4SPD16_eabi.lib</file>
         <name>fd_cmp_t2.asm.obj</name>
      </input_file>
      <input_file id="fl-d9">
         <path>/Applications/ti/ccs1020/ccs/tools/compiler/ti-cgt-arm_20.2.2.LTS/lib/</path>
         <kind>archive</kind>
         <file>rtsv7M4_T_le_v4SPD16_eabi.lib</file>
         <name>fd_div_t2.asm.obj</name>
      </input_file>
      <input_file id="fl-da">
         <path>/Applications/ti/ccs1020/ccs/tools/compiler/ti-cgt-arm_20.2.2.LTS/lib/</path>
         <kind>archive</kind>
         <file>rtsv7M4_T_le_v4SPD16_eabi.lib</file>
         <name>fd_toi_t2.asm.obj</name>
      </input_file>
      <input_file id="fl-db">
         <path>/Applications/ti/ccs1020/ccs/tools/compiler/ti-cgt-arm_20.2.2.LTS/lib/</path>
         <kind>archive</kind>
         <file>rtsv7M4_T_le_v4SPD16_eabi.lib</file>
         <name>fd_tos_t2.asm.obj</name>
      </input_file>
      <input_file id="fl-dc">
         <path>/Applications/ti/ccs1020/ccs/tools/compiler/ti-cgt-arm_20.2.2.LTS/lib/</path>
         <kind>archive</kind>
         <file>rtsv7M4_T_le_v4SPD16_eabi.lib</file>
         <name>i_tofd_t2.asm.obj</name>
      </input_file>
      <input_file id="fl-dd">
         <path>/Applications/ti/ccs1020/ccs/tools/compiler/ti-cgt-arm_20.2.2.LTS/lib/</path>
         <kind>archive</kind>
         <file>rtsv7M4_T_le_v4SPD16_eabi.lib</file>
         <name>ull_div_t2.asm.obj</name>
      </input_file>
      <input_file id="fl-de">
         <path>/Applications/ti/ccs1020/ccs/tools/compiler/ti-cgt-arm_20.2.2.LTS/lib/</path>
         <kind>archive</kind>
         <file>rtsv7M4_T_le_v4SPD16_eabi.lib</file>
         <name>autoinit.c.obj</name>
      </input_file>
      <input_file id="fl-df">
         <path>/Applications/ti/ccs1020/ccs/tools/compiler/ti-cgt-arm_20.2.2.LTS/lib/</path>
         <kind>archive</kind>
         <file>rtsv7M4_T_le_v4SPD16_eabi.lib</file>
         <name>pre_init.c.obj</name>
      </input_file>
      <input_file id="fl-e0">
         <path>/Applications/ti/ccs1020/ccs/tools/compiler/ti-cgt-arm_20.2.2.LTS/lib/</path>
         <kind>archive</kind>
         <file>rtsv7M4_T_le_v4SPD16_eabi.lib</file>
         <name>cpy_tbl.c.obj</name>
      </input_file>
      <input_file id="fl-e1">
         <path>/Applications/ti/ccs1020/ccs/tools/compiler/ti-cgt-arm_20.2.2.LTS/lib/</path>
         <kind>archive</kind>
         <file>rtsv7M4_T_le_v4SPD16_eabi.lib</file>
         <name>exit.c.obj</name>
      </input_file>
      <input_file id="fl-e2">
         <path>/Applications/ti/ccs1020/ccs/tools/compiler/ti-cgt-arm_20.2.2.LTS/lib/</path>
         <kind>archive</kind>
         <file>rtsv7M4_T_le_v4SPD16_eabi.lib</file>
         <name>_lock.c.obj</name>
      </input_file>
      <input_file id="fl-e3">
         <path>/Applications/ti/ccs1020/ccs/tools/compiler/ti-cgt-arm_20.2.2.LTS/lib/</path>
         <kind>archive</kind>
         <file>rtsv7M4_T_le_v4SPD16_eabi.lib</file>
         <name>_ltoa.c.obj</name>
      </input_file>
      <input_file id="fl-e4">
         <path>/Applications/ti/ccs1020/ccs/tools/compiler/ti-cgt-arm_20.2.2.LTS/lib/</path>
         <kind>archive</kind>
         <file>rtsv7M4_T_le_v4SPD16_eabi.lib</file>
         <name>args_main.c.obj</name>
      </input_file>
      <input_file id="fl-e5">
         <path>/Applications/ti/ccs1020/ccs/tools/compiler/ti-cgt-arm_20.2.2.LTS/lib/</path>
         <kind>archive</kind>
         <file>rtsv7M4_T_le_v4SPD16_eabi.lib</file>
         <name>atoi.c.obj</name>
      </input_file>
      <input_file id="fl-e6">
         <path>/Applications/ti/ccs1020/ccs/tools/compiler/ti-cgt-arm_20.2.2.LTS/lib/</path>
         <kind>archive</kind>
         <file>rtsv7M4_T_le_v4SPD16_eabi.lib</file>
         <name>memccpy.c.obj</name>
      </input_file>
      <input_file id="fl-e7">
         <path>/Applications/ti/ccs1020/ccs/tools/compiler/ti-cgt-arm_20.2.2.LTS/lib/</path>
         <kind>archive</kind>
         <file>rtsv7M4_T_le_v4SPD16_eabi.lib</file>
         <name>strchr.c.obj</name>
      </input_file>
      <input_file id="fl-e8">
         <path>/Applications/ti/ccs1020/ccs/tools/compiler/ti-cgt-arm_20.2.2.LTS/lib/</path>
         <kind>archive</kind>
         <file>rtsv7M4_T_le_v4SPD16_eabi.lib</file>
         <name>strcpy.c.obj</name>
      </input_file>
      <input_file id="fl-e9">
         <path>/Applications/ti/ccs1020/ccs/tools/compiler/ti-cgt-arm_20.2.2.LTS/lib/</path>
         <kind>archive</kind>
         <file>rtsv7M4_T_le_v4SPD16_eabi.lib</file>
         <name>strcspn.c.obj</name>
      </input_file>
      <input_file id="fl-ea">
         <path>/Applications/ti/ccs1020/ccs/tools/compiler/ti-cgt-arm_20.2.2.LTS/lib/</path>
         <kind>archive</kind>
         <file>rtsv7M4_T_le_v4SPD16_eabi.lib</file>
         <name>strlen.c.obj</name>
      </input_file>
      <input_file id="fl-eb">
         <path>/Applications/ti/ccs1020/ccs/tools/compiler/ti-cgt-arm_20.2.2.LTS/lib/</path>
         <kind>archive</kind>
         <file>rtsv7M4_T_le_v4SPD16_eabi.lib</file>
         <name>strrchr.c.obj</name>
      </input_file>
      <input_file id="fl-ec">
         <path>/Applications/ti/ccs1020/ccs/tools/compiler/ti-cgt-arm_20.2.2.LTS/lib/</path>
         <kind>archive</kind>
         <file>rtsv7M4_T_le_v4SPD16_eabi.lib</file>
         <name>strspn.c.obj</name>
      </input_file>
      <input_file id="fl-ed">
         <path>/Applications/ti/ccs1020/ccs/tools/compiler/ti-cgt-arm_20.2.2.LTS/lib/</path>
         <kind>archive</kind>
         <file>rtsv7M4_T_le_v4SPD16_eabi.lib</file>
         <name>strtod.c.obj</name>
      </input_file>
      <input_file id="fl-ee">
         <path>/Applications/ti/ccs1020/ccs/tools/compiler/ti-cgt-arm_20.2.2.LTS/lib/</path>
         <kind>archive</kind>
         <file>rtsv7M4_T_le_v4SPD16_eabi.lib</file>
         <name>strtol.c.obj</name>
      </input_file>
      <input_file id="fl-ef">
         <path>/Applications/ti/ccs1020/ccs/tools/compiler/ti-cgt-arm_20.2.2.LTS/lib/</path>
         <kind>archive</kind>
         <file>rtsv7M4_T_le_v4SPD16_eabi.lib</file>
         <name>strtoll.c.obj</name>
      </input_file>
      <input_file id="fl-f0">
         <path>/Applications/ti/ccs1020/ccs/tools/compiler/ti-cgt-arm_20.2.2.LTS/lib/</path>
         <kind>archive</kind>
         <file>rtsv7M4_T_le_v4SPD16_eabi.lib</file>
         <name>strtoul.c.obj</name>
      </input_file>
      <input_file id="fl-f1">
         <path>/Applications/ti/ccs1020/ccs/tools/compiler/ti-cgt-arm_20.2.2.LTS/lib/</path>
         <kind>archive</kind>
         <file>rtsv7M4_T_le_v4SPD16_eabi.lib</file>
         <name>strtoull.c.obj</name>
      </input_file>
      <input_file id="fl-f2">
         <path>/Applications/ti/ccs1020/ccs/tools/compiler/ti-cgt-arm_20.2.2.LTS/lib/</path>
         <kind>archive</kind>
         <file>rtsv7M4_T_le_v4SPD16_eabi.lib</file>
         <name>errno.c.obj</name>
      </input_file>
      <input_file id="fl-f3">
         <path>/Applications/ti/ccs1020/ccs/tools/compiler/ti-cgt-arm_20.2.2.LTS/lib/</path>
         <kind>archive</kind>
         <file>rtsv7M4_T_le_v4SPD16_eabi.lib</file>
         <name>s_frexp.c.obj</name>
      </input_file>
      <input_file id="fl-f4">
         <path>/Applications/ti/ccs1020/ccs/tools/compiler/ti-cgt-arm_20.2.2.LTS/lib/</path>
         <kind>archive</kind>
         <file>rtsv7M4_T_le_v4SPD16_eabi.lib</file>
         <name>s_scalbn.c.obj</name>
      </input_file>
      <input_file id="fl-f5">
         <path>/Applications/ti/ccs1020/ccs/tools/compiler/ti-cgt-arm_20.2.2.LTS/lib/</path>
         <kind>archive</kind>
         <file>rtsv7M4_T_le_v4SPD16_eabi.lib</file>
         <name>wcslen.c.obj</name>
      </input_file>
      <input_file id="fl-f6">
         <path>/Applications/ti/ccs1020/ccs/tools/compiler/ti-cgt-arm_20.2.2.LTS/lib/</path>
         <kind>archive</kind>
         <file>rtsv7M4_T_le_v4SPD16_eabi.lib</file>
         <name>s_copysign.c.obj</name>
      </input_file>
      <input_file id="fl-f7">
         <path>/Applications/ti/ccs1020/ccs/tools/compiler/ti-cgt-arm_20.2.2.LTS/lib/</path>
         <kind>archive</kind>
         <file>rtsv7M4_T_le_v4SPD16_eabi.lib</file>
         <name>div0.asm.obj</name>
      </input_file>
      <input_file id="fl-f8">
         <path>/Applications/ti/ccs1020/ccs/tools/compiler/ti-cgt-arm_20.2.2.LTS/lib/</path>
         <kind>archive</kind>
         <file>rtsv7M4_T_le_v4SPD16_eabi.lib</file>
         <name>ll_mul_t2.asm.obj</name>
      </input_file>
   </input_file_list>
   <object_component_list>
      <object_component id="oc-12">
         <name>.intvecs</name>
         <load_address>0x0</load_address>
         <run_address>0x0</run_address>
         <size>0x26c</size>
         <input_file_ref idref="fl-a"/>
      </object_component>
      <object_component id="oc-ea">
         <name>.text</name>
         <load_address>0x26c</load_address>
         <run_address>0x26c</run_address>
         <size>0x132c</size>
         <input_file_ref idref="fl-4"/>
      </object_component>
      <object_component id="oc-fc">
         <name>.text</name>
         <load_address>0x1598</load_address>
         <run_address>0x1598</run_address>
         <size>0x112c</size>
         <input_file_ref idref="fl-2"/>
      </object_component>
      <object_component id="oc-1e1">
         <name>.text:__TI_scanfi</name>
         <load_address>0x26c4</load_address>
         <run_address>0x26c4</run_address>
         <size>0xaf0</size>
         <input_file_ref idref="fl-d6"/>
      </object_component>
      <object_component id="oc-1a5">
         <name>.text:__TI_printfi</name>
         <load_address>0x31b4</load_address>
         <run_address>0x31b4</run_address>
         <size>0xa4e</size>
         <input_file_ref idref="fl-d5"/>
      </object_component>
      <object_component id="oc-3cc">
         <name>.text</name>
         <load_address>0x3c02</load_address>
         <run_address>0x3c02</run_address>
         <size>0x2</size>
         <input_file_ref idref="fl-f7"/>
      </object_component>
      <object_component id="oc-b2">
         <name>.text</name>
         <load_address>0x3c04</load_address>
         <run_address>0x3c04</run_address>
         <size>0x9b0</size>
         <input_file_ref idref="fl-5"/>
      </object_component>
      <object_component id="oc-e4">
         <name>.text</name>
         <load_address>0x45b4</load_address>
         <run_address>0x45b4</run_address>
         <size>0x7c0</size>
         <input_file_ref idref="fl-6"/>
      </object_component>
      <object_component id="oc-2c2">
         <name>.text:strtod</name>
         <load_address>0x4d74</load_address>
         <run_address>0x4d74</run_address>
         <size>0x460</size>
         <input_file_ref idref="fl-ed"/>
      </object_component>
      <object_component id="oc-2d">
         <name>.text</name>
         <load_address>0x51d4</load_address>
         <run_address>0x51d4</run_address>
         <size>0x338</size>
         <input_file_ref idref="fl-9"/>
      </object_component>
      <object_component id="oc-27e">
         <name>.text:_pconv_a</name>
         <load_address>0x550c</load_address>
         <run_address>0x550c</run_address>
         <size>0x270</size>
         <input_file_ref idref="fl-d5"/>
      </object_component>
      <object_component id="oc-12d">
         <name>.text</name>
         <load_address>0x577c</load_address>
         <run_address>0x577c</run_address>
         <size>0x254</size>
         <input_file_ref idref="fl-8"/>
      </object_component>
      <object_component id="oc-2d3">
         <name>.text:strtoll</name>
         <load_address>0x59d0</load_address>
         <run_address>0x59d0</run_address>
         <size>0x1dc</size>
         <input_file_ref idref="fl-ef"/>
      </object_component>
      <object_component id="oc-26c">
         <name>.text:_pconv_g</name>
         <load_address>0x5bac</load_address>
         <run_address>0x5bac</run_address>
         <size>0x1d0</size>
         <input_file_ref idref="fl-d5"/>
      </object_component>
      <object_component id="oc-34b">
         <name>.text</name>
         <load_address>0x5d7c</load_address>
         <run_address>0x5d7c</run_address>
         <size>0x1b6</size>
         <input_file_ref idref="fl-d7"/>
      </object_component>
      <object_component id="oc-186">
         <name>.text</name>
         <load_address>0x5f34</load_address>
         <run_address>0x5f34</run_address>
         <size>0x160</size>
         <input_file_ref idref="fl-7"/>
      </object_component>
      <object_component id="oc-2b6">
         <name>.text:strtoull</name>
         <load_address>0x6094</load_address>
         <run_address>0x6094</run_address>
         <size>0x15c</size>
         <input_file_ref idref="fl-f1"/>
      </object_component>
      <object_component id="oc-278">
         <name>.text:_pconv_e</name>
         <load_address>0x61f0</load_address>
         <run_address>0x61f0</run_address>
         <size>0x13c</size>
         <input_file_ref idref="fl-d5"/>
      </object_component>
      <object_component id="oc-331">
         <name>.text</name>
         <load_address>0x632c</load_address>
         <run_address>0x632c</run_address>
         <size>0x136</size>
         <input_file_ref idref="fl-d9"/>
      </object_component>
      <object_component id="oc-2cd">
         <name>.text:strtol</name>
         <load_address>0x6464</load_address>
         <run_address>0x6464</run_address>
         <size>0x130</size>
         <input_file_ref idref="fl-ee"/>
      </object_component>
      <object_component id="oc-35d">
         <name>.text:fcvt</name>
         <load_address>0x6594</load_address>
         <run_address>0x6594</run_address>
         <size>0x124</size>
         <input_file_ref idref="fl-d5"/>
      </object_component>
      <object_component id="oc-f0">
         <name>.text</name>
         <load_address>0x66b8</load_address>
         <run_address>0x66b8</run_address>
         <size>0x124</size>
         <input_file_ref idref="fl-b"/>
      </object_component>
      <object_component id="oc-371">
         <name>.text:scalbn</name>
         <load_address>0x67dc</load_address>
         <run_address>0x67dc</run_address>
         <size>0x110</size>
         <input_file_ref idref="fl-f4"/>
      </object_component>
      <object_component id="oc-2bc">
         <name>.text:strtoul</name>
         <load_address>0x68ec</load_address>
         <run_address>0x68ec</run_address>
         <size>0x110</size>
         <input_file_ref idref="fl-f0"/>
      </object_component>
      <object_component id="oc-1c9">
         <name>.text</name>
         <load_address>0x69fc</load_address>
         <run_address>0x69fc</run_address>
         <size>0xfc</size>
         <input_file_ref idref="fl-c8"/>
      </object_component>
      <object_component id="oc-261">
         <name>.text:_ltostr</name>
         <load_address>0x6af8</load_address>
         <run_address>0x6af8</run_address>
         <size>0xb1</size>
         <input_file_ref idref="fl-d5"/>
      </object_component>
      <object_component id="oc-41">
         <name>.text</name>
         <load_address>0x6baa</load_address>
         <run_address>0x6baa</run_address>
         <size>0x9c</size>
         <input_file_ref idref="fl-ca"/>
      </object_component>
      <object_component id="oc-32a">
         <name>.text</name>
         <load_address>0x6c46</load_address>
         <run_address>0x6c46</run_address>
         <size>0x96</size>
         <input_file_ref idref="fl-dd"/>
      </object_component>
      <object_component id="oc-267">
         <name>.text:__aeabi_cdcmple</name>
         <load_address>0x6cdc</load_address>
         <run_address>0x6cdc</run_address>
         <size>0x86</size>
         <input_file_ref idref="fl-d8"/>
      </object_component>
      <object_component id="oc-336">
         <name>.text:__aeabi_cdrcmple</name>
         <load_address>0x6d62</load_address>
         <run_address>0x6d62</run_address>
         <size>0x86</size>
         <input_file_ref idref="fl-d8"/>
      </object_component>
      <object_component id="oc-102">
         <name>.text</name>
         <load_address>0x6de8</load_address>
         <run_address>0x6de8</run_address>
         <size>0x84</size>
         <input_file_ref idref="fl-3"/>
      </object_component>
      <object_component id="oc-a6">
         <name>.text</name>
         <load_address>0x6e6c</load_address>
         <run_address>0x6e6c</run_address>
         <size>0x7a</size>
         <input_file_ref idref="fl-cc"/>
      </object_component>
      <object_component id="oc-356">
         <name>.text:_mcpy</name>
         <load_address>0x6ee6</load_address>
         <run_address>0x6ee6</run_address>
         <size>0x6e</size>
         <input_file_ref idref="fl-d5"/>
      </object_component>
      <object_component id="oc-2c8">
         <name>.text</name>
         <load_address>0x6f54</load_address>
         <run_address>0x6f54</run_address>
         <size>0x6e</size>
         <input_file_ref idref="fl-db"/>
      </object_component>
      <object_component id="oc-1f3">
         <name>.text:_chkmbc</name>
         <load_address>0x6fc4</load_address>
         <run_address>0x6fc4</run_address>
         <size>0x68</size>
         <input_file_ref idref="fl-c7"/>
      </object_component>
      <object_component id="oc-15">
         <name>.text:decompress:lzss:__TI_decompress_lzss</name>
         <load_address>0x702c</load_address>
         <run_address>0x702c</run_address>
         <size>0x68</size>
         <input_file_ref idref="fl-cf"/>
      </object_component>
      <object_component id="oc-36b">
         <name>.text:frexp</name>
         <load_address>0x7094</load_address>
         <run_address>0x7094</run_address>
         <size>0x64</size>
         <input_file_ref idref="fl-f3"/>
      </object_component>
      <object_component id="oc-272">
         <name>.text:_pconv_f</name>
         <load_address>0x70f8</load_address>
         <run_address>0x70f8</run_address>
         <size>0x56</size>
         <input_file_ref idref="fl-d5"/>
      </object_component>
      <object_component id="oc-340">
         <name>.text:__TI_ltoa</name>
         <load_address>0x714e</load_address>
         <run_address>0x714e</run_address>
         <size>0x54</size>
         <input_file_ref idref="fl-e3"/>
      </object_component>
      <object_component id="oc-350">
         <name>.text:_ecpy</name>
         <load_address>0x71a2</load_address>
         <run_address>0x71a2</run_address>
         <size>0x52</size>
         <input_file_ref idref="fl-d5"/>
      </object_component>
      <object_component id="oc-25b">
         <name>.text:atoi</name>
         <load_address>0x71f4</load_address>
         <run_address>0x71f4</run_address>
         <size>0x4c</size>
         <input_file_ref idref="fl-e5"/>
      </object_component>
      <object_component id="oc-33b">
         <name>.text</name>
         <load_address>0x7240</load_address>
         <run_address>0x7240</run_address>
         <size>0x48</size>
         <input_file_ref idref="fl-da"/>
      </object_component>
      <object_component id="oc-143">
         <name>.text:__TI_auto_init_nobinit_nopinit:__TI_auto_init_nobinit_nopinit</name>
         <load_address>0x7288</load_address>
         <run_address>0x7288</run_address>
         <size>0x44</size>
         <input_file_ref idref="fl-de"/>
      </object_component>
      <object_component id="oc-1ce">
         <name>.text</name>
         <load_address>0x72cc</load_address>
         <run_address>0x72cc</run_address>
         <size>0x44</size>
         <input_file_ref idref="fl-c9"/>
      </object_component>
      <object_component id="oc-f6">
         <name>.text:sprintf</name>
         <load_address>0x7310</load_address>
         <run_address>0x7310</run_address>
         <size>0x40</size>
         <input_file_ref idref="fl-c6"/>
      </object_component>
      <object_component id="oc-114">
         <name>.text:strtok</name>
         <load_address>0x7350</load_address>
         <run_address>0x7350</run_address>
         <size>0x40</size>
         <input_file_ref idref="fl-d2"/>
      </object_component>
      <object_component id="oc-363">
         <name>.text:_fcpy</name>
         <load_address>0x7390</load_address>
         <run_address>0x7390</run_address>
         <size>0x3e</size>
         <input_file_ref idref="fl-d5"/>
      </object_component>
      <object_component id="oc-10e">
         <name>.text:sscanf</name>
         <load_address>0x73d0</load_address>
         <run_address>0x73d0</run_address>
         <size>0x38</size>
         <input_file_ref idref="fl-c7"/>
      </object_component>
      <object_component id="oc-5f">
         <name>.text:_c_int00_noargs:_c_int00_noargs</name>
         <load_address>0x7408</load_address>
         <run_address>0x7408</run_address>
         <size>0x34</size>
         <input_file_ref idref="fl-d4"/>
      </object_component>
      <object_component id="oc-346">
         <name>.text</name>
         <load_address>0x743c</load_address>
         <run_address>0x743c</run_address>
         <size>0x2e</size>
         <input_file_ref idref="fl-dc"/>
      </object_component>
      <object_component id="oc-1fb">
         <name>.text:strspn</name>
         <load_address>0x746a</load_address>
         <run_address>0x746a</run_address>
         <size>0x2a</size>
         <input_file_ref idref="fl-ec"/>
      </object_component>
      <object_component id="oc-201">
         <name>.text:strcspn</name>
         <load_address>0x7494</load_address>
         <run_address>0x7494</run_address>
         <size>0x24</size>
         <input_file_ref idref="fl-e9"/>
      </object_component>
      <object_component id="oc-127">
         <name>.text</name>
         <load_address>0x74b8</load_address>
         <run_address>0x74b8</run_address>
         <size>0x24</size>
         <input_file_ref idref="fl-c"/>
      </object_component>
      <object_component id="oc-1c4">
         <name>.text</name>
         <load_address>0x74dc</load_address>
         <run_address>0x74dc</run_address>
         <size>0x20</size>
         <input_file_ref idref="fl-cb"/>
      </object_component>
      <object_component id="oc-4d">
         <name>.text:decompress:ZI:__TI_zero_init_nomemset:__TI_zero_init_nomemset</name>
         <load_address>0x74fc</load_address>
         <run_address>0x74fc</run_address>
         <size>0x1c</size>
         <input_file_ref idref="fl-cd"/>
      </object_component>
      <object_component id="oc-284">
         <name>.text:memccpy</name>
         <load_address>0x7518</load_address>
         <run_address>0x7518</run_address>
         <size>0x1c</size>
         <input_file_ref idref="fl-e6"/>
      </object_component>
      <object_component id="oc-3e4">
         <name>.text:copysign</name>
         <load_address>0x7534</load_address>
         <run_address>0x7534</run_address>
         <size>0x1a</size>
         <input_file_ref idref="fl-f6"/>
      </object_component>
      <object_component id="oc-1ab">
         <name>.text:_outs</name>
         <load_address>0x754e</load_address>
         <run_address>0x754e</run_address>
         <size>0x18</size>
         <input_file_ref idref="fl-c6"/>
      </object_component>
      <object_component id="oc-39b">
         <name>.text</name>
         <load_address>0x7566</load_address>
         <run_address>0x7566</run_address>
         <size>0x18</size>
         <input_file_ref idref="fl-f8"/>
      </object_component>
      <object_component id="oc-11a">
         <name>.text:strcmp</name>
         <load_address>0x757e</load_address>
         <run_address>0x757e</run_address>
         <size>0x18</size>
         <input_file_ref idref="fl-d1"/>
      </object_component>
      <object_component id="oc-2d9">
         <name>.text:strrchr</name>
         <load_address>0x7596</load_address>
         <run_address>0x7596</run_address>
         <size>0x18</size>
         <input_file_ref idref="fl-eb"/>
      </object_component>
      <object_component id="oc-2df">
         <name>.text:strchr</name>
         <load_address>0x75ae</load_address>
         <run_address>0x75ae</run_address>
         <size>0x16</size>
         <input_file_ref idref="fl-e7"/>
      </object_component>
      <object_component id="oc-2b0">
         <name>.text:strcpy</name>
         <load_address>0x75c4</load_address>
         <run_address>0x75c4</run_address>
         <size>0x14</size>
         <input_file_ref idref="fl-e8"/>
      </object_component>
      <object_component id="oc-255">
         <name>.text:strlen</name>
         <load_address>0x75d8</load_address>
         <run_address>0x75d8</run_address>
         <size>0x14</size>
         <input_file_ref idref="fl-ea"/>
      </object_component>
      <object_component id="oc-1e7">
         <name>.text:_inpchar</name>
         <load_address>0x75ec</load_address>
         <run_address>0x75ec</run_address>
         <size>0x12</size>
         <input_file_ref idref="fl-c7"/>
      </object_component>
      <object_component id="oc-28a">
         <name>.text:wcslen</name>
         <load_address>0x75fe</load_address>
         <run_address>0x75fe</run_address>
         <size>0x12</size>
         <input_file_ref idref="fl-f5"/>
      </object_component>
      <object_component id="oc-de">
         <name>.text</name>
         <load_address>0x7610</load_address>
         <run_address>0x7610</run_address>
         <size>0x10</size>
         <input_file_ref idref="fl-1"/>
      </object_component>
      <object_component id="oc-108">
         <name>.text:tolower</name>
         <load_address>0x7620</load_address>
         <run_address>0x7620</run_address>
         <size>0x10</size>
         <input_file_ref idref="fl-d3"/>
      </object_component>
      <object_component id="oc-1b">
         <name>.text:decompress:none:__TI_decompress_none</name>
         <load_address>0x7630</load_address>
         <run_address>0x7630</run_address>
         <size>0xe</size>
         <input_file_ref idref="fl-ce"/>
      </object_component>
      <object_component id="oc-27">
         <name>.text</name>
         <load_address>0x763e</load_address>
         <run_address>0x763e</run_address>
         <size>0xc</size>
         <input_file_ref idref="fl-a"/>
      </object_component>
      <object_component id="oc-1b1">
         <name>.text:_outc</name>
         <load_address>0x764a</load_address>
         <run_address>0x764a</run_address>
         <size>0xa</size>
         <input_file_ref idref="fl-c6"/>
      </object_component>
      <object_component id="oc-290">
         <name>.text:__aeabi_errno_addr</name>
         <load_address>0x7654</load_address>
         <run_address>0x7654</run_address>
         <size>0x8</size>
         <input_file_ref idref="fl-f2"/>
      </object_component>
      <object_component id="oc-1ed">
         <name>.text:_uninpchar</name>
         <load_address>0x765c</load_address>
         <run_address>0x765c</run_address>
         <size>0x8</size>
         <input_file_ref idref="fl-c7"/>
      </object_component>
      <object_component id="oc-ac">
         <name>.text:_system_pre_init</name>
         <load_address>0x7664</load_address>
         <run_address>0x7664</run_address>
         <size>0x4</size>
         <input_file_ref idref="fl-df"/>
      </object_component>
      <object_component id="oc-137">
         <name>.text:abort:abort</name>
         <load_address>0x7668</load_address>
         <run_address>0x7668</run_address>
         <size>0x4</size>
         <input_file_ref idref="fl-e1"/>
      </object_component>
      <object_component id="oc-1dc">
         <name>.const:.string:_ctypes_</name>
         <load_address>0x7670</load_address>
         <run_address>0x7670</run_address>
         <size>0x101</size>
         <input_file_ref idref="fl-d0"/>
      </object_component>
      <object_component id="oc-133">
         <name>.const:.string:$P$T0$1</name>
         <load_address>0x7771</load_address>
         <run_address>0x7771</run_address>
         <size>0x4</size>
         <input_file_ref idref="fl-5"/>
      </object_component>
      <object_component id="oc-3a4">
         <name>.const:$O1$$</name>
         <load_address>0x7778</load_address>
         <run_address>0x7778</run_address>
         <size>0xc8</size>
         <input_file_ref idref="fl-ed"/>
      </object_component>
      <object_component id="oc-2e5">
         <name>.const:$O1$$</name>
         <load_address>0x7840</load_address>
         <run_address>0x7840</run_address>
         <size>0x10</size>
         <input_file_ref idref="fl-d6"/>
      </object_component>
      <object_component id="oc-449">
         <name>.cinit..data.load</name>
         <load_address>0x7850</load_address>
         <run_address>0x7850</run_address>
         <size>0x25</size>
      </object_component>
      <object_component id="oc-447">
         <name>__TI_handler_table</name>
         <load_address>0x7878</load_address>
         <run_address>0x7878</run_address>
         <size>0xc</size>
      </object_component>
      <object_component id="oc-44a">
         <name>.cinit..bss.load</name>
         <load_address>0x7888</load_address>
         <run_address>0x7888</run_address>
         <size>0x8</size>
      </object_component>
      <object_component id="oc-448">
         <name>__TI_cinit_table</name>
         <load_address>0x7890</load_address>
         <run_address>0x7890</run_address>
         <size>0x10</size>
      </object_component>
      <object_component id="oc-1be">
         <name>.data</name>
         <load_address>0x20002104</load_address>
         <run_address>0x20002104</run_address>
         <size>0x6</size>
         <input_file_ref idref="fl-2"/>
      </object_component>
      <object_component id="oc-18c">
         <name>.data</name>
         <load_address>0x20002121</load_address>
         <run_address>0x20002121</run_address>
         <size>0x4</size>
         <input_file_ref idref="fl-4"/>
      </object_component>
      <object_component id="oc-192">
         <name>.data:hwAddress</name>
         <load_address>0x2000210a</load_address>
         <run_address>0x2000210a</run_address>
         <size>0x6</size>
         <input_file_ref idref="fl-4"/>
      </object_component>
      <object_component id="oc-18f">
         <name>.data:ipAddress</name>
         <load_address>0x20002125</load_address>
         <run_address>0x20002125</run_address>
         <size>0x4</size>
         <input_file_ref idref="fl-4"/>
      </object_component>
      <object_component id="oc-195">
         <name>.data:ipSubnetMask</name>
         <load_address>0x20002131</load_address>
         <run_address>0x20002131</run_address>
         <size>0x4</size>
         <input_file_ref idref="fl-4"/>
      </object_component>
      <object_component id="oc-198">
         <name>.data:ipGwAddress</name>
         <load_address>0x2000212d</load_address>
         <run_address>0x2000212d</run_address>
         <size>0x4</size>
         <input_file_ref idref="fl-4"/>
      </object_component>
      <object_component id="oc-19b">
         <name>.data:ipDnsAddress</name>
         <load_address>0x20002129</load_address>
         <run_address>0x20002129</run_address>
         <size>0x4</size>
         <input_file_ref idref="fl-4"/>
      </object_component>
      <object_component id="oc-19e">
         <name>.data:ipTimeServerAddress</name>
         <load_address>0x20002135</load_address>
         <run_address>0x20002135</run_address>
         <size>0x4</size>
         <input_file_ref idref="fl-4"/>
      </object_component>
      <object_component id="oc-120">
         <name>.data</name>
         <load_address>0x20002118</load_address>
         <run_address>0x20002118</run_address>
         <size>0x5</size>
         <input_file_ref idref="fl-5"/>
      </object_component>
      <object_component id="oc-216">
         <name>.data:routerMacAddress</name>
         <load_address>0x20002110</load_address>
         <run_address>0x20002110</run_address>
         <size>0x6</size>
         <input_file_ref idref="fl-8"/>
      </object_component>
      <object_component id="oc-219">
         <name>.data:adaFruitIp</name>
         <load_address>0x2000211d</load_address>
         <run_address>0x2000211d</run_address>
         <size>0x4</size>
         <input_file_ref idref="fl-8"/>
      </object_component>
      <object_component id="oc-213">
         <name>.data:ipTo</name>
         <load_address>0x20002139</load_address>
         <run_address>0x20002139</run_address>
         <size>0x4</size>
         <input_file_ref idref="fl-8"/>
      </object_component>
      <object_component id="oc-207">
         <name>.data</name>
         <load_address>0x20002144</load_address>
         <run_address>0x20002144</run_address>
         <size>0x4</size>
         <input_file_ref idref="fl-d2"/>
      </object_component>
      <object_component id="oc-381">
         <name>.data</name>
         <load_address>0x20002140</load_address>
         <run_address>0x20002140</run_address>
         <size>0x4</size>
         <input_file_ref idref="fl-f2"/>
      </object_component>
      <object_component id="oc-1c1">
         <name>.common:globalXid</name>
         <uninitialized>true</uninitialized>
         <run_address>0x200020e0</run_address>
         <size>0x4</size>
      </object_component>
      <object_component id="oc-1c2">
         <name>.common:ipOfferedAdd</name>
         <uninitialized>true</uninitialized>
         <run_address>0x200020e4</run_address>
         <size>0x4</size>
      </object_component>
      <object_component id="oc-1c3">
         <name>.common:serverIdentifierAdd</name>
         <uninitialized>true</uninitialized>
         <run_address>0x200020f0</run_address>
         <size>0x4</size>
      </object_component>
      <object_component id="oc-1d3">
         <name>.common:subnetMaskAdd</name>
         <uninitialized>true</uninitialized>
         <run_address>0x200020f4</run_address>
         <size>0x4</size>
      </object_component>
      <object_component id="oc-1d4">
         <name>.common:gateWayAdd</name>
         <uninitialized>true</uninitialized>
         <run_address>0x200020dc</run_address>
         <size>0x4</size>
      </object_component>
      <object_component id="oc-1d5">
         <name>.common:domainNameServerAdd</name>
         <uninitialized>true</uninitialized>
         <run_address>0x200020d8</run_address>
         <size>0x4</size>
      </object_component>
      <object_component id="oc-1d6">
         <name>.common:ipTimeServerAdd</name>
         <uninitialized>true</uninitialized>
         <run_address>0x200020e8</run_address>
         <size>0x4</size>
      </object_component>
      <object_component id="oc-1d7">
         <name>.common:leaseTime</name>
         <uninitialized>true</uninitialized>
         <run_address>0x200020ec</run_address>
         <size>0x4</size>
      </object_component>
      <object_component id="oc-1d8">
         <name>.common:t1LeaseTime</name>
         <uninitialized>true</uninitialized>
         <run_address>0x200020f8</run_address>
         <size>0x4</size>
      </object_component>
      <object_component id="oc-1d9">
         <name>.common:t2LeaseTime</name>
         <uninitialized>true</uninitialized>
         <run_address>0x200020fc</run_address>
         <size>0x4</size>
      </object_component>
      <object_component id="oc-123">
         <name>.common:strInput</name>
         <uninitialized>true</uninitialized>
         <run_address>0x20002000</run_address>
         <size>0x54</size>
      </object_component>
      <object_component id="oc-126">
         <name>.common:token</name>
         <uninitialized>true</uninitialized>
         <run_address>0x20002100</run_address>
         <size>0x4</size>
      </object_component>
      <object_component id="oc-78">
         <name>.common:fn</name>
         <uninitialized>true</uninitialized>
         <run_address>0x20002054</run_address>
         <size>0x28</size>
      </object_component>
      <object_component id="oc-74">
         <name>.common:period</name>
         <uninitialized>true</uninitialized>
         <run_address>0x2000207c</run_address>
         <size>0x28</size>
      </object_component>
      <object_component id="oc-77">
         <name>.common:ticks</name>
         <uninitialized>true</uninitialized>
         <run_address>0x200020a4</run_address>
         <size>0x28</size>
      </object_component>
      <object_component id="oc-79">
         <name>.common:reload</name>
         <uninitialized>true</uninitialized>
         <run_address>0x200020cc</run_address>
         <size>0xc</size>
      </object_component>
      <object_component id="oc-24">
         <name>.stack</name>
         <uninitialized>true</uninitialized>
         <run_address>0x20000000</run_address>
         <size>0x4</size>
         <input_file_ref idref="fl-d4"/>
      </object_component>
      <object_component id="oc-44c">
         <name>.stack</name>
         <uninitialized>true</uninitialized>
         <run_address>0x20000000</run_address>
         <size>0x0</size>
      </object_component>
      <object_component id="oc-cd">
         <name>.debug_info</name>
         <load_address>0x0</load_address>
         <run_address>0x0</run_address>
         <size>0x269</size>
         <input_file_ref idref="fl-1"/>
      </object_component>
      <object_component id="oc-df">
         <name>.debug_info</name>
         <load_address>0x269</load_address>
         <run_address>0x269</run_address>
         <size>0x126</size>
         <input_file_ref idref="fl-1"/>
      </object_component>
      <object_component id="oc-8c">
         <name>.debug_info</name>
         <load_address>0x38f</load_address>
         <run_address>0x38f</run_address>
         <size>0x26b</size>
         <input_file_ref idref="fl-1"/>
      </object_component>
      <object_component id="oc-3c">
         <name>.debug_info</name>
         <load_address>0x5fa</load_address>
         <run_address>0x5fa</run_address>
         <size>0x84</size>
         <input_file_ref idref="fl-1"/>
      </object_component>
      <object_component id="oc-c6">
         <name>.debug_info</name>
         <load_address>0x67e</load_address>
         <run_address>0x67e</run_address>
         <size>0x2a4</size>
         <input_file_ref idref="fl-1"/>
      </object_component>
      <object_component id="oc-7b">
         <name>.debug_info</name>
         <load_address>0x922</load_address>
         <run_address>0x922</run_address>
         <size>0xbb</size>
         <input_file_ref idref="fl-1"/>
      </object_component>
      <object_component id="oc-cb">
         <name>.debug_info</name>
         <load_address>0x9dd</load_address>
         <run_address>0x9dd</run_address>
         <size>0x86e</size>
         <input_file_ref idref="fl-2"/>
      </object_component>
      <object_component id="oc-1bf">
         <name>.debug_info</name>
         <load_address>0x124b</load_address>
         <run_address>0x124b</run_address>
         <size>0x1ce</size>
         <input_file_ref idref="fl-2"/>
      </object_component>
      <object_component id="oc-fd">
         <name>.debug_info</name>
         <load_address>0x1419</load_address>
         <run_address>0x1419</run_address>
         <size>0x1bae</size>
         <input_file_ref idref="fl-2"/>
      </object_component>
      <object_component id="oc-80">
         <name>.debug_info</name>
         <load_address>0x2fc7</load_address>
         <run_address>0x2fc7</run_address>
         <size>0x8b</size>
         <input_file_ref idref="fl-2"/>
      </object_component>
      <object_component id="oc-85">
         <name>.debug_info</name>
         <load_address>0x3052</load_address>
         <run_address>0x3052</run_address>
         <size>0x2c</size>
         <input_file_ref idref="fl-2"/>
      </object_component>
      <object_component id="oc-1b9">
         <name>.debug_info</name>
         <load_address>0x307e</load_address>
         <run_address>0x307e</run_address>
         <size>0x2c</size>
         <input_file_ref idref="fl-2"/>
      </object_component>
      <object_component id="oc-177">
         <name>.debug_info</name>
         <load_address>0x30aa</load_address>
         <run_address>0x30aa</run_address>
         <size>0x5d1</size>
         <input_file_ref idref="fl-2"/>
      </object_component>
      <object_component id="oc-103">
         <name>.debug_info</name>
         <load_address>0x367b</load_address>
         <run_address>0x367b</run_address>
         <size>0x20e</size>
         <input_file_ref idref="fl-3"/>
      </object_component>
      <object_component id="oc-1a2">
         <name>.debug_info</name>
         <load_address>0x3889</load_address>
         <run_address>0x3889</run_address>
         <size>0x4c9</size>
         <input_file_ref idref="fl-4"/>
      </object_component>
      <object_component id="oc-18d">
         <name>.debug_info</name>
         <load_address>0x3d52</load_address>
         <run_address>0x3d52</run_address>
         <size>0x15e</size>
         <input_file_ref idref="fl-4"/>
      </object_component>
      <object_component id="oc-193">
         <name>.debug_info</name>
         <load_address>0x3eb0</load_address>
         <run_address>0x3eb0</run_address>
         <size>0xdf</size>
         <input_file_ref idref="fl-4"/>
      </object_component>
      <object_component id="oc-190">
         <name>.debug_info</name>
         <load_address>0x3f8f</load_address>
         <run_address>0x3f8f</run_address>
         <size>0xdf</size>
         <input_file_ref idref="fl-4"/>
      </object_component>
      <object_component id="oc-196">
         <name>.debug_info</name>
         <load_address>0x406e</load_address>
         <run_address>0x406e</run_address>
         <size>0xe5</size>
         <input_file_ref idref="fl-4"/>
      </object_component>
      <object_component id="oc-199">
         <name>.debug_info</name>
         <load_address>0x4153</load_address>
         <run_address>0x4153</run_address>
         <size>0xe3</size>
         <input_file_ref idref="fl-4"/>
      </object_component>
      <object_component id="oc-19c">
         <name>.debug_info</name>
         <load_address>0x4236</load_address>
         <run_address>0x4236</run_address>
         <size>0xe5</size>
         <input_file_ref idref="fl-4"/>
      </object_component>
      <object_component id="oc-19f">
         <name>.debug_info</name>
         <load_address>0x431b</load_address>
         <run_address>0x431b</run_address>
         <size>0xf3</size>
         <input_file_ref idref="fl-4"/>
      </object_component>
      <object_component id="oc-eb">
         <name>.debug_info</name>
         <load_address>0x440e</load_address>
         <run_address>0x440e</run_address>
         <size>0x2e7c</size>
         <input_file_ref idref="fl-4"/>
      </object_component>
      <object_component id="oc-180">
         <name>.debug_info</name>
         <load_address>0x728a</load_address>
         <run_address>0x728a</run_address>
         <size>0x88</size>
         <input_file_ref idref="fl-4"/>
      </object_component>
      <object_component id="oc-124">
         <name>.debug_info</name>
         <load_address>0x7312</load_address>
         <run_address>0x7312</run_address>
         <size>0xf2b</size>
         <input_file_ref idref="fl-5"/>
      </object_component>
      <object_component id="oc-121">
         <name>.debug_info</name>
         <load_address>0x823d</load_address>
         <run_address>0x823d</run_address>
         <size>0xf3</size>
         <input_file_ref idref="fl-5"/>
      </object_component>
      <object_component id="oc-134">
         <name>.debug_info</name>
         <load_address>0x8330</load_address>
         <run_address>0x8330</run_address>
         <size>0xe4</size>
         <input_file_ref idref="fl-5"/>
      </object_component>
      <object_component id="oc-b3">
         <name>.debug_info</name>
         <load_address>0x8414</load_address>
         <run_address>0x8414</run_address>
         <size>0xe91</size>
         <input_file_ref idref="fl-5"/>
      </object_component>
      <object_component id="oc-185">
         <name>.debug_info</name>
         <load_address>0x92a5</load_address>
         <run_address>0x92a5</run_address>
         <size>0x26e</size>
         <input_file_ref idref="fl-6"/>
      </object_component>
      <object_component id="oc-e5">
         <name>.debug_info</name>
         <load_address>0x9513</load_address>
         <run_address>0x9513</run_address>
         <size>0xfab</size>
         <input_file_ref idref="fl-6"/>
      </object_component>
      <object_component id="oc-187">
         <name>.debug_info</name>
         <load_address>0xa4be</load_address>
         <run_address>0xa4be</run_address>
         <size>0x460</size>
         <input_file_ref idref="fl-7"/>
      </object_component>
      <object_component id="oc-21d">
         <name>.debug_info</name>
         <load_address>0xa91e</load_address>
         <run_address>0xa91e</run_address>
         <size>0x56b</size>
         <input_file_ref idref="fl-8"/>
      </object_component>
      <object_component id="oc-217">
         <name>.debug_info</name>
         <load_address>0xae89</load_address>
         <run_address>0xae89</run_address>
         <size>0xf2</size>
         <input_file_ref idref="fl-8"/>
      </object_component>
      <object_component id="oc-21a">
         <name>.debug_info</name>
         <load_address>0xaf7b</load_address>
         <run_address>0xaf7b</run_address>
         <size>0xe6</size>
         <input_file_ref idref="fl-8"/>
      </object_component>
      <object_component id="oc-214">
         <name>.debug_info</name>
         <load_address>0xb061</load_address>
         <run_address>0xb061</run_address>
         <size>0xda</size>
         <input_file_ref idref="fl-8"/>
      </object_component>
      <object_component id="oc-12e">
         <name>.debug_info</name>
         <load_address>0xb13b</load_address>
         <run_address>0xb13b</run_address>
         <size>0x490</size>
         <input_file_ref idref="fl-8"/>
      </object_component>
      <object_component id="oc-75">
         <name>.debug_info</name>
         <load_address>0xb5cb</load_address>
         <run_address>0xb5cb</run_address>
         <size>0x333</size>
         <input_file_ref idref="fl-9"/>
      </object_component>
      <object_component id="oc-2e">
         <name>.debug_info</name>
         <load_address>0xb8fe</load_address>
         <run_address>0xb8fe</run_address>
         <size>0x4b5</size>
         <input_file_ref idref="fl-9"/>
      </object_component>
      <object_component id="oc-35">
         <name>.debug_info</name>
         <load_address>0xbdb3</load_address>
         <run_address>0xbdb3</run_address>
         <size>0x2d0</size>
         <input_file_ref idref="fl-a"/>
      </object_component>
      <object_component id="oc-13">
         <name>.debug_info</name>
         <load_address>0xc083</load_address>
         <run_address>0xc083</run_address>
         <size>0xf9</size>
         <input_file_ref idref="fl-a"/>
      </object_component>
      <object_component id="oc-28">
         <name>.debug_info</name>
         <load_address>0xc17c</load_address>
         <run_address>0xc17c</run_address>
         <size>0x275</size>
         <input_file_ref idref="fl-a"/>
      </object_component>
      <object_component id="oc-1a4">
         <name>.debug_info</name>
         <load_address>0xc3f1</load_address>
         <run_address>0xc3f1</run_address>
         <size>0x359</size>
         <input_file_ref idref="fl-b"/>
      </object_component>
      <object_component id="oc-f1">
         <name>.debug_info</name>
         <load_address>0xc74a</load_address>
         <run_address>0xc74a</run_address>
         <size>0x3d2</size>
         <input_file_ref idref="fl-b"/>
      </object_component>
      <object_component id="oc-128">
         <name>.debug_info</name>
         <load_address>0xcb1c</load_address>
         <run_address>0xcb1c</run_address>
         <size>0x130</size>
         <input_file_ref idref="fl-c"/>
      </object_component>
      <object_component id="oc-1b8">
         <name>.debug_info</name>
         <load_address>0xcc4c</load_address>
         <run_address>0xcc4c</run_address>
         <size>0x333</size>
         <input_file_ref idref="fl-c6"/>
      </object_component>
      <object_component id="oc-f8">
         <name>.debug_info</name>
         <load_address>0xcf7f</load_address>
         <run_address>0xcf7f</run_address>
         <size>0x1d1</size>
         <input_file_ref idref="fl-c6"/>
      </object_component>
      <object_component id="oc-1ad">
         <name>.debug_info</name>
         <load_address>0xd150</load_address>
         <run_address>0xd150</run_address>
         <size>0x18d</size>
         <input_file_ref idref="fl-c6"/>
      </object_component>
      <object_component id="oc-1b3">
         <name>.debug_info</name>
         <load_address>0xd2dd</load_address>
         <run_address>0xd2dd</run_address>
         <size>0x16d</size>
         <input_file_ref idref="fl-c6"/>
      </object_component>
      <object_component id="oc-388">
         <name>.debug_info</name>
         <load_address>0xd44a</load_address>
         <run_address>0xd44a</run_address>
         <size>0x2c</size>
         <input_file_ref idref="fl-c6"/>
      </object_component>
      <object_component id="oc-1fa">
         <name>.debug_info</name>
         <load_address>0xd476</load_address>
         <run_address>0xd476</run_address>
         <size>0x37a</size>
         <input_file_ref idref="fl-c7"/>
      </object_component>
      <object_component id="oc-10f">
         <name>.debug_info</name>
         <load_address>0xd7f0</load_address>
         <run_address>0xd7f0</run_address>
         <size>0x17e</size>
         <input_file_ref idref="fl-c7"/>
      </object_component>
      <object_component id="oc-1ee">
         <name>.debug_info</name>
         <load_address>0xd96e</load_address>
         <run_address>0xd96e</run_address>
         <size>0x171</size>
         <input_file_ref idref="fl-c7"/>
      </object_component>
      <object_component id="oc-1e8">
         <name>.debug_info</name>
         <load_address>0xdadf</load_address>
         <run_address>0xdadf</run_address>
         <size>0x17e</size>
         <input_file_ref idref="fl-c7"/>
      </object_component>
      <object_component id="oc-1f4">
         <name>.debug_info</name>
         <load_address>0xdc5d</load_address>
         <run_address>0xdc5d</run_address>
         <size>0x1de</size>
         <input_file_ref idref="fl-c7"/>
      </object_component>
      <object_component id="oc-1ca">
         <name>.debug_info</name>
         <load_address>0xde3b</load_address>
         <run_address>0xde3b</run_address>
         <size>0x13a</size>
         <input_file_ref idref="fl-c8"/>
      </object_component>
      <object_component id="oc-1cf">
         <name>.debug_info</name>
         <load_address>0xdf75</load_address>
         <run_address>0xdf75</run_address>
         <size>0x139</size>
         <input_file_ref idref="fl-c9"/>
      </object_component>
      <object_component id="oc-42">
         <name>.debug_info</name>
         <load_address>0xe0ae</load_address>
         <run_address>0xe0ae</run_address>
         <size>0x119</size>
         <input_file_ref idref="fl-ca"/>
      </object_component>
      <object_component id="oc-1c5">
         <name>.debug_info</name>
         <load_address>0xe1c7</load_address>
         <run_address>0xe1c7</run_address>
         <size>0x12e</size>
         <input_file_ref idref="fl-cb"/>
      </object_component>
      <object_component id="oc-a7">
         <name>.debug_info</name>
         <load_address>0xe2f5</load_address>
         <run_address>0xe2f5</run_address>
         <size>0x147</size>
         <input_file_ref idref="fl-cc"/>
      </object_component>
      <object_component id="oc-a5">
         <name>.debug_info</name>
         <load_address>0xe43c</load_address>
         <run_address>0xe43c</run_address>
         <size>0x2d4</size>
         <input_file_ref idref="fl-cd"/>
      </object_component>
      <object_component id="oc-4e">
         <name>.debug_info</name>
         <load_address>0xe710</load_address>
         <run_address>0xe710</run_address>
         <size>0x1d2</size>
         <input_file_ref idref="fl-cd"/>
      </object_component>
      <object_component id="oc-a0">
         <name>.debug_info</name>
         <load_address>0xe8e2</load_address>
         <run_address>0xe8e2</run_address>
         <size>0x46</size>
         <input_file_ref idref="fl-cd"/>
      </object_component>
      <object_component id="oc-d5">
         <name>.debug_info</name>
         <load_address>0xe928</load_address>
         <run_address>0xe928</run_address>
         <size>0x2c</size>
         <input_file_ref idref="fl-cd"/>
      </object_component>
      <object_component id="oc-4c">
         <name>.debug_info</name>
         <load_address>0xe954</load_address>
         <run_address>0xe954</run_address>
         <size>0x2a8</size>
         <input_file_ref idref="fl-ce"/>
      </object_component>
      <object_component id="oc-1c">
         <name>.debug_info</name>
         <load_address>0xebfc</load_address>
         <run_address>0xebfc</run_address>
         <size>0x1ea</size>
         <input_file_ref idref="fl-ce"/>
      </object_component>
      <object_component id="oc-47">
         <name>.debug_info</name>
         <load_address>0xede6</load_address>
         <run_address>0xede6</run_address>
         <size>0x46</size>
         <input_file_ref idref="fl-ce"/>
      </object_component>
      <object_component id="oc-98">
         <name>.debug_info</name>
         <load_address>0xee2c</load_address>
         <run_address>0xee2c</run_address>
         <size>0x2c</size>
         <input_file_ref idref="fl-ce"/>
      </object_component>
      <object_component id="oc-96">
         <name>.debug_info</name>
         <load_address>0xee58</load_address>
         <run_address>0xee58</run_address>
         <size>0x29e</size>
         <input_file_ref idref="fl-cf"/>
      </object_component>
      <object_component id="oc-16">
         <name>.debug_info</name>
         <load_address>0xf0f6</load_address>
         <run_address>0xf0f6</run_address>
         <size>0x250</size>
         <input_file_ref idref="fl-cf"/>
      </object_component>
      <object_component id="oc-37">
         <name>.debug_info</name>
         <load_address>0xf346</load_address>
         <run_address>0xf346</run_address>
         <size>0x60</size>
         <input_file_ref idref="fl-cf"/>
      </object_component>
      <object_component id="oc-ce">
         <name>.debug_info</name>
         <load_address>0xf3a6</load_address>
         <run_address>0xf3a6</run_address>
         <size>0x46</size>
         <input_file_ref idref="fl-cf"/>
      </object_component>
      <object_component id="oc-91">
         <name>.debug_info</name>
         <load_address>0xf3ec</load_address>
         <run_address>0xf3ec</run_address>
         <size>0x39</size>
         <input_file_ref idref="fl-cf"/>
      </object_component>
      <object_component id="oc-2ad">
         <name>.debug_info</name>
         <load_address>0xf425</load_address>
         <run_address>0xf425</run_address>
         <size>0xf9</size>
         <input_file_ref idref="fl-d0"/>
      </object_component>
      <object_component id="oc-1dd">
         <name>.debug_info</name>
         <load_address>0xf51e</load_address>
         <run_address>0xf51e</run_address>
         <size>0x105</size>
         <input_file_ref idref="fl-d0"/>
      </object_component>
      <object_component id="oc-20d">
         <name>.debug_info</name>
         <load_address>0xf623</load_address>
         <run_address>0xf623</run_address>
         <size>0x28a</size>
         <input_file_ref idref="fl-d1"/>
      </object_component>
      <object_component id="oc-11b">
         <name>.debug_info</name>
         <load_address>0xf8ad</load_address>
         <run_address>0xf8ad</run_address>
         <size>0x273</size>
         <input_file_ref idref="fl-d1"/>
      </object_component>
      <object_component id="oc-20b">
         <name>.debug_info</name>
         <load_address>0xfb20</load_address>
         <run_address>0xfb20</run_address>
         <size>0x2fe</size>
         <input_file_ref idref="fl-d2"/>
      </object_component>
      <object_component id="oc-208">
         <name>.debug_info</name>
         <load_address>0xfe1e</load_address>
         <run_address>0xfe1e</run_address>
         <size>0x105</size>
         <input_file_ref idref="fl-d2"/>
      </object_component>
      <object_component id="oc-115">
         <name>.debug_info</name>
         <load_address>0xff23</load_address>
         <run_address>0xff23</run_address>
         <size>0x1ab</size>
         <input_file_ref idref="fl-d2"/>
      </object_component>
      <object_component id="oc-1e0">
         <name>.debug_info</name>
         <load_address>0x100ce</load_address>
         <run_address>0x100ce</run_address>
         <size>0x2b6</size>
         <input_file_ref idref="fl-d3"/>
      </object_component>
      <object_component id="oc-109">
         <name>.debug_info</name>
         <load_address>0x10384</load_address>
         <run_address>0x10384</run_address>
         <size>0x154</size>
         <input_file_ref idref="fl-d3"/>
      </object_component>
      <object_component id="oc-25">
         <name>.debug_info</name>
         <load_address>0x104d8</load_address>
         <run_address>0x104d8</run_address>
         <size>0x10b</size>
         <input_file_ref idref="fl-d4"/>
      </object_component>
      <object_component id="oc-60">
         <name>.debug_info</name>
         <load_address>0x105e3</load_address>
         <run_address>0x105e3</run_address>
         <size>0x1a9</size>
         <input_file_ref idref="fl-d4"/>
      </object_component>
      <object_component id="oc-297">
         <name>.debug_info</name>
         <load_address>0x1078c</load_address>
         <run_address>0x1078c</run_address>
         <size>0x590</size>
         <input_file_ref idref="fl-d5"/>
      </object_component>
      <object_component id="oc-262">
         <name>.debug_info</name>
         <load_address>0x10d1c</load_address>
         <run_address>0x10d1c</run_address>
         <size>0x21e</size>
         <input_file_ref idref="fl-d5"/>
      </object_component>
      <object_component id="oc-351">
         <name>.debug_info</name>
         <load_address>0x10f3a</load_address>
         <run_address>0x10f3a</run_address>
         <size>0x1b3</size>
         <input_file_ref idref="fl-d5"/>
      </object_component>
      <object_component id="oc-357">
         <name>.debug_info</name>
         <load_address>0x110ed</load_address>
         <run_address>0x110ed</run_address>
         <size>0x21b</size>
         <input_file_ref idref="fl-d5"/>
      </object_component>
      <object_component id="oc-26d">
         <name>.debug_info</name>
         <load_address>0x11308</load_address>
         <run_address>0x11308</run_address>
         <size>0x3c0</size>
         <input_file_ref idref="fl-d5"/>
      </object_component>
      <object_component id="oc-35e">
         <name>.debug_info</name>
         <load_address>0x116c8</load_address>
         <run_address>0x116c8</run_address>
         <size>0x30a</size>
         <input_file_ref idref="fl-d5"/>
      </object_component>
      <object_component id="oc-364">
         <name>.debug_info</name>
         <load_address>0x119d2</load_address>
         <run_address>0x119d2</run_address>
         <size>0x215</size>
         <input_file_ref idref="fl-d5"/>
      </object_component>
      <object_component id="oc-273">
         <name>.debug_info</name>
         <load_address>0x11be7</load_address>
         <run_address>0x11be7</run_address>
         <size>0x215</size>
         <input_file_ref idref="fl-d5"/>
      </object_component>
      <object_component id="oc-279">
         <name>.debug_info</name>
         <load_address>0x11dfc</load_address>
         <run_address>0x11dfc</run_address>
         <size>0x304</size>
         <input_file_ref idref="fl-d5"/>
      </object_component>
      <object_component id="oc-27f">
         <name>.debug_info</name>
         <load_address>0x12100</load_address>
         <run_address>0x12100</run_address>
         <size>0x4b5</size>
         <input_file_ref idref="fl-d5"/>
      </object_component>
      <object_component id="oc-1a6">
         <name>.debug_info</name>
         <load_address>0x125b5</load_address>
         <run_address>0x125b5</run_address>
         <size>0x5f4</size>
         <input_file_ref idref="fl-d5"/>
      </object_component>
      <object_component id="oc-298">
         <name>.debug_info</name>
         <load_address>0x12ba9</load_address>
         <run_address>0x12ba9</run_address>
         <size>0x86</size>
         <input_file_ref idref="fl-d5"/>
      </object_component>
      <object_component id="oc-38d">
         <name>.debug_info</name>
         <load_address>0x12c2f</load_address>
         <run_address>0x12c2f</run_address>
         <size>0x39</size>
         <input_file_ref idref="fl-d5"/>
      </object_component>
      <object_component id="oc-3f9">
         <name>.debug_info</name>
         <load_address>0x12c68</load_address>
         <run_address>0x12c68</run_address>
         <size>0xb6</size>
         <input_file_ref idref="fl-d5"/>
      </object_component>
      <object_component id="oc-392">
         <name>.debug_info</name>
         <load_address>0x12d1e</load_address>
         <run_address>0x12d1e</run_address>
         <size>0x46</size>
         <input_file_ref idref="fl-d5"/>
      </object_component>
      <object_component id="oc-29d">
         <name>.debug_info</name>
         <load_address>0x12d64</load_address>
         <run_address>0x12d64</run_address>
         <size>0x46</size>
         <input_file_ref idref="fl-d5"/>
      </object_component>
      <object_component id="oc-2e7">
         <name>.debug_info</name>
         <load_address>0x12daa</load_address>
         <run_address>0x12daa</run_address>
         <size>0x5ce</size>
         <input_file_ref idref="fl-d6"/>
      </object_component>
      <object_component id="oc-1e2">
         <name>.debug_info</name>
         <load_address>0x13378</load_address>
         <run_address>0x13378</run_address>
         <size>0x983</size>
         <input_file_ref idref="fl-d6"/>
      </object_component>
      <object_component id="oc-2e9">
         <name>.debug_info</name>
         <load_address>0x13cfb</load_address>
         <run_address>0x13cfb</run_address>
         <size>0x9a</size>
         <input_file_ref idref="fl-d6"/>
      </object_component>
      <object_component id="oc-34c">
         <name>.debug_info</name>
         <load_address>0x13d95</load_address>
         <run_address>0x13d95</run_address>
         <size>0x14c</size>
         <input_file_ref idref="fl-d7"/>
      </object_component>
      <object_component id="oc-268">
         <name>.debug_info</name>
         <load_address>0x13ee1</load_address>
         <run_address>0x13ee1</run_address>
         <size>0x128</size>
         <input_file_ref idref="fl-d8"/>
      </object_component>
      <object_component id="oc-337">
         <name>.debug_info</name>
         <load_address>0x14009</load_address>
         <run_address>0x14009</run_address>
         <size>0x12a</size>
         <input_file_ref idref="fl-d8"/>
      </object_component>
      <object_component id="oc-332">
         <name>.debug_info</name>
         <load_address>0x14133</load_address>
         <run_address>0x14133</run_address>
         <size>0x13a</size>
         <input_file_ref idref="fl-d9"/>
      </object_component>
      <object_component id="oc-33c">
         <name>.debug_info</name>
         <load_address>0x1426d</load_address>
         <run_address>0x1426d</run_address>
         <size>0x12e</size>
         <input_file_ref idref="fl-da"/>
      </object_component>
      <object_component id="oc-2c9">
         <name>.debug_info</name>
         <load_address>0x1439b</load_address>
         <run_address>0x1439b</run_address>
         <size>0x13e</size>
         <input_file_ref idref="fl-db"/>
      </object_component>
      <object_component id="oc-347">
         <name>.debug_info</name>
         <load_address>0x144d9</load_address>
         <run_address>0x144d9</run_address>
         <size>0x12c</size>
         <input_file_ref idref="fl-dc"/>
      </object_component>
      <object_component id="oc-32b">
         <name>.debug_info</name>
         <load_address>0x14605</load_address>
         <run_address>0x14605</run_address>
         <size>0x134</size>
         <input_file_ref idref="fl-dd"/>
      </object_component>
      <object_component id="oc-22b">
         <name>.debug_info</name>
         <load_address>0x14739</load_address>
         <run_address>0x14739</run_address>
         <size>0x4b3</size>
         <input_file_ref idref="fl-de"/>
      </object_component>
      <object_component id="oc-146">
         <name>.debug_info</name>
         <load_address>0x14bec</load_address>
         <run_address>0x14bec</run_address>
         <size>0x1a6</size>
         <input_file_ref idref="fl-de"/>
      </object_component>
      <object_component id="oc-315">
         <name>.debug_info</name>
         <load_address>0x14d92</load_address>
         <run_address>0x14d92</run_address>
         <size>0x39</size>
         <input_file_ref idref="fl-de"/>
      </object_component>
      <object_component id="oc-3bc">
         <name>.debug_info</name>
         <load_address>0x14dcb</load_address>
         <run_address>0x14dcb</run_address>
         <size>0x39</size>
         <input_file_ref idref="fl-de"/>
      </object_component>
      <object_component id="oc-31a">
         <name>.debug_info</name>
         <load_address>0x14e04</load_address>
         <run_address>0x14e04</run_address>
         <size>0x39</size>
         <input_file_ref idref="fl-de"/>
      </object_component>
      <object_component id="oc-31f">
         <name>.debug_info</name>
         <load_address>0x14e3d</load_address>
         <run_address>0x14e3d</run_address>
         <size>0xcd</size>
         <input_file_ref idref="fl-de"/>
      </object_component>
      <object_component id="oc-ad">
         <name>.debug_info</name>
         <load_address>0x14f0a</load_address>
         <run_address>0x14f0a</run_address>
         <size>0x153</size>
         <input_file_ref idref="fl-df"/>
      </object_component>
      <object_component id="oc-138">
         <name>.debug_info</name>
         <load_address>0x1505d</load_address>
         <run_address>0x1505d</run_address>
         <size>0x122</size>
         <input_file_ref idref="fl-e1"/>
      </object_component>
      <object_component id="oc-3d6">
         <name>.debug_info</name>
         <load_address>0x1517f</load_address>
         <run_address>0x1517f</run_address>
         <size>0x29c</size>
         <input_file_ref idref="fl-e3"/>
      </object_component>
      <object_component id="oc-341">
         <name>.debug_info</name>
         <load_address>0x1541b</load_address>
         <run_address>0x1541b</run_address>
         <size>0x1da</size>
         <input_file_ref idref="fl-e3"/>
      </object_component>
      <object_component id="oc-329">
         <name>.debug_info</name>
         <load_address>0x155f5</load_address>
         <run_address>0x155f5</run_address>
         <size>0x2b9</size>
         <input_file_ref idref="fl-e5"/>
      </object_component>
      <object_component id="oc-25c">
         <name>.debug_info</name>
         <load_address>0x158ae</load_address>
         <run_address>0x158ae</run_address>
         <size>0x17c</size>
         <input_file_ref idref="fl-e5"/>
      </object_component>
      <object_component id="oc-379">
         <name>.debug_info</name>
         <load_address>0x15a2a</load_address>
         <run_address>0x15a2a</run_address>
         <size>0x2a7</size>
         <input_file_ref idref="fl-e6"/>
      </object_component>
      <object_component id="oc-285">
         <name>.debug_info</name>
         <load_address>0x15cd1</load_address>
         <run_address>0x15cd1</run_address>
         <size>0x1b8</size>
         <input_file_ref idref="fl-e6"/>
      </object_component>
      <object_component id="oc-3b2">
         <name>.debug_info</name>
         <load_address>0x15e89</load_address>
         <run_address>0x15e89</run_address>
         <size>0x29a</size>
         <input_file_ref idref="fl-e7"/>
      </object_component>
      <object_component id="oc-2e0">
         <name>.debug_info</name>
         <load_address>0x16123</load_address>
         <run_address>0x16123</run_address>
         <size>0x262</size>
         <input_file_ref idref="fl-e7"/>
      </object_component>
      <object_component id="oc-39a">
         <name>.debug_info</name>
         <load_address>0x16385</load_address>
         <run_address>0x16385</run_address>
         <size>0x2a4</size>
         <input_file_ref idref="fl-e8"/>
      </object_component>
      <object_component id="oc-2b1">
         <name>.debug_info</name>
         <load_address>0x16629</load_address>
         <run_address>0x16629</run_address>
         <size>0x24d</size>
         <input_file_ref idref="fl-e8"/>
      </object_component>
      <object_component id="oc-2f6">
         <name>.debug_info</name>
         <load_address>0x16876</load_address>
         <run_address>0x16876</run_address>
         <size>0x290</size>
         <input_file_ref idref="fl-e9"/>
      </object_component>
      <object_component id="oc-202">
         <name>.debug_info</name>
         <load_address>0x16b06</load_address>
         <run_address>0x16b06</run_address>
         <size>0x198</size>
         <input_file_ref idref="fl-e9"/>
      </object_component>
      <object_component id="oc-327">
         <name>.debug_info</name>
         <load_address>0x16c9e</load_address>
         <run_address>0x16c9e</run_address>
         <size>0x28f</size>
         <input_file_ref idref="fl-ea"/>
      </object_component>
      <object_component id="oc-256">
         <name>.debug_info</name>
         <load_address>0x16f2d</load_address>
         <run_address>0x16f2d</run_address>
         <size>0x245</size>
         <input_file_ref idref="fl-ea"/>
      </object_component>
      <object_component id="oc-3b0">
         <name>.debug_info</name>
         <load_address>0x17172</load_address>
         <run_address>0x17172</run_address>
         <size>0x296</size>
         <input_file_ref idref="fl-eb"/>
      </object_component>
      <object_component id="oc-2da">
         <name>.debug_info</name>
         <load_address>0x17408</load_address>
         <run_address>0x17408</run_address>
         <size>0x265</size>
         <input_file_ref idref="fl-eb"/>
      </object_component>
      <object_component id="oc-2f4">
         <name>.debug_info</name>
         <load_address>0x1766d</load_address>
         <run_address>0x1766d</run_address>
         <size>0x295</size>
         <input_file_ref idref="fl-ec"/>
      </object_component>
      <object_component id="oc-1fc">
         <name>.debug_info</name>
         <load_address>0x17902</load_address>
         <run_address>0x17902</run_address>
         <size>0x1c3</size>
         <input_file_ref idref="fl-ec"/>
      </object_component>
      <object_component id="oc-3a8">
         <name>.debug_info</name>
         <load_address>0x17ac5</load_address>
         <run_address>0x17ac5</run_address>
         <size>0x3b6</size>
         <input_file_ref idref="fl-ed"/>
      </object_component>
      <object_component id="oc-3a5">
         <name>.debug_info</name>
         <load_address>0x17e7b</load_address>
         <run_address>0x17e7b</run_address>
         <size>0x123</size>
         <input_file_ref idref="fl-ed"/>
      </object_component>
      <object_component id="oc-2c3">
         <name>.debug_info</name>
         <load_address>0x17f9e</load_address>
         <run_address>0x17f9e</run_address>
[...]
      </symbol>
      <symbol id="sm-378">
         <name>main</name>
         <value>0x4455</value>
         <object_component_ref idref="oc-b2"/>
      </symbol>
      <symbol id="sm-379">
         <name>readConfiguration</name>
         <value>0x3ef3</value>
         <object_component_ref idref="oc-b2"/>
      </symbol>
      <symbol id="sm-37a">
         <name>count</name>
         <value>0x2000211c</value>
         <object_component_ref idref="oc-120"/>
      </symbol>
      <symbol id="sm-3ee">
         <name>selectPinInterruptBothEdges</name>
         <value>0x4af7</value>
         <object_component_ref idref="oc-e4"/>
      </symbol>
      <symbol id="sm-3ef">
         <name>getPortValue</name>
         <value>0x4ce5</value>
         <object_component_ref idref="oc-e4"/>
      </symbol>
      <symbol id="sm-3f0">
         <name>selectPinAnalogInput</name>
         <value>0x47db</value>
         <object_component_ref idref="oc-e4"/>
      </symbol>
      <symbol id="sm-3f1">
         <name>selectPinPushPullOutput</name>
         <value>0x46f1</value>
         <object_component_ref idref="oc-e4"/>
      </symbol>
      <symbol id="sm-3f2">
         <name>selectPinInterruptHighLevel</name>
         <value>0x4b4d</value>
         <object_component_ref idref="oc-e4"/>
      </symbol>
      <symbol id="sm-3f3">
         <name>selectPinInterruptFallingEdge</name>
         <value>0x4aa7</value>
         <object_component_ref idref="oc-e4"/>
      </symbol>
      <symbol id="sm-3f4">
         <name>selectPinOpenDrainOutput</name>
         <value>0x473f</value>
         <object_component_ref idref="oc-e4"/>
      </symbol>
      <symbol id="sm-3f5">
         <name>selectPinInterruptLowLevel</name>
         <value>0x4b87</value>
         <object_component_ref idref="oc-e4"/>
      </symbol>
      <symbol id="sm-3f6">
         <name>setPortValue</name>
         <value>0x4c61</value>
         <object_component_ref idref="oc-e4"/>
      </symbol>
      <symbol id="sm-3f7">
         <name>enablePinInterrupt</name>
         <value>0x4bc1</value>
         <object_component_ref idref="oc-e4"/>
      </symbol>
      <symbol id="sm-3f8">
         <name>setPinAuxFunction</name>
         <value>0x4945</value>
         <object_component_ref idref="oc-e4"/>
      </symbol>
      <symbol id="sm-3f9">
         <name>enablePort</name>
         <value>0x45b5</value>
         <object_component_ref idref="oc-e4"/>
      </symbol>
      <symbol id="sm-3fa">
         <name>disablePinPulldown</name>
         <value>0x491d</value>
         <object_component_ref idref="oc-e4"/>
      </symbol>
      <symbol id="sm-3fb">
         <name>setPinCommitControl</name>
         <value>0x482b</value>
         <object_component_ref idref="oc-e4"/>
      </symbol>
      <symbol id="sm-3fc">
         <name>disablePort</name>
         <value>0x4671</value>
         <object_component_ref idref="oc-e4"/>
      </symbol>
      <symbol id="sm-3fd">
         <name>disablePinInterrupt</name>
         <value>0x4be5</value>
         <object_component_ref idref="oc-e4"/>
      </symbol>
      <symbol id="sm-3fe">
         <name>enablePinPullup</name>
         <value>0x48a7</value>
         <object_component_ref idref="oc-e4"/>
      </symbol>
      <symbol id="sm-3ff">
         <name>getPinValue</name>
         <value>0x4c2f</value>
         <object_component_ref idref="oc-e4"/>
      </symbol>
      <symbol id="sm-400">
         <name>enablePinPulldown</name>
         <value>0x48f9</value>
         <object_component_ref idref="oc-e4"/>
      </symbol>
      <symbol id="sm-401">
         <name>disablePinPullup</name>
         <value>0x48d5</value>
         <object_component_ref idref="oc-e4"/>
      </symbol>
      <symbol id="sm-402">
         <name>selectPinDigitalInput</name>
         <value>0x478d</value>
         <object_component_ref idref="oc-e4"/>
      </symbol>
      <symbol id="sm-403">
         <name>selectPinInterruptRisingEdge</name>
         <value>0x4a57</value>
         <object_component_ref idref="oc-e4"/>
      </symbol>
      <symbol id="sm-404">
         <name>setPinValue</name>
         <value>0x4c09</value>
         <object_component_ref idref="oc-e4"/>
      </symbol>
      <symbol id="sm-420">
         <name>setSpi0Mode</name>
         <value>0x6007</value>
         <object_component_ref idref="oc-186"/>
      </symbol>
      <symbol id="sm-421">
         <name>readSpi0Data</name>
         <value>0x606d</value>
         <object_component_ref idref="oc-186"/>
      </symbol>
      <symbol id="sm-422">
         <name>writeSpi0Data</name>
         <value>0x6055</value>
         <object_component_ref idref="oc-186"/>
      </symbol>
      <symbol id="sm-423">
         <name>initSpi0</name>
         <value>0x5f35</value>
         <object_component_ref idref="oc-186"/>
      </symbol>
      <symbol id="sm-424">
         <name>setSpi0BaudRate</name>
         <value>0x5fd1</value>
         <object_component_ref idref="oc-186"/>
      </symbol>
      <symbol id="sm-44f">
         <name>adaFruitIp</name>
         <value>0x2000211d</value>
         <object_component_ref idref="oc-219"/>
      </symbol>
      <symbol id="sm-450">
         <name>routerMacAddress</name>
         <value>0x20002110</value>
         <object_component_ref idref="oc-216"/>
      </symbol>
      <symbol id="sm-451">
         <name>getDnsData</name>
         <value>0x577d</value>
         <object_component_ref idref="oc-12d"/>
      </symbol>
      <symbol id="sm-452">
         <name>ipTo</name>
         <value>0x20002139</value>
         <object_component_ref idref="oc-213"/>
      </symbol>
      <symbol id="sm-453">
         <name>tcpClientSendMessage</name>
         <value>0x57e9</value>
         <object_component_ref idref="oc-12d"/>
      </symbol>
      <symbol id="sm-494">
         <name>fn</name>
         <value>0x20002054</value>
      </symbol>
      <symbol id="sm-495">
         <name>period</name>
         <value>0x2000207c</value>
      </symbol>
      <symbol id="sm-496">
         <name>ticks</name>
         <value>0x200020a4</value>
      </symbol>
      <symbol id="sm-497">
         <name>reload</name>
         <value>0x200020cc</value>
      </symbol>
      <symbol id="sm-498">
         <name>initTimer</name>
         <value>0x51d5</value>
         <object_component_ref idref="oc-2d"/>
      </symbol>
      <symbol id="sm-499">
         <name>stopTimer</name>
         <value>0x5381</value>
         <object_component_ref idref="oc-2d"/>
      </symbol>
      <symbol id="sm-49a">
         <name>startOneshotTimer</name>
         <value>0x5275</value>
         <object_component_ref idref="oc-2d"/>
      </symbol>
      <symbol id="sm-49b">
         <name>restartTimer</name>
         <value>0x53e7</value>
         <object_component_ref idref="oc-2d"/>
      </symbol>
      <symbol id="sm-49c">
         <name>random32</name>
         <value>0x54cf</value>
         <object_component_ref idref="oc-2d"/>
      </symbol>
      <symbol id="sm-49d">
         <name>tickIsr</name>
         <value>0x5455</value>
         <object_component_ref idref="oc-2d"/>
      </symbol>
      <symbol id="sm-49e">
         <name>startPeriodicTimer</name>
         <value>0x52fb</value>
         <object_component_ref idref="oc-2d"/>
      </symbol>
      <symbol id="sm-4ba">
         <name>ResetISR</name>
         <value>0x763f</value>
         <object_component_ref idref="oc-27"/>
      </symbol>
      <symbol id="sm-4bb">
         <name>g_pfnVectors</name>
         <value>0x0</value>
         <object_component_ref idref="oc-12"/>
      </symbol>
      <symbol id="sm-4de">
         <name>getcUart0</name>
         <value>0x678b</value>
         <object_component_ref idref="oc-f0"/>
      </symbol>
      <symbol id="sm-4df">
         <name>kbhitUart0</name>
         <value>0x679f</value>
         <object_component_ref idref="oc-f0"/>
      </symbol>
      <symbol id="sm-4e0">
         <name>setUart0BaudRate</name>
         <value>0x6703</value>
         <object_component_ref idref="oc-f0"/>
      </symbol>
      <symbol id="sm-4e1">
         <name>putsUart0</name>
         <value>0x675f</value>
         <object_component_ref idref="oc-f0"/>
      </symbol>
      <symbol id="sm-4e2">
         <name>initUart0</name>
         <value>0x66b9</value>
         <object_component_ref idref="oc-f0"/>
      </symbol>
      <symbol id="sm-4e3">
         <name>putcUart0</name>
         <value>0x6743</value>
         <object_component_ref idref="oc-f0"/>
      </symbol>
      <symbol id="sm-4f1">
         <name>waitMicrosecond</name>
         <value>0x74b9</value>
         <object_component_ref idref="oc-127"/>
      </symbol>
      <symbol id="sm-518">
         <name>sprintf</name>
         <value>0x7311</value>
         <object_component_ref idref="oc-f6"/>
      </symbol>
      <symbol id="sm-54f">
         <name>sscanf</name>
         <value>0x73d1</value>
         <object_component_ref idref="oc-10e"/>
      </symbol>
      <symbol id="sm-55a">
         <name>__aeabi_dmul</name>
         <value>0x69fd</value>
         <object_component_ref idref="oc-1c9"/>
      </symbol>
      <symbol id="sm-564">
         <name>__aeabi_d2uiz</name>
         <value>0x72cd</value>
         <object_component_ref idref="oc-1ce"/>
      </symbol>
      <symbol id="sm-57f">
         <name>memcpy</name>
         <value>0x6bab</value>
         <object_component_ref idref="oc-41"/>
      </symbol>
      <symbol id="sm-580">
         <name>__aeabi_memcpy</name>
         <value>0x6bab</value>
         <object_component_ref idref="oc-41"/>
      </symbol>
      <symbol id="sm-581">
         <name>__aeabi_memcpy8</name>
         <value>0x6bab</value>
         <object_component_ref idref="oc-41"/>
      </symbol>
      <symbol id="sm-582">
         <name>__aeabi_memcpy4</name>
         <value>0x6bab</value>
         <object_component_ref idref="oc-41"/>
      </symbol>
      <symbol id="sm-58c">
         <name>__aeabi_ui2d</name>
         <value>0x74dd</value>
         <object_component_ref idref="oc-1c4"/>
      </symbol>
      <symbol id="sm-59b">
         <name>__aeabi_memset</name>
         <value>0x6e6f</value>
         <object_component_ref idref="oc-a6"/>
      </symbol>
      <symbol id="sm-59c">
         <name>memset</name>
         <value>0x6e75</value>
         <object_component_ref idref="oc-a6"/>
      </symbol>
      <symbol id="sm-59d">
         <name>__aeabi_memset8</name>
         <value>0x6e6f</value>
         <object_component_ref idref="oc-a6"/>
      </symbol>
      <symbol id="sm-59e">
         <name>__aeabi_memset4</name>
         <value>0x6e6f</value>
         <object_component_ref idref="oc-a6"/>
      </symbol>
      <symbol id="sm-59f">
         <name>__aeabi_memclr8</name>
         <value>0x6e6d</value>
         <object_component_ref idref="oc-a6"/>
      </symbol>
      <symbol id="sm-5a0">
         <name>__aeabi_memclr4</name>
         <value>0x6e6d</value>
         <object_component_ref idref="oc-a6"/>
      </symbol>
      <symbol id="sm-5a1">
         <name>__aeabi_memclr</name>
         <value>0x6e6d</value>
         <object_component_ref idref="oc-a6"/>
      </symbol>
      <symbol id="sm-5ba">
         <name>__TI_zero_init_nomemset</name>
         <value>0x74fd</value>
         <object_component_ref idref="oc-4d"/>
      </symbol>
      <symbol id="sm-5d1">
         <name>__TI_decompress_none</name>
         <value>0x7631</value>
         <object_component_ref idref="oc-1b"/>
      </symbol>
      <symbol id="sm-5f4">
         <name>__TI_decompress_lzss</name>
         <value>0x702d</value>
         <object_component_ref idref="oc-15"/>
      </symbol>
      <symbol id="sm-5ff">
         <name>_ctypes_</name>
         <value>0x7670</value>
         <object_component_ref idref="oc-1dc"/>
      </symbol>
      <symbol id="sm-60e">
         <name>strcmp</name>
         <value>0x757f</value>
         <object_component_ref idref="oc-11a"/>
      </symbol>
      <symbol id="sm-626">
         <name>strtok</name>
         <value>0x7351</value>
         <object_component_ref idref="oc-114"/>
      </symbol>
      <symbol id="sm-635">
         <name>tolower</name>
         <value>0x7621</value>
         <object_component_ref idref="oc-108"/>
      </symbol>
      <symbol id="sm-648">
         <name>__stack</name>
         <value>0x20000000</value>
         <object_component_ref idref="oc-24"/>
      </symbol>
      <symbol id="sm-649">
         <name>_c_int00_noargs</name>
         <value>0x7409</value>
         <object_component_ref idref="oc-5f"/>
      </symbol>
      <symbol id="sm-7ae">
         <name>__TI_printfi</name>
         <value>0x31b5</value>
         <object_component_ref idref="oc-1a5"/>
      </symbol>
      <symbol id="sm-85f">
         <name>__TI_scanfi</name>
         <value>0x26c5</value>
         <object_component_ref idref="oc-1e1"/>
      </symbol>
      <symbol id="sm-876">
         <name>__aeabi_dsub</name>
         <value>0x5d7d</value>
         <object_component_ref idref="oc-34b"/>
      </symbol>
      <symbol id="sm-877">
         <name>__aeabi_dadd</name>
         <value>0x5d87</value>
         <object_component_ref idref="oc-34b"/>
      </symbol>
      <symbol id="sm-899">
         <name>__aeabi_cdcmpeq</name>
         <value>0x6cdd</value>
         <object_component_ref idref="oc-267"/>
      </symbol>
      <symbol id="sm-89a">
         <name>__aeabi_cdcmple</name>
         <value>0x6cdd</value>
         <object_component_ref idref="oc-267"/>
      </symbol>
      <symbol id="sm-89b">
         <name>__aeabi_cdrcmple</name>
         <value>0x6d63</value>
         <object_component_ref idref="oc-336"/>
      </symbol>
      <symbol id="sm-8af">
         <name>__aeabi_ddiv</name>
         <value>0x632d</value>
         <object_component_ref idref="oc-331"/>
      </symbol>
      <symbol id="sm-8b9">
         <name>__aeabi_d2iz</name>
         <value>0x7241</value>
         <object_component_ref idref="oc-33b"/>
      </symbol>
      <symbol id="sm-8c5">
         <name>__aeabi_d2f</name>
         <value>0x6f55</value>
         <object_component_ref idref="oc-2c8"/>
      </symbol>
      <symbol id="sm-8cf">
         <name>__aeabi_i2d</name>
         <value>0x743d</value>
         <object_component_ref idref="oc-346"/>
      </symbol>
      <symbol id="sm-8dc">
         <name>__aeabi_uldivmod</name>
         <value>0x6c47</value>
         <object_component_ref idref="oc-32a"/>
      </symbol>
      <symbol id="sm-904">
         <name>__TI_auto_init_nobinit_nopinit</name>
         <value>0x7289</value>
         <object_component_ref idref="oc-143"/>
      </symbol>
      <symbol id="sm-90e">
         <name>_system_pre_init</name>
         <value>0x7665</value>
         <object_component_ref idref="oc-ac"/>
      </symbol>
      <symbol id="sm-91a">
         <name>C$$EXIT</name>
         <value>0x7669</value>
         <object_component_ref idref="oc-137"/>
      </symbol>
      <symbol id="sm-91b">
         <name>abort</name>
         <value>0x7669</value>
         <object_component_ref idref="oc-137"/>
      </symbol>
      <symbol id="sm-92b">
         <name>__TI_ltoa</name>
         <value>0x714f</value>
         <object_component_ref idref="oc-340"/>
      </symbol>
      <symbol id="sm-942">
         <name>atoi</name>
         <value>0x71f5</value>
         <object_component_ref idref="oc-25b"/>
      </symbol>
      <symbol id="sm-952">
         <name>memccpy</name>
         <value>0x7519</value>
         <object_component_ref idref="oc-284"/>
      </symbol>
      <symbol id="sm-962">
         <name>strchr</name>
         <value>0x75af</value>
         <object_component_ref idref="oc-2df"/>
      </symbol>
      <symbol id="sm-970">
         <name>strcpy</name>
         <value>0x75c5</value>
         <object_component_ref idref="oc-2b0"/>
      </symbol>
      <symbol id="sm-981">
         <name>strcspn</name>
         <value>0x7495</value>
         <object_component_ref idref="oc-201"/>
      </symbol>
      <symbol id="sm-98f">
         <name>strlen</name>
         <value>0x75d9</value>
         <object_component_ref idref="oc-255"/>
      </symbol>
      <symbol id="sm-99e">
         <name>strrchr</name>
         <value>0x7597</value>
         <object_component_ref idref="oc-2d9"/>
      </symbol>
      <symbol id="sm-9b0">
         <name>strspn</name>
         <value>0x746b</value>
         <object_component_ref idref="oc-1fb"/>
      </symbol>
      <symbol id="sm-a10">
         <name>strtold</name>
         <value>0x4d75</value>
         <object_component_ref idref="oc-2c2"/>
      </symbol>
      <symbol id="sm-a11">
         <name>strtod</name>
         <value>0x4d75</value>
         <object_component_ref idref="oc-2c2"/>
      </symbol>
      <symbol id="sm-a35">
         <name>strtol</name>
         <value>0x6465</value>
         <object_component_ref idref="oc-2cd"/>
      </symbol>
      <symbol id="sm-a5b">
         <name>strtoll</name>
         <value>0x59d1</value>
         <object_component_ref idref="oc-2d3"/>
      </symbol>
      <symbol id="sm-a7b">
         <name>strtoul</name>
         <value>0x68ed</value>
         <object_component_ref idref="oc-2bc"/>
      </symbol>
      <symbol id="sm-a9e">
         <name>strtoull</name>
         <value>0x6095</value>
         <object_component_ref idref="oc-2b6"/>
      </symbol>
      <symbol id="sm-ab4">
         <name>__aeabi_errno_addr</name>
         <value>0x7655</value>
         <object_component_ref idref="oc-290"/>
      </symbol>
      <symbol id="sm-ab5">
         <name>errno</name>
         <value>0x20002140</value>
         <object_component_ref idref="oc-381"/>
      </symbol>
      <symbol id="sm-ad5">
         <name>frexpl</name>
         <value>0x7095</value>
         <object_component_ref idref="oc-36b"/>
      </symbol>
      <symbol id="sm-ad6">
         <name>frexp</name>
         <value>0x7095</value>
         <object_component_ref idref="oc-36b"/>
      </symbol>
      <symbol id="sm-af3">
         <name>scalbn</name>
         <value>0x67dd</value>
         <object_component_ref idref="oc-371"/>
      </symbol>
      <symbol id="sm-af4">
         <name>scalbnl</name>
         <value>0x67dd</value>
         <object_component_ref idref="oc-371"/>
      </symbol>
      <symbol id="sm-af5">
         <name>ldexpl</name>
         <value>0x67dd</value>
         <object_component_ref idref="oc-371"/>
      </symbol>
      <symbol id="sm-af6">
         <name>ldexp</name>
         <value>0x67dd</value>
         <object_component_ref idref="oc-371"/>
      </symbol>
      <symbol id="sm-b0f">
         <name>wcslen</name>
         <value>0x75ff</value>
         <object_component_ref idref="oc-28a"/>
      </symbol>
      <symbol id="sm-b19">
         <name>copysign</name>
         <value>0x7535</value>
         <object_component_ref idref="oc-3e4"/>
      </symbol>
      <symbol id="sm-b1a">
         <name>copysignl</name>
         <value>0x7535</value>
         <object_component_ref idref="oc-3e4"/>
      </symbol>
      <symbol id="sm-b24">
         <name>__aeabi_idiv0</name>
         <value>0x3c03</value>
         <object_component_ref idref="oc-3cc"/>
      </symbol>
      <symbol id="sm-b25">
         <name>__aeabi_ldiv0</name>
         <value>0x3c03</value>
         <object_component_ref idref="oc-3cc"/>
      </symbol>
      <symbol id="sm-b2e">
         <name>__aeabi_lmul</name>
         <value>0x7567</value>
         <object_component_ref idref="oc-39b"/>
      </symbol>
      <symbol id="sm-b2f">
         <name>__TI_static_base__</name>
         <value>0x0</value>
      </symbol>
      <symbol id="sm-b32">
         <name>__mpu_init</name>
         <value>0x0</value>
      </symbol>
      <symbol id="sm-b33">
         <name>_system_post_cinit</name>
         <value>0x0</value>
      </symbol>
   </symbol_table>
   <title>Link successful</title>
</link_info>
