******************************************************************************
                  TI ARM Linker Unix v20.2.2                   
******************************************************************************
>> Linked Mon Apr 11 15:39:38 2022

OUTPUT FILE NAME:   <CSE4352ProjectTwo.out>
ENTRY POINT SYMBOL: "_c_int00_noargs"  address: 00007409


MEMORY CONFIGURATION

         name            origin    length      used     unused   attr    fill
----------------------  --------  ---------  --------  --------  ----  --------
  FLASH                 00000000   00040000  0000789c  00038764  R  X
  SRAM                  20000000   00008000  00002148  00005eb8  RW X


SEGMENT ALLOCATION MAP

run origin  load origin   length   init length attrs members
----------  ----------- ---------- ----------- ----- -------
00000000    00000000    000078a0   000078a0    r-x
  00000000    00000000    0000026c   0000026c    r-- .intvecs
  0000026c    0000026c    00007400   00007400    r-x .text
  00007670    00007670    000001e0   000001e0    r-- .const
  00007850    00007850    00000050   00000050    r-- .cinit
20000000    20000000    00002148   00000000    rw-
  20000000    20000000    00002000   00000000    rw- .stack
  20002000    20002000    00000104   00000000    rw- .bss
  20002104    20002104    00000044   00000000    rw- .data


SECTION ALLOCATION MAP

 output                                  attributes/
section   page    origin      length       input sections
--------  ----  ----------  ----------   ----------------
.intvecs   0    00000000    0000026c     
                  00000000    0000026c     tm4c123gh6pm_startup_ccs.obj (.intvecs)

.text      0    0000026c    00007400     
                  0000026c    0000132c     eth0.obj (.text)
                  00001598    0000112c     dhcp.obj (.text)
                  000026c4    00000af0     rtsv7M4_T_le_v4SPD16_eabi.lib : _scanfi.c.obj (.text:__TI_scanfi)
                  000031b4    00000a4e                                   : _printfi.c.obj (.text:__TI_printfi)
                  00003c02    00000002                                   : div0.asm.obj (.text)
                  00003c04    000009b0     ethernet_dhcp.obj (.text)
                  000045b4    000007c0     gpio.obj (.text)
                  00004d74    00000460     rtsv7M4_T_le_v4SPD16_eabi.lib : strtod.c.obj (.text:strtod)
                  000051d4    00000338     timer.obj (.text)
                  0000550c    00000270     rtsv7M4_T_le_v4SPD16_eabi.lib : _printfi.c.obj (.text:_pconv_a)
                  0000577c    00000254     tcpClient.obj (.text)
                  000059d0    000001dc     rtsv7M4_T_le_v4SPD16_eabi.lib : strtoll.c.obj (.text:strtoll)
                  00005bac    000001d0                                   : _printfi.c.obj (.text:_pconv_g)
                  00005d7c    000001b6                                   : fd_add_t2.asm.obj (.text)
                  00005f32    00000002     --HOLE-- [fill = 0]
                  00005f34    00000160     spi0.obj (.text)
                  00006094    0000015c     rtsv7M4_T_le_v4SPD16_eabi.lib : strtoull.c.obj (.text:strtoull)
                  000061f0    0000013c                                   : _printfi.c.obj (.text:_pconv_e)
                  0000632c    00000136                                   : fd_div_t2.asm.obj (.text)
                  00006462    00000002     --HOLE-- [fill = 0]
                  00006464    00000130                                   : strtol.c.obj (.text:strtol)
                  00006594    00000124                                   : _printfi.c.obj (.text:fcvt)
                  000066b8    00000124     uart0.obj (.text)
                  000067dc    00000110     rtsv7M4_T_le_v4SPD16_eabi.lib : s_scalbn.c.obj (.text:scalbn)
                  000068ec    00000110                                   : strtoul.c.obj (.text:strtoul)
                  000069fc    000000fc                                   : fd_mul_t2.asm.obj (.text)
                  00006af8    000000b1                                   : _printfi.c.obj (.text:_ltostr)
                  00006ba9    00000001     --HOLE-- [fill = 0]
                  00006baa    0000009c                                   : memcpy_t2.asm.obj (.text)
                  00006c46    00000096                                   : ull_div_t2.asm.obj (.text)
                  00006cdc    00000086                                   : fd_cmp_t2.asm.obj (.text:__aeabi_cdcmple)
                  00006d62    00000086                                   : fd_cmp_t2.asm.obj (.text:__aeabi_cdrcmple)
                  00006de8    00000084     eeprom.obj (.text)
                  00006e6c    0000007a     rtsv7M4_T_le_v4SPD16_eabi.lib : memset_t2.asm.obj (.text)
                  00006ee6    0000006e                                   : _printfi.c.obj (.text:_mcpy)
                  00006f54    0000006e                                   : fd_tos_t2.asm.obj (.text)
                  00006fc2    00000002     --HOLE-- [fill = 0]
                  00006fc4    00000068                                   : sscanf.c.obj (.text:_chkmbc)
                  0000702c    00000068                                   : copy_decompress_lzss.c.obj (.text:decompress:lzss:__TI_decompress_lzss)
                  00007094    00000064                                   : s_frexp.c.obj (.text:frexp)
                  000070f8    00000056                                   : _printfi.c.obj (.text:_pconv_f)
                  0000714e    00000054                                   : _ltoa.c.obj (.text:__TI_ltoa)
                  000071a2    00000052                                   : _printfi.c.obj (.text:_ecpy)
                  000071f4    0000004c                                   : atoi.c.obj (.text:atoi)
                  00007240    00000048                                   : fd_toi_t2.asm.obj (.text)
                  00007288    00000044                                   : autoinit.c.obj (.text:__TI_auto_init_nobinit_nopinit:__TI_auto_init_nobinit_nopinit)
                  000072cc    00000044                                   : fd_tou_t2.asm.obj (.text)
                  00007310    00000040                                   : sprintf.c.obj (.text:sprintf)
                  00007350    00000040                                   : strtok.c.obj (.text:strtok)
                  00007390    0000003e                                   : _printfi.c.obj (.text:_fcpy)
                  000073ce    00000002     --HOLE-- [fill = 0]
                  000073d0    00000038                                   : sscanf.c.obj (.text:sscanf)
                  00007408    00000034                                   : boot_cortex_m.c.obj (.text:_c_int00_noargs:_c_int00_noargs)
                  0000743c    0000002e                                   : i_tofd_t2.asm.obj (.text)
                  0000746a    0000002a                                   : strspn.c.obj (.text:strspn)
                  00007494    00000024                                   : strcspn.c.obj (.text:strcspn)
                  000074b8    00000024     wait.obj (.text)
                  000074dc    00000020     rtsv7M4_T_le_v4SPD16_eabi.lib : u_tofd_t2.asm.obj (.text)
                  000074fc    0000001c                                   : copy_zero_init.c.obj (.text:decompress:ZI:__TI_zero_init_nomemset:__TI_zero_init_nomemset)
                  00007518    0000001c                                   : memccpy.c.obj (.text:memccpy)
                  00007534    0000001a                                   : s_copysign.c.obj (.text:copysign)
                  0000754e    00000018                                   : sprintf.c.obj (.text:_outs)
                  00007566    00000018                                   : ll_mul_t2.asm.obj (.text)
                  0000757e    00000018                                   : strcmp.c.obj (.text:strcmp)
                  00007596    00000018                                   : strrchr.c.obj (.text:strrchr)
                  000075ae    00000016                                   : strchr.c.obj (.text:strchr)
                  000075c4    00000014                                   : strcpy.c.obj (.text:strcpy)
                  000075d8    00000014                                   : strlen.c.obj (.text:strlen)
                  000075ec    00000012                                   : sscanf.c.obj (.text:_inpchar)
                  000075fe    00000012                                   : wcslen.c.obj (.text:wcslen)
                  00007610    00000010     clock.obj (.text)
                  00007620    00000010     rtsv7M4_T_le_v4SPD16_eabi.lib : tolower.c.obj (.text:tolower)
                  00007630    0000000e                                   : copy_decompress_none.c.obj (.text:decompress:none:__TI_decompress_none)
                  0000763e    0000000c     tm4c123gh6pm_startup_ccs.obj (.text)
                  0000764a    0000000a     rtsv7M4_T_le_v4SPD16_eabi.lib : sprintf.c.obj (.text:_outc)
                  00007654    00000008                                   : errno.c.obj (.text:__aeabi_errno_addr)
                  0000765c    00000008                                   : sscanf.c.obj (.text:_uninpchar)
                  00007664    00000004                                   : pre_init.c.obj (.text:_system_pre_init)
                  00007668    00000004                                   : exit.c.obj (.text:abort:abort)

.const     0    00007670    000001e0     
                  00007670    00000101     rtsv7M4_T_le_v4SPD16_eabi.lib : ctype.c.obj (.const:.string:_ctypes_)
                  00007771    00000004     ethernet_dhcp.obj (.const:.string:$P$T0$1)
                  00007775    00000003     --HOLE-- [fill = 0]
                  00007778    000000c8     rtsv7M4_T_le_v4SPD16_eabi.lib : strtod.c.obj (.const:$O1$$)
                  00007840    00000010                                   : _scanfi.c.obj (.const:$O1$$)

.cinit     0    00007850    00000050     
                  00007850    00000025     (.cinit..data.load) [load image, compression = lzss]
                  00007875    00000003     --HOLE-- [fill = 0]
                  00007878    0000000c     (__TI_handler_table)
                  00007884    00000004     --HOLE-- [fill = 0]
                  00007888    00000008     (.cinit..bss.load) [load image, compression = zero_init]
                  00007890    00000010     (__TI_cinit_table)

.init_array 
*          0    00000000    00000000     UNINITIALIZED

.bss       0    20002000    00000104     UNINITIALIZED
                  20002000    00000054     (.common:strInput)
                  20002054    00000028     (.common:fn)
                  2000207c    00000028     (.common:period)
                  200020a4    00000028     (.common:ticks)
                  200020cc    0000000c     (.common:reload)
                  200020d8    00000004     (.common:domainNameServerAdd)
                  200020dc    00000004     (.common:gateWayAdd)
                  200020e0    00000004     (.common:globalXid)
                  200020e4    00000004     (.common:ipOfferedAdd)
                  200020e8    00000004     (.common:ipTimeServerAdd)
                  200020ec    00000004     (.common:leaseTime)
                  200020f0    00000004     (.common:serverIdentifierAdd)
                  200020f4    00000004     (.common:subnetMaskAdd)
                  200020f8    00000004     (.common:t1LeaseTime)
                  200020fc    00000004     (.common:t2LeaseTime)
                  20002100    00000004     (.common:token)

.data      0    20002104    00000044     UNINITIALIZED
                  20002104    00000006     dhcp.obj (.data)
                  2000210a    00000006     eth0.obj (.data:hwAddress)
                  20002110    00000006     tcpClient.obj (.data:routerMacAddress)
                  20002116    00000002     --HOLE--
                  20002118    00000005     ethernet_dhcp.obj (.data)
                  2000211d    00000004     tcpClient.obj (.data:adaFruitIp)
                  20002121    00000004     eth0.obj (.data)
                  20002125    00000004     eth0.obj (.data:ipAddress)
                  20002129    00000004     eth0.obj (.data:ipDnsAddress)
                  2000212d    00000004     eth0.obj (.data:ipGwAddress)
                  20002131    00000004     eth0.obj (.data:ipSubnetMask)
                  20002135    00000004     eth0.obj (.data:ipTimeServerAddress)
                  20002139    00000004     tcpClient.obj (.data:ipTo)
                  2000213d    00000003     --HOLE--
                  20002140    00000004     rtsv7M4_T_le_v4SPD16_eabi.lib : errno.c.obj (.data)
                  20002144    00000004                                   : strtok.c.obj (.data)

.stack     0    20000000    00002000     UNINITIALIZED
                  20000000    00000004     rtsv7M4_T_le_v4SPD16_eabi.lib : boot_cortex_m.c.obj (.stack)
                  20000004    00001ffc     --HOLE--

__llvm_prf_cnts 
*          0    20000000    00000000     UNINITIALIZED

MODULE SUMMARY

       Module                         code    ro data   rw data
       ------                         ----    -------   -------
    ./
       eth0.obj                       4908    0         30     
       dhcp.obj                       4396    0         46     
       ethernet_dhcp.obj              2480    4         93     
       gpio.obj                       1984    0         0      
       timer.obj                      824     0         132    
       tm4c123gh6pm_startup_ccs.obj   12      620       0      
       tcpClient.obj                  596     0         14     
       spi0.obj                       352     0         0      
       uart0.obj                      292     0         0      
       eeprom.obj                     132     0         0      
       wait.obj                       36      0         0      
       clock.obj                      16      0         0      
    +--+------------------------------+-------+---------+---------+
       Total:                         16028   624       315    
                                                               
    /Applications/ti/ccs1020/ccs/tools/compiler/ti-cgt-arm_20.2.2.LTS/lib/rtsv7M4_T_le_v4SPD16_eabi.lib
       _printfi.c.obj                 4851    0         0      
       _scanfi.c.obj                  2800    16        0      
       strtod.c.obj                   1120    200       0      
       strtoll.c.obj                  476     0         0      
       fd_add_t2.asm.obj              438     0         0      
       strtoull.c.obj                 348     0         0      
       fd_div_t2.asm.obj              310     0         0      
       strtol.c.obj                   304     0         0      
       s_scalbn.c.obj                 272     0         0      
       strtoul.c.obj                  272     0         0      
       fd_cmp_t2.asm.obj              268     0         0      
       ctype.c.obj                    0       257       0      
       fd_mul_t2.asm.obj              252     0         0      
       sscanf.c.obj                   186     0         0      
       memcpy_t2.asm.obj              156     0         0      
       ull_div_t2.asm.obj             150     0         0      
       memset_t2.asm.obj              122     0         0      
       fd_tos_t2.asm.obj              110     0         0      
       copy_decompress_lzss.c.obj     104     0         0      
       s_frexp.c.obj                  100     0         0      
       sprintf.c.obj                  98      0         0      
       _ltoa.c.obj                    84      0         0      
       atoi.c.obj                     76      0         0      
       fd_toi_t2.asm.obj              72      0         0      
       autoinit.c.obj                 68      0         0      
       fd_tou_t2.asm.obj              68      0         0      
       strtok.c.obj                   64      0         4      
       boot_cortex_m.c.obj            52      0         0      
       i_tofd_t2.asm.obj              46      0         0      
       strspn.c.obj                   42      0         0      
       strcspn.c.obj                  36      0         0      
       u_tofd_t2.asm.obj              32      0         0      
       copy_zero_init.c.obj           28      0         0      
       memccpy.c.obj                  28      0         0      
       s_copysign.c.obj               26      0         0      
       ll_mul_t2.asm.obj              24      0         0      
       strcmp.c.obj                   24      0         0      
       strrchr.c.obj                  24      0         0      
       strchr.c.obj                   22      0         0      
       strcpy.c.obj                   20      0         0      
       strlen.c.obj                   20      0         0      
       wcslen.c.obj                   18      0         0      
       tolower.c.obj                  16      0         0      
       copy_decompress_none.c.obj     14      0         0      
       errno.c.obj                    8       0         4      
       exit.c.obj                     4       0         0      
       pre_init.c.obj                 4       0         0      
       div0.asm.obj                   2       0         0      
    +--+------------------------------+-------+---------+---------+
       Total:                         13659   473       8      
                                                               
       Stack:                         0       0         8192   
       Linker Generated:              0       73        0      
    +--+------------------------------+-------+---------+---------+
       Grand Total:                   29687   1170      8515   


LINKER GENERATED COPY TABLES

__TI_cinit_table @ 00007890 records: 2, size/record: 8, table size: 16
	.data: load addr=00007850, load size=00000025 bytes, run addr=20002104, run size=00000044 bytes, compression=lzss
	.bss: load addr=00007888, load size=00000008 bytes, run addr=20002000, run size=00000104 bytes, compression=zero_init


LINKER GENERATED HANDLER TABLE

__TI_handler_table @ 00007878 records: 3, size/record: 4, table size: 12
	index: 0, handler: __TI_decompress_lzss
	index: 1, handler: __TI_decompress_none
	index: 2, handler: __TI_zero_init


GLOBAL SYMBOLS: SORTED ALPHABETICALLY BY Name 

address   name                          
-------   ----                          
00007669  C$$EXIT                       
0000763f  ResetISR                      
20002000  __STACK_END                   
00002000  __STACK_SIZE                  
20000200  __STACK_TOP                   
00007890  __TI_CINIT_Base               
000078a0  __TI_CINIT_Limit              
00007878  __TI_Handler_Table_Base       
00007884  __TI_Handler_Table_Limit      
00007289  __TI_auto_init_nobinit_nopinit
0000702d  __TI_decompress_lzss          
00007631  __TI_decompress_none          
0000714f  __TI_ltoa                     
ffffffff  __TI_pprof_out_hndl           
000031b5  __TI_printfi                  
ffffffff  __TI_prof_data_size           
ffffffff  __TI_prof_data_start          
000026c5  __TI_scanfi                   
00000000  __TI_static_base__            
000074fd  __TI_zero_init_nomemset       
00006cdd  __aeabi_cdcmpeq               
00006cdd  __aeabi_cdcmple               
00006d63  __aeabi_cdrcmple              
00006f55  __aeabi_d2f                   
00007241  __aeabi_d2iz                  
000072cd  __aeabi_d2uiz                 
00005d87  __aeabi_dadd                  
0000632d  __aeabi_ddiv                  
000069fd  __aeabi_dmul                  
00005d7d  __aeabi_dsub                  
00007655  __aeabi_errno_addr            
0000743d  __aeabi_i2d                   
00003c03  __aeabi_idiv0                 
00003c03  __aeabi_ldiv0                 
00007567  __aeabi_lmul                  
00006e6d  __aeabi_memclr                
00006e6d  __aeabi_memclr4               
00006e6d  __aeabi_memclr8               
00006bab  __aeabi_memcpy                
00006bab  __aeabi_memcpy4               
00006bab  __aeabi_memcpy8               
00006e6f  __aeabi_memset                
00006e6f  __aeabi_memset4               
00006e6f  __aeabi_memset8               
000074dd  __aeabi_ui2d                  
00006c47  __aeabi_uldivmod              
ffffffff  __binit__                     
ffffffff  __c_args__                    
UNDEFED   __mpu_init                    
20000000  __stack                       
20000000  __start___llvm_prf_cnts       
20000000  __stop___llvm_prf_cnts        
00007409  _c_int00_noargs               
00007670  _ctypes_                      
UNDEFED   _system_post_cinit            
00007665  _system_pre_init              
00007669  abort                         
2000211d  adaFruitIp                    
20002106  addressesFlag                 
00003fa1  asciiToUint8                  
000071f5  atoi                          
ffffffff  binit                         
00007535  copysign                      
00007535  copysignl                     
2000211c  count                         
0000260f  dhcpDisable                   
00002605  dhcpEnable                    
20002124  dhcpEnabled                   
0000265b  dhcpGetLeaseSeconds           
000015ad  dhcpGetState                  
00001fe1  dhcpHandleAck                 
00001de7  dhcpIsAck                     
00002619  dhcpIsEnabled                 
00001f05  dhcpIsNak                     
00001c9f  dhcpIsOffer                   
000025d1  dhcpProcessArpResponse        
000024e5  dhcpProcessDhcpResponse       
0000263b  dhcpRequestRebind             
00002651  dhcpRequestRelease            
0000262b  dhcpRequestRenew              
000015b9  dhcpSendMessage               
00002215  dhcpSendPendingMessages       
00001599  dhcpSetState                  
20002104  dhcpState                     
00004be5  disablePinInterrupt           
0000491d  disablePinPulldown            
000048d5  disablePinPullup              
00004671  disablePort                   
00003c45  displayConnectionInfo         
200020d8  domainNameServerAdd           
00004bc1  enablePinInterrupt            
000048f9  enablePinPulldown             
000048a7  enablePinPullup               
000045b5  enablePort                    
20002140  errno                         
000008dd  etherCalcIpChecksum           
0000032b  etherClearReg                 
00000283  etherCsOff                    
0000026d  etherCsOn                     
00001221  etherGetId                    
00001297  etherGetIpAddress             
000013f3  etherGetIpDnsAddress          
0000137f  etherGetIpGatewayAddress      
0000130b  etherGetIpSubnetMask          
00001467  etherGetIpTimeServerAddress   
0000152d  etherGetMacAddress            
00000661  etherGetPacket                
00000f25  etherGetUdpData               
0000122d  etherIncId                    
00000477  etherInit                     
00000ba1  etherIsArpRequest             
00000c3f  etherIsArpResponse            
00000617  etherIsDataAvailable          
000010f5  etherIsDhcpResponse           
00000971  etherIsIp                     
000009e1  etherIsIpUnicast              
00001237  etherIsIpValid                
000005fd  etherIsLinkUp                 
00000631  etherIsOverflow               
00000a45  etherIsPingRequest            
0000114f  etherIsTcp                    
00000e7d  etherIsUdp                    
00000751  etherPutPacket                
0000045f  etherReadMem                  
0000044d  etherReadMemStart             
0000046f  etherReadMemStop              
000003b3  etherReadPhy                  
000002c5  etherReadReg                  
00000d69  etherSendArpRequest           
00000c99  etherSendArpResponse          
00000a91  etherSendPingResponse         
00000f55  etherSendUdpResponse          
0000035f  etherSetBank                  
0000125d  etherSetIpAddress             
000013b9  etherSetIpDnsAddress          
00001345  etherSetIpGatewayAddress      
000012d1  etherSetIpSubnetMask          
0000142d  etherSetIpTimeServerAddress   
000014a1  etherSetMacAddress            
000002f7  etherSetReg                   
00000837  etherSumWords                 
00000431  etherWriteMem                 
0000041f  etherWriteMemStart            
00000445  etherWriteMemStop             
0000037b  etherWritePhy                 
00000291  etherWriteReg                 
20002054  fn                            
00007095  frexp                         
00007095  frexpl                        
00000000  g_pfnVectors                  
200020dc  gateWayAdd                    
0000577d  getDnsData                    
000008ab  getEtherChecksum              
00001bb9  getOption                     
00004c2f  getPinValue                   
00004ce5  getPortValue                  
0000678b  getcUart0                     
200020e0  globalXid                     
0000093d  htonl                         
00000919  htons                         
2000210a  hwAddress                     
00006de9  initEeprom                    
00003c05  initHw                        
00005f35  initSpi0                      
00007611  initSystemClockTo40Mhz        
000051d5  initTimer                     
000066b9  initUart0                     
20002125  ipAddress                     
20002129  ipDnsAddress                  
2000212d  ipGwAddress                   
200020e4  ipOfferedAdd                  
20002131  ipSubnetMask                  
000021e1  ipTestingHandler              
200020e8  ipTimeServerAdd               
20002135  ipTimeServerAddress           
20002139  ipTo                          
0000679f  kbhitUart0                    
000067dd  ldexp                         
000067dd  ldexpl                        
200020ec  leaseTime                     
00004455  main                          
00007519  memccpy                       
00006bab  memcpy                        
00006e75  memset                        
20002121  nextPacketLsb                 
20002122  nextPacketMsb                 
20002105  offerTimerFlag                
00002185  offerTimerHandler             
2000207c  period                        
00004079  processShell                  
00006743  putcUart0                     
0000675f  putsUart0                     
000054cf  random32                      
00003ef3  readConfiguration             
00006e31  readEeprom                    
0000606d  readSpi0Data                  
20002109  rebindTimerFlag               
000021d9  rebindTimerHandler            
200020cc  reload                        
20002108  renewTimerFlag                
000021d1  renewTimerHandler             
20002107  restartLeaseTimerFlag         
000053e7  restartTimer                  
20002110  routerMacAddress              
000067dd  scalbn                        
000067dd  scalbnl                       
000047db  selectPinAnalogInput          
0000478d  selectPinDigitalInput         
00004af7  selectPinInterruptBothEdges   
00004aa7  selectPinInterruptFallingEdge 
00004b4d  selectPinInterruptHighLevel   
00004b87  selectPinInterruptLowLevel    
00004a57  selectPinInterruptRisingEdge  
0000473f  selectPinOpenDrainOutput      
000046f1  selectPinPushPullOutput       
20002123  sequenceId                    
200020f0  serverIdentifierAdd           
00004945  setPinAuxFunction             
0000482b  setPinCommitControl           
00004c09  setPinValue                   
00004c61  setPortValue                  
00005fd1  setSpi0BaudRate               
00006007  setSpi0Mode                   
00006703  setUart0BaudRate              
00007311  sprintf                       
000073d1  sscanf                        
00005275  startOneshotTimer             
000052fb  startPeriodicTimer            
00005381  stopTimer                     
20002000  strInput                      
000075af  strchr                        
0000757f  strcmp                        
000075c5  strcpy                        
00007495  strcspn                       
000075d9  strlen                        
00007597  strrchr                       
0000746b  strspn                        
00004d75  strtod                        
00007351  strtok                        
00006465  strtol                        
00004d75  strtold                       
000059d1  strtoll                       
000068ed  strtoul                       
00006095  strtoull                      
200020f4  subnetMaskAdd                 
200020f8  t1LeaseTime                   
0000219b  t1TimerHandler                
200020fc  t2LeaseTime                   
000021b1  t2TimerHandler                
000021c7  t3TimerHandler                
000057e9  tcpClientSendMessage          
00005455  tickIsr                       
200020a4  ticks                         
20002100  token                         
00007621  tolower                       
000074b9  waitMicrosecond               
000075ff  wcslen                        
00006dff  writeEeprom                   
00006055  writeSpi0Data                 
20002118  x                             


GLOBAL SYMBOLS: SORTED BY Symbol Address 

address   name                          
-------   ----                          
00000000  __TI_static_base__            
00000000  g_pfnVectors                  
0000026d  etherCsOn                     
00000283  etherCsOff                    
00000291  etherWriteReg                 
000002c5  etherReadReg                  
000002f7  etherSetReg                   
0000032b  etherClearReg                 
0000035f  etherSetBank                  
0000037b  etherWritePhy                 
000003b3  etherReadPhy                  
0000041f  etherWriteMemStart            
00000431  etherWriteMem                 
00000445  etherWriteMemStop             
0000044d  etherReadMemStart             
0000045f  etherReadMem                  
0000046f  etherReadMemStop              
00000477  etherInit                     
000005fd  etherIsLinkUp                 
00000617  etherIsDataAvailable          
00000631  etherIsOverflow               
00000661  etherGetPacket                
00000751  etherPutPacket                
00000837  etherSumWords                 
000008ab  getEtherChecksum              
000008dd  etherCalcIpChecksum           
00000919  htons                         
0000093d  htonl                         
00000971  etherIsIp                     
000009e1  etherIsIpUnicast              
00000a45  etherIsPingRequest            
00000a91  etherSendPingResponse         
00000ba1  etherIsArpRequest             
00000c3f  etherIsArpResponse            
00000c99  etherSendArpResponse          
00000d69  etherSendArpRequest           
00000e7d  etherIsUdp                    
00000f25  etherGetUdpData               
00000f55  etherSendUdpResponse          
000010f5  etherIsDhcpResponse           
0000114f  etherIsTcp                    
00001221  etherGetId                    
0000122d  etherIncId                    
00001237  etherIsIpValid                
0000125d  etherSetIpAddress             
00001297  etherGetIpAddress             
000012d1  etherSetIpSubnetMask          
0000130b  etherGetIpSubnetMask          
00001345  etherSetIpGatewayAddress      
0000137f  etherGetIpGatewayAddress      
000013b9  etherSetIpDnsAddress          
000013f3  etherGetIpDnsAddress          
0000142d  etherSetIpTimeServerAddress   
00001467  etherGetIpTimeServerAddress   
000014a1  etherSetMacAddress            
0000152d  etherGetMacAddress            
00001599  dhcpSetState                  
000015ad  dhcpGetState                  
000015b9  dhcpSendMessage               
00001bb9  getOption                     
00001c9f  dhcpIsOffer                   
00001de7  dhcpIsAck                     
00001f05  dhcpIsNak                     
00001fe1  dhcpHandleAck                 
00002000  __STACK_SIZE                  
00002185  offerTimerHandler             
0000219b  t1TimerHandler                
000021b1  t2TimerHandler                
000021c7  t3TimerHandler                
000021d1  renewTimerHandler             
000021d9  rebindTimerHandler            
000021e1  ipTestingHandler              
00002215  dhcpSendPendingMessages       
000024e5  dhcpProcessDhcpResponse       
000025d1  dhcpProcessArpResponse        
00002605  dhcpEnable                    
0000260f  dhcpDisable                   
00002619  dhcpIsEnabled                 
0000262b  dhcpRequestRenew              
0000263b  dhcpRequestRebind             
00002651  dhcpRequestRelease            
0000265b  dhcpGetLeaseSeconds           
000026c5  __TI_scanfi                   
000031b5  __TI_printfi                  
00003c03  __aeabi_idiv0                 
00003c03  __aeabi_ldiv0                 
00003c05  initHw                        
00003c45  displayConnectionInfo         
00003ef3  readConfiguration             
00003fa1  asciiToUint8                  
00004079  processShell                  
00004455  main                          
000045b5  enablePort                    
00004671  disablePort                   
000046f1  selectPinPushPullOutput       
0000473f  selectPinOpenDrainOutput      
0000478d  selectPinDigitalInput         
000047db  selectPinAnalogInput          
0000482b  setPinCommitControl           
000048a7  enablePinPullup               
000048d5  disablePinPullup              
000048f9  enablePinPulldown             
0000491d  disablePinPulldown            
00004945  setPinAuxFunction             
00004a57  selectPinInterruptRisingEdge  
00004aa7  selectPinInterruptFallingEdge 
00004af7  selectPinInterruptBothEdges   
00004b4d  selectPinInterruptHighLevel   
00004b87  selectPinInterruptLowLevel    
00004bc1  enablePinInterrupt            
00004be5  disablePinInterrupt           
00004c09  setPinValue                   
00004c2f  getPinValue                   
00004c61  setPortValue                  
00004ce5  getPortValue                  
00004d75  strtod                        
00004d75  strtold                       
000051d5  initTimer                     
00005275  startOneshotTimer             
000052fb  startPeriodicTimer            
00005381  stopTimer                     
000053e7  restartTimer                  
00005455  tickIsr                       
000054cf  random32                      
0000577d  getDnsData                    
000057e9  tcpClientSendMessage          
000059d1  strtoll                       
00005d7d  __aeabi_dsub                  
00005d87  __aeabi_dadd                  
00005f35  initSpi0                      
00005fd1  setSpi0BaudRate               
00006007  setSpi0Mode                   
00006055  writeSpi0Data                 
0000606d  readSpi0Data                  
00006095  strtoull                      
0000632d  __aeabi_ddiv                  
00006465  strtol                        
000066b9  initUart0                     
00006703  setUart0BaudRate              
00006743  putcUart0                     
0000675f  putsUart0                     
0000678b  getcUart0                     
0000679f  kbhitUart0                    
000067dd  ldexp                         
000067dd  ldexpl                        
000067dd  scalbn                        
000067dd  scalbnl                       
000068ed  strtoul                       
000069fd  __aeabi_dmul                  
00006bab  __aeabi_memcpy                
00006bab  __aeabi_memcpy4               
00006bab  __aeabi_memcpy8               
00006bab  memcpy                        
00006c47  __aeabi_uldivmod              
00006cdd  __aeabi_cdcmpeq               
00006cdd  __aeabi_cdcmple               
00006d63  __aeabi_cdrcmple              
00006de9  initEeprom                    
00006dff  writeEeprom                   
00006e31  readEeprom                    
00006e6d  __aeabi_memclr                
00006e6d  __aeabi_memclr4               
00006e6d  __aeabi_memclr8               
00006e6f  __aeabi_memset                
00006e6f  __aeabi_memset4               
00006e6f  __aeabi_memset8               
00006e75  memset                        
00006f55  __aeabi_d2f                   
0000702d  __TI_decompress_lzss          
00007095  frexp                         
00007095  frexpl                        
0000714f  __TI_ltoa                     
000071f5  atoi                          
00007241  __aeabi_d2iz                  
00007289  __TI_auto_init_nobinit_nopinit
000072cd  __aeabi_d2uiz                 
00007311  sprintf                       
00007351  strtok                        
000073d1  sscanf                        
00007409  _c_int00_noargs               
0000743d  __aeabi_i2d                   
0000746b  strspn                        
00007495  strcspn                       
000074b9  waitMicrosecond               
000074dd  __aeabi_ui2d                  
000074fd  __TI_zero_init_nomemset       
00007519  memccpy                       
00007535  copysign                      
00007535  copysignl                     
00007567  __aeabi_lmul                  
0000757f  strcmp                        
00007597  strrchr                       
000075af  strchr                        
000075c5  strcpy                        
000075d9  strlen                        
000075ff  wcslen                        
00007611  initSystemClockTo40Mhz        
00007621  tolower                       
00007631  __TI_decompress_none          
0000763f  ResetISR                      
00007655  __aeabi_errno_addr            
00007665  _system_pre_init              
00007669  C$$EXIT                       
00007669  abort                         
00007670  _ctypes_                      
00007878  __TI_Handler_Table_Base       
00007884  __TI_Handler_Table_Limit      
00007890  __TI_CINIT_Base               
000078a0  __TI_CINIT_Limit              
20000000  __stack                       
20000000  __start___llvm_prf_cnts       
20000000  __stop___llvm_prf_cnts        
20000200  __STACK_TOP                   
20002000  __STACK_END                   
20002000  strInput                      
20002054  fn                            
2000207c  period                        
200020a4  ticks                         
200020cc  reload                        
200020d8  domainNameServerAdd           
200020dc  gateWayAdd                    
200020e0  globalXid                     
200020e4  ipOfferedAdd                  
200020e8  ipTimeServerAdd               
200020ec  leaseTime                     
200020f0  serverIdentifierAdd           
200020f4  subnetMaskAdd                 
200020f8  t1LeaseTime                   
200020fc  t2LeaseTime                   
20002100  token                         
20002104  dhcpState                     
20002105  offerTimerFlag                
20002106  addressesFlag                 
20002107  restartLeaseTimerFlag         
20002108  renewTimerFlag                
20002109  rebindTimerFlag               
2000210a  hwAddress                     
20002110  routerMacAddress              
20002118  x                             
2000211c  count                         
2000211d  adaFruitIp                    
20002121  nextPacketLsb                 
20002122  nextPacketMsb                 
20002123  sequenceId                    
20002124  dhcpEnabled                   
20002125  ipAddress                     
20002129  ipDnsAddress                  
2000212d  ipGwAddress                   
20002131  ipSubnetMask                  
20002135  ipTimeServerAddress           
20002139  ipTo                          
20002140  errno                         
ffffffff  __TI_pprof_out_hndl           
ffffffff  __TI_prof_data_size           
ffffffff  __TI_prof_data_start          
ffffffff  __binit__                     
ffffffff  __c_args__                    
ffffffff  binit                         
UNDEFED   __mpu_init                    
UNDEFED   _system_post_cinit            

[260 symbols]
